../Core/Src/lsm6dso.c:108:9:LSM6DSO_RegisterBusIO	24	static
../Core/Src/lsm6dso.c:167:9:LSM6DSO_Init	16	static
../Core/Src/lsm6dso.c:234:9:LSM6DSO_DeInit	16	static
../Core/Src/lsm6dso.c:262:9:LSM6DSO_ReadID	16	static
../Core/Src/lsm6dso.c:278:9:LSM6DSO_GetCapabilities	16	static
../Core/Src/lsm6dso.c:301:9:LSM6DSO_ACC_Enable	16	static
../Core/Src/lsm6dso.c:325:9:LSM6DSO_ACC_Disable	16	static
../Core/Src/lsm6dso.c:356:9:LSM6DSO_ACC_GetSensitivity	24	static
../Core/Src/lsm6dso.c:400:9:LSM6DSO_ACC_GetOutputDataRate	24	static
../Core/Src/lsm6dso.c:475:9:LSM6DSO_ACC_SetOutputDataRate	16	static
../Core/Src/lsm6dso.c:488:9:LSM6DSO_ACC_SetOutputDataRate_With_Mode	56	static
../Core/Src/lsm6dso.c:685:9:LSM6DSO_ACC_GetFullScale	24	static
../Core/Src/lsm6dso.c:728:9:LSM6DSO_ACC_SetFullScale	24	static
../Core/Src/lsm6dso.c:753:9:LSM6DSO_ACC_GetAxesRaw	24	static
../Core/Src/lsm6dso.c:777:9:LSM6DSO_ACC_GetAxes	32	static
../Core/Src/lsm6dso.c:807:9:LSM6DSO_GYRO_Enable	16	static
../Core/Src/lsm6dso.c:831:9:LSM6DSO_GYRO_Disable	16	static
../Core/Src/lsm6dso.c:862:9:LSM6DSO_GYRO_GetSensitivity	24	static
../Core/Src/lsm6dso.c:910:9:LSM6DSO_GYRO_GetOutputDataRate	24	static
../Core/Src/lsm6dso.c:981:9:LSM6DSO_GYRO_SetOutputDataRate	16	static
../Core/Src/lsm6dso.c:993:9:LSM6DSO_GYRO_SetOutputDataRate_With_Mode	40	static
../Core/Src/lsm6dso.c:1075:9:LSM6DSO_GYRO_GetFullScale	24	static
../Core/Src/lsm6dso.c:1122:9:LSM6DSO_GYRO_SetFullScale	24	static
../Core/Src/lsm6dso.c:1146:9:LSM6DSO_GYRO_GetAxesRaw	24	static
../Core/Src/lsm6dso.c:1170:9:LSM6DSO_GYRO_GetAxes	32	static
../Core/Src/lsm6dso.c:1202:9:LSM6DSO_Read_Reg	24	static
../Core/Src/lsm6dso.c:1219:9:LSM6DSO_Write_Reg	16	static
../Core/Src/lsm6dso.c:1235:9:LSM6DSO_Set_Interrupt_Latch	24	static
../Core/Src/lsm6dso.c:1283:9:LSM6DSO_ACC_Enable_Free_Fall_Detection	40	static
../Core/Src/lsm6dso.c:1369:9:LSM6DSO_ACC_Disable_Free_Fall_Detection	32	static
../Core/Src/lsm6dso.c:1420:9:LSM6DSO_ACC_Set_Free_Fall_Threshold	24	static
../Core/Src/lsm6dso.c:1475:9:LSM6DSO_ACC_Set_Free_Fall_Duration	16	static
../Core/Src/lsm6dso.c:1490:9:LSM6DSO_ACC_Enable_Pedometer	32	static
../Core/Src/lsm6dso.c:1557:9:LSM6DSO_ACC_Disable_Pedometer	32	static
../Core/Src/lsm6dso.c:1598:9:LSM6DSO_ACC_Get_Step_Count	16	static
../Core/Src/lsm6dso.c:1613:9:LSM6DSO_ACC_Step_Counter_Reset	16	static
../Core/Src/lsm6dso.c:1629:9:LSM6DSO_ACC_Enable_Tilt_Detection	40	static
../Core/Src/lsm6dso.c:1716:9:LSM6DSO_ACC_Disable_Tilt_Detection	40	static
../Core/Src/lsm6dso.c:1770:9:LSM6DSO_ACC_Enable_Wake_Up_Detection	40	static
../Core/Src/lsm6dso.c:1844:9:LSM6DSO_ACC_Disable_Wake_Up_Detection	32	static
../Core/Src/lsm6dso.c:1895:9:LSM6DSO_ACC_Set_Wake_Up_Threshold	16	static
../Core/Src/lsm6dso.c:1912:9:LSM6DSO_ACC_Set_Wake_Up_Duration	16	static
../Core/Src/lsm6dso.c:1929:9:LSM6DSO_ACC_Enable_Single_Tap_Detection	40	static
../Core/Src/lsm6dso.c:2031:9:LSM6DSO_ACC_Disable_Single_Tap_Detection	32	static
../Core/Src/lsm6dso.c:2106:9:LSM6DSO_ACC_Enable_Double_Tap_Detection	40	static
../Core/Src/lsm6dso.c:2216:9:LSM6DSO_ACC_Disable_Double_Tap_Detection	32	static
../Core/Src/lsm6dso.c:2303:9:LSM6DSO_ACC_Set_Tap_Threshold	16	static
../Core/Src/lsm6dso.c:2320:9:LSM6DSO_ACC_Set_Tap_Shock_Time	16	static
../Core/Src/lsm6dso.c:2337:9:LSM6DSO_ACC_Set_Tap_Quiet_Time	16	static
../Core/Src/lsm6dso.c:2354:9:LSM6DSO_ACC_Set_Tap_Duration_Time	16	static
../Core/Src/lsm6dso.c:2371:9:LSM6DSO_ACC_Enable_6D_Orientation	40	static
../Core/Src/lsm6dso.c:2439:9:LSM6DSO_ACC_Disable_6D_Orientation	32	static
../Core/Src/lsm6dso.c:2484:9:LSM6DSO_ACC_Set_6D_Orientation_Threshold	24	static
../Core/Src/lsm6dso.c:2527:9:LSM6DSO_ACC_Get_6D_Orientation_XL	24	static
../Core/Src/lsm6dso.c:2547:9:LSM6DSO_ACC_Get_6D_Orientation_XH	24	static
../Core/Src/lsm6dso.c:2567:9:LSM6DSO_ACC_Get_6D_Orientation_YL	24	static
../Core/Src/lsm6dso.c:2587:9:LSM6DSO_ACC_Get_6D_Orientation_YH	24	static
../Core/Src/lsm6dso.c:2607:9:LSM6DSO_ACC_Get_6D_Orientation_ZL	24	static
../Core/Src/lsm6dso.c:2627:9:LSM6DSO_ACC_Get_6D_Orientation_ZH	24	static
../Core/Src/lsm6dso.c:2647:9:LSM6DSO_ACC_Get_DRDY_Status	16	static
../Core/Src/lsm6dso.c:2663:9:LSM6DSO_ACC_Get_Event_Status	48	static
../Core/Src/lsm6dso.c:2797:9:LSM6DSO_ACC_Set_SelfTest	24	static
../Core/Src/lsm6dso.c:2820:9:LSM6DSO_GYRO_Get_DRDY_Status	16	static
../Core/Src/lsm6dso.c:2836:9:LSM6DSO_GYRO_Set_SelfTest	24	static
../Core/Src/lsm6dso.c:2860:9:LSM6DSO_FIFO_Get_Num_Samples	16	static
../Core/Src/lsm6dso.c:2876:9:LSM6DSO_FIFO_Get_Full_Status	24	static
../Core/Src/lsm6dso.c:2896:9:LSM6DSO_FIFO_Set_INT1_FIFO_Full	24	static
../Core/Src/lsm6dso.c:2921:9:LSM6DSO_FIFO_Set_Watermark_Level	16	static
../Core/Src/lsm6dso.c:2937:9:LSM6DSO_FIFO_Set_Stop_On_Fth	16	static
../Core/Src/lsm6dso.c:2953:9:LSM6DSO_FIFO_Set_Mode	24	static
../Core/Src/lsm6dso.c:3002:9:LSM6DSO_FIFO_Get_Tag	24	static
../Core/Src/lsm6dso.c:3022:9:LSM6DSO_FIFO_Get_Data	16	static
../Core/Src/lsm6dso.c:3038:9:LSM6DSO_FIFO_ACC_Get_Axes	40	static
../Core/Src/lsm6dso.c:3071:9:LSM6DSO_FIFO_ACC_Set_BDR	24	static
../Core/Src/lsm6dso.c:3101:9:LSM6DSO_FIFO_GYRO_Get_Axes	40	static
../Core/Src/lsm6dso.c:3134:9:LSM6DSO_FIFO_GYRO_Set_BDR	24	static
../Core/Src/lsm6dso.c:3163:9:LSM6DSO_ACC_Enable_DRDY_On_INT1	24	static
../Core/Src/lsm6dso.c:3187:9:LSM6DSO_ACC_Disable_DRDY_On_INT1	24	static
../Core/Src/lsm6dso.c:3211:9:LSM6DSO_ACC_Set_Power_Mode	24	static
../Core/Src/lsm6dso.c:3252:9:LSM6DSO_ACC_Set_Filter_Mode	24	static
../Core/Src/lsm6dso.c:3370:9:LSM6DSO_ACC_Enable_Inactivity_Detection	40	static
../Core/Src/lsm6dso.c:3482:9:LSM6DSO_ACC_Disable_Inactivity_Detection	32	static
../Core/Src/lsm6dso.c:3532:9:LSM6DSO_ACC_Set_Sleep_Duration	16	static
../Core/Src/lsm6dso.c:3548:9:LSM6DSO_GYRO_Enable_DRDY_On_INT2	24	static
../Core/Src/lsm6dso.c:3573:9:LSM6DSO_GYRO_Set_Power_Mode	24	static
../Core/Src/lsm6dso.c:3611:9:LSM6DSO_GYRO_Set_Filter_Mode	24	static
../Core/Src/lsm6dso.c:3712:9:LSM6DSO_DRDY_Set_Mode	24	static
../Core/Src/lsm6dso.c:3758:16:LSM6DSO_ACC_SetOutputDataRate_When_Enabled	24	static
../Core/Src/lsm6dso.c:3789:16:LSM6DSO_ACC_SetOutputDataRate_When_Disabled	16	static
../Core/Src/lsm6dso.c:3812:16:LSM6DSO_GYRO_SetOutputDataRate_When_Enabled	24	static
../Core/Src/lsm6dso.c:3842:16:LSM6DSO_GYRO_SetOutputDataRate_When_Disabled	16	static
../Core/Src/lsm6dso.c:3864:13:LSM6DSO_Delay	24	static
../Core/Src/lsm6dso.c:3881:16:ReadRegWrap	40	static
../Core/Src/lsm6dso.c:3898:16:WriteRegWrap	40	static
../Core/Src/lsm6dso.c:3916:10:BSP_I2C1_ReadReg	40	static
../Core/Src/lsm6dso.c:3934:9:BSP_I2C1_WriteReg	40	static
../Core/Src/lsm6dso.c:3946:6:INIT_IMU	8	static
../Core/Src/lsm6dso.c:3965:16:Get_AXIS_GYRO__IMU	40	static
../Core/Src/lsm6dso.c:3971:16:Get_AXIS_ACC__IMU	40	static
