../Core/Src/lsm9ds1.c:8:6:init	72	static
../Core/Src/lsm9ds1.c:101:10:begin	24	static
../Core/Src/lsm9ds1.c:148:6:initGyro	16	static
../Core/Src/lsm9ds1.c:220:6:initAccel	16	static
../Core/Src/lsm9ds1.c:291:6:calibrate	16	static
../Core/Src/lsm9ds1.c:296:6:calibrateMag	16	static
../Core/Src/lsm9ds1.c:300:6:magOffset	24	static
../Core/Src/lsm9ds1.c:311:6:initMag	16	static
../Core/Src/lsm9ds1.c:380:9:accelAvailable	16	static
../Core/Src/lsm9ds1.c:387:9:gyroAvailable	16	static
../Core/Src/lsm9ds1.c:394:9:tempAvailable	16	static
../Core/Src/lsm9ds1.c:401:9:magAvailable	24	static
../Core/Src/lsm9ds1.c:409:6:readAccel	40	static
../Core/Src/lsm9ds1.c:428:6:readMag	40	static
../Core/Src/lsm9ds1.c:445:7:readTemp	16	static
../Core/Src/lsm9ds1.c:457:6:readGyro	40	static
../Core/Src/lsm9ds1.c:474:7:calcGyro	16	static
../Core/Src/lsm9ds1.c:479:7:calcAccel	16	static
../Core/Src/lsm9ds1.c:484:7:calcMag	16	static
../Core/Src/lsm9ds1.c:489:6:setGyroScale	24	static
../Core/Src/lsm9ds1.c:514:6:setAccelScale	24	static
../Core/Src/lsm9ds1.c:545:6:setMagScale	24	static
../Core/Src/lsm9ds1.c:581:6:setGyroODR	24	static
../Core/Src/lsm9ds1.c:598:6:setAccelODR	24	static
../Core/Src/lsm9ds1.c:615:6:setMagODR	24	static
../Core/Src/lsm9ds1.c:628:6:calcgRes	4	static
../Core/Src/lsm9ds1.c:646:6:calcaRes	4	static
../Core/Src/lsm9ds1.c:667:6:calcmRes	4	static
../Core/Src/lsm9ds1.c:687:6:configInactivity	24	static
../Core/Src/lsm9ds1.c:698:9:getInactivity	16	static
../Core/Src/lsm9ds1.c:705:6:configAccelInt	24	static
../Core/Src/lsm9ds1.c:714:6:configAccelThs	32	static
../Core/Src/lsm9ds1.c:727:9:getAccelIntSrc	16	static
../Core/Src/lsm9ds1.c:740:6:configGyroInt	24	static
../Core/Src/lsm9ds1.c:750:6:configGyroThs	32	static
../Core/Src/lsm9ds1.c:767:9:getGyroIntSrc	16	static
../Core/Src/lsm9ds1.c:780:6:configMagInt	24	static
../Core/Src/lsm9ds1.c:794:6:configMagThs	16	static
../Core/Src/lsm9ds1.c:802:9:getMagIntSrc	16	static
../Core/Src/lsm9ds1.c:815:6:sleepGyro	24	static
../Core/Src/lsm9ds1.c:823:6:enableFIFO	24	static
../Core/Src/lsm9ds1.c:831:6:setFIFO	24	static
../Core/Src/lsm9ds1.c:839:9:getFIFOSamples	8	static
../Core/Src/lsm9ds1.c:844:6:constrainScales	4	static
../Core/Src/lsm9ds1.c:865:6:xgWriteByte	16	static
../Core/Src/lsm9ds1.c:875:6:mWriteByte	16	static
../Core/Src/lsm9ds1.c:885:9:xgReadByte	16	static
../Core/Src/lsm9ds1.c:896:9:xgReadBytes	16	static
../Core/Src/lsm9ds1.c:907:9:mReadByte	16	static
../Core/Src/lsm9ds1.c:918:9:mReadBytes	16	static
../Core/Src/lsm9ds1.c:929:6:initSPI	4	static
../Core/Src/lsm9ds1.c:934:6:SPIwriteByte	16	static
../Core/Src/lsm9ds1.c:939:9:SPIreadByte	16	static
../Core/Src/lsm9ds1.c:944:9:SPIreadBytes	16	static
../Core/Src/lsm9ds1.c:950:6:I2CwriteByte	32	static
../Core/Src/lsm9ds1.c:956:9:I2CreadByte	32	static
../Core/Src/lsm9ds1.c:965:9:I2CreadBytes	32	static
