../Core/Src/main.c:112:5:main	80	static
../Core/Src/main.c:177:6:SystemClock_Config	96	static
../Core/Src/main.c:228:13:MX_CRC_Init	8	static
../Core/Src/main.c:259:13:MX_I2C1_Init	8	static
../Core/Src/main.c:307:13:MX_RTC_Init	32	static
../Core/Src/main.c:371:13:MX_SPI2_Init	8	static
../Core/Src/main.c:411:13:MX_TIM2_Init	40	static
../Core/Src/main.c:456:13:MX_TIM3_Init	40	static
../Core/Src/main.c:501:13:MX_USART2_UART_Init	8	static
../Core/Src/main.c:536:13:MX_GPIO_Init	48	static
../Core/Src/main.c:592:6:Error_Handler	4	static,ignoring_inline_asm
