../Core/Src/main.c:101:5:main	72	static
../Core/Src/main.c:163:6:SystemClock_Config	96	static
../Core/Src/main.c:214:13:MX_CRC_Init	8	static
../Core/Src/main.c:245:13:MX_I2C1_Init	8	static
../Core/Src/main.c:293:13:MX_RTC_Init	32	static
../Core/Src/main.c:357:13:MX_SPI2_Init	8	static
../Core/Src/main.c:397:13:MX_TIM2_Init	40	static
../Core/Src/main.c:442:13:MX_TIM3_Init	40	static
../Core/Src/main.c:487:13:MX_USART2_UART_Init	8	static
../Core/Src/main.c:522:13:MX_GPIO_Init	48	static
../Core/Src/main.c:578:6:Error_Handler	4	static,ignoring_inline_asm
