../Core/Src/motion_di_manager.c:64:6:MotionDI_manager_init	16	static
../Core/Src/motion_di_manager.c:90:6:MotionDI_get_acc_calibration_mode	16	static
../Core/Src/motion_di_manager.c:101:6:MotionDI_set_acc_calibration_mode	16	static
../Core/Src/motion_di_manager.c:113:6:MotionDI_get_acc_calibration	16	static
../Core/Src/motion_di_manager.c:122:6:MotionDI_reset_acc_calibration	8	static
../Core/Src/motion_di_manager.c:132:6:MotionDI_get_gyro_calibration_mode	16	static
../Core/Src/motion_di_manager.c:143:6:MotionDI_set_gyro_calibration_mode	16	static
../Core/Src/motion_di_manager.c:155:6:MotionDI_get_gyro_calibration	16	static
../Core/Src/motion_di_manager.c:164:6:MotionDI_reset_gyro_calibration	8	static
../Core/Src/motion_di_manager.c:175:6:MotionDI_manager_run	16	static
../Core/Src/motion_di_manager.c:197:6:MotionDI_manager_get_version	16	static
../Core/Src/motion_di_manager.c:210:13:float_array_set	32	static
../Core/Src/motion_di_manager.c:227:6:BSP_SENSOR_ACC_GetOrientation	16	static
../Core/Src/motion_di_manager.c:239:6:BSP_SENSOR_GYR_GetOrientation	16	static
