Archive member included to satisfy reference by file (symbol)

c:/st/stm32cubeide_1.9.0/stm32cubeide/plugins/com.st.stm32cube.ide.mcu.externaltools.gnu-tools-for-stm32.10.3-2021.10.win32_1.0.0.202111181127/tools/bin/../lib/gcc/arm-none-eabi/10.3.1/../../../../arm-none-eabi/lib/thumb/v7e-m+fp/hard\libc_nano.a(lib_a-errno.o)
                              ./Core/Src/syscalls.o (__errno)
c:/st/stm32cubeide_1.9.0/stm32cubeide/plugins/com.st.stm32cube.ide.mcu.externaltools.gnu-tools-for-stm32.10.3-2021.10.win32_1.0.0.202111181127/tools/bin/../lib/gcc/arm-none-eabi/10.3.1/../../../../arm-none-eabi/lib/thumb/v7e-m+fp/hard\libc_nano.a(lib_a-exit.o)
                              c:/st/stm32cubeide_1.9.0/stm32cubeide/plugins/com.st.stm32cube.ide.mcu.externaltools.gnu-tools-for-stm32.10.3-2021.10.win32_1.0.0.202111181127/tools/bin/../lib/gcc/arm-none-eabi/10.3.1/../../../../arm-none-eabi/lib/thumb/v7e-m+fp/hard/crt0.o (exit)
c:/st/stm32cubeide_1.9.0/stm32cubeide/plugins/com.st.stm32cube.ide.mcu.externaltools.gnu-tools-for-stm32.10.3-2021.10.win32_1.0.0.202111181127/tools/bin/../lib/gcc/arm-none-eabi/10.3.1/../../../../arm-none-eabi/lib/thumb/v7e-m+fp/hard\libc_nano.a(lib_a-impure.o)
                              c:/st/stm32cubeide_1.9.0/stm32cubeide/plugins/com.st.stm32cube.ide.mcu.externaltools.gnu-tools-for-stm32.10.3-2021.10.win32_1.0.0.202111181127/tools/bin/../lib/gcc/arm-none-eabi/10.3.1/../../../../arm-none-eabi/lib/thumb/v7e-m+fp/hard\libc_nano.a(lib_a-exit.o) (_global_impure_ptr)
c:/st/stm32cubeide_1.9.0/stm32cubeide/plugins/com.st.stm32cube.ide.mcu.externaltools.gnu-tools-for-stm32.10.3-2021.10.win32_1.0.0.202111181127/tools/bin/../lib/gcc/arm-none-eabi/10.3.1/../../../../arm-none-eabi/lib/thumb/v7e-m+fp/hard\libc_nano.a(lib_a-init.o)
                              c:/st/stm32cubeide_1.9.0/stm32cubeide/plugins/com.st.stm32cube.ide.mcu.externaltools.gnu-tools-for-stm32.10.3-2021.10.win32_1.0.0.202111181127/tools/bin/../lib/gcc/arm-none-eabi/10.3.1/../../../../arm-none-eabi/lib/thumb/v7e-m+fp/hard/crt0.o (__libc_init_array)
c:/st/stm32cubeide_1.9.0/stm32cubeide/plugins/com.st.stm32cube.ide.mcu.externaltools.gnu-tools-for-stm32.10.3-2021.10.win32_1.0.0.202111181127/tools/bin/../lib/gcc/arm-none-eabi/10.3.1/../../../../arm-none-eabi/lib/thumb/v7e-m+fp/hard\libc_nano.a(lib_a-memset.o)
                              c:/st/stm32cubeide_1.9.0/stm32cubeide/plugins/com.st.stm32cube.ide.mcu.externaltools.gnu-tools-for-stm32.10.3-2021.10.win32_1.0.0.202111181127/tools/bin/../lib/gcc/arm-none-eabi/10.3.1/../../../../arm-none-eabi/lib/thumb/v7e-m+fp/hard/crt0.o (memset)
c:/st/stm32cubeide_1.9.0/stm32cubeide/plugins/com.st.stm32cube.ide.mcu.externaltools.gnu-tools-for-stm32.10.3-2021.10.win32_1.0.0.202111181127/tools/bin/../lib/gcc/arm-none-eabi/10.3.1/thumb/v7e-m+fp/hard\libgcc.a(_aeabi_uldivmod.o)
                              ./Drivers/STM32L4xx_HAL_Driver/Src/stm32l4xx_hal_uart.o (__aeabi_uldivmod)
c:/st/stm32cubeide_1.9.0/stm32cubeide/plugins/com.st.stm32cube.ide.mcu.externaltools.gnu-tools-for-stm32.10.3-2021.10.win32_1.0.0.202111181127/tools/bin/../lib/gcc/arm-none-eabi/10.3.1/thumb/v7e-m+fp/hard\libgcc.a(_udivmoddi4.o)
                              c:/st/stm32cubeide_1.9.0/stm32cubeide/plugins/com.st.stm32cube.ide.mcu.externaltools.gnu-tools-for-stm32.10.3-2021.10.win32_1.0.0.202111181127/tools/bin/../lib/gcc/arm-none-eabi/10.3.1/thumb/v7e-m+fp/hard\libgcc.a(_aeabi_uldivmod.o) (__udivmoddi4)
c:/st/stm32cubeide_1.9.0/stm32cubeide/plugins/com.st.stm32cube.ide.mcu.externaltools.gnu-tools-for-stm32.10.3-2021.10.win32_1.0.0.202111181127/tools/bin/../lib/gcc/arm-none-eabi/10.3.1/thumb/v7e-m+fp/hard\libgcc.a(_dvmd_tls.o)
                              c:/st/stm32cubeide_1.9.0/stm32cubeide/plugins/com.st.stm32cube.ide.mcu.externaltools.gnu-tools-for-stm32.10.3-2021.10.win32_1.0.0.202111181127/tools/bin/../lib/gcc/arm-none-eabi/10.3.1/thumb/v7e-m+fp/hard\libgcc.a(_aeabi_uldivmod.o) (__aeabi_ldiv0)

Discarded input sections

 .text          0x0000000000000000        0x0 c:/st/stm32cubeide_1.9.0/stm32cubeide/plugins/com.st.stm32cube.ide.mcu.externaltools.gnu-tools-for-stm32.10.3-2021.10.win32_1.0.0.202111181127/tools/bin/../lib/gcc/arm-none-eabi/10.3.1/thumb/v7e-m+fp/hard/crti.o
 .data          0x0000000000000000        0x0 c:/st/stm32cubeide_1.9.0/stm32cubeide/plugins/com.st.stm32cube.ide.mcu.externaltools.gnu-tools-for-stm32.10.3-2021.10.win32_1.0.0.202111181127/tools/bin/../lib/gcc/arm-none-eabi/10.3.1/thumb/v7e-m+fp/hard/crti.o
 .bss           0x0000000000000000        0x0 c:/st/stm32cubeide_1.9.0/stm32cubeide/plugins/com.st.stm32cube.ide.mcu.externaltools.gnu-tools-for-stm32.10.3-2021.10.win32_1.0.0.202111181127/tools/bin/../lib/gcc/arm-none-eabi/10.3.1/thumb/v7e-m+fp/hard/crti.o
[...]
Memory Configuration

Name             Origin             Length             Attributes
RAM              0x0000000020000000 0x0000000000018000 xrw
RAM2             0x0000000010000000 0x0000000000008000 xrw
FLASH            0x0000000008000000 0x0000000000100000 xr
*default*        0x0000000000000000 0xffffffffffffffff

Linker script and memory map

LOAD c:/st/stm32cubeide_1.9.0/stm32cubeide/plugins/com.st.stm32cube.ide.mcu.externaltools.gnu-tools-for-stm32.10.3-2021.10.win32_1.0.0.202111181127/tools/bin/../lib/gcc/arm-none-eabi/10.3.1/thumb/v7e-m+fp/hard/crti.o
LOAD c:/st/stm32cubeide_1.9.0/stm32cubeide/plugins/com.st.stm32cube.ide.mcu.externaltools.gnu-tools-for-stm32.10.3-2021.10.win32_1.0.0.202111181127/tools/bin/../lib/gcc/arm-none-eabi/10.3.1/thumb/v7e-m+fp/hard/crtbegin.o
LOAD c:/st/stm32cubeide_1.9.0/stm32cubeide/plugins/com.st.stm32cube.ide.mcu.externaltools.gnu-tools-for-stm32.10.3-2021.10.win32_1.0.0.202111181127/tools/bin/../lib/gcc/arm-none-eabi/10.3.1/../../../../arm-none-eabi/lib/thumb/v7e-m+fp/hard/crt0.o
LOAD ./Core/Src/drv8311.o
LOAD ./Core/Src/lsm6dso.o
LOAD ./Core/Src/lsm6dso_reg.o
LOAD ./Core/Src/lsm9ds1.o
LOAD ./Core/Src/main.o
LOAD ./Core/Src/pwm_driver.o
LOAD ./Core/Src/stm32l4xx_hal_msp.o
LOAD ./Core/Src/stm32l4xx_it.o
LOAD ./Core/Src/syscalls.o
LOAD ./Core/Src/sysmem.o
LOAD ./Core/Src/system_stm32l4xx.o
LOAD ./Core/Startup/startup_stm32l476rgtx.o
LOAD ./Drivers/STM32L4xx_HAL_Driver/Src/stm32l4xx_hal.o
LOAD ./Drivers/STM32L4xx_HAL_Driver/Src/stm32l4xx_hal_cortex.o
LOAD ./Drivers/STM32L4xx_HAL_Driver/Src/stm32l4xx_hal_dma.o
LOAD ./Drivers/STM32L4xx_HAL_Driver/Src/stm32l4xx_hal_dma_ex.o
LOAD ./Drivers/STM32L4xx_HAL_Driver/Src/stm32l4xx_hal_exti.o
LOAD ./Drivers/STM32L4xx_HAL_Driver/Src/stm32l4xx_hal_flash.o
LOAD ./Drivers/STM32L4xx_HAL_Driver/Src/stm32l4xx_hal_flash_ex.o
LOAD ./Drivers/STM32L4xx_HAL_Driver/Src/stm32l4xx_hal_flash_ramfunc.o
LOAD ./Drivers/STM32L4xx_HAL_Driver/Src/stm32l4xx_hal_gpio.o
LOAD ./Drivers/STM32L4xx_HAL_Driver/Src/stm32l4xx_hal_i2c.o
LOAD ./Drivers/STM32L4xx_HAL_Driver/Src/stm32l4xx_hal_i2c_ex.o
LOAD ./Drivers/STM32L4xx_HAL_Driver/Src/stm32l4xx_hal_pwr.o
LOAD ./Drivers/STM32L4xx_HAL_Driver/Src/stm32l4xx_hal_pwr_ex.o
LOAD ./Drivers/STM32L4xx_HAL_Driver/Src/stm32l4xx_hal_rcc.o
LOAD ./Drivers/STM32L4xx_HAL_Driver/Src/stm32l4xx_hal_rcc_ex.o
LOAD ./Drivers/STM32L4xx_HAL_Driver/Src/stm32l4xx_hal_spi.o
LOAD ./Drivers/STM32L4xx_HAL_Driver/Src/stm32l4xx_hal_spi_ex.o
LOAD ./Drivers/STM32L4xx_HAL_Driver/Src/stm32l4xx_hal_tim.o
LOAD ./Drivers/STM32L4xx_HAL_Driver/Src/stm32l4xx_hal_tim_ex.o
LOAD ./Drivers/STM32L4xx_HAL_Driver/Src/stm32l4xx_hal_uart.o
LOAD ./Drivers/STM32L4xx_HAL_Driver/Src/stm32l4xx_hal_uart_ex.o
START GROUP
LOAD c:/st/stm32cubeide_1.9.0/stm32cubeide/plugins/com.st.stm32cube.ide.mcu.externaltools.gnu-tools-for-stm32.10.3-2021.10.win32_1.0.0.202111181127/tools/bin/../lib/gcc/arm-none-eabi/10.3.1/../../../../arm-none-eabi/lib/thumb/v7e-m+fp/hard\libc_nano.a
LOAD c:/st/stm32cubeide_1.9.0/stm32cubeide/plugins/com.st.stm32cube.ide.mcu.externaltools.gnu-tools-for-stm32.10.3-2021.10.win32_1.0.0.202111181127/tools/bin/../lib/gcc/arm-none-eabi/10.3.1/../../../../arm-none-eabi/lib/thumb/v7e-m+fp/hard\libm.a
END GROUP
START GROUP
LOAD c:/st/stm32cubeide_1.9.0/stm32cubeide/plugins/com.st.stm32cube.ide.mcu.externaltools.gnu-tools-for-stm32.10.3-2021.10.win32_1.0.0.202111181127/tools/bin/../lib/gcc/arm-none-eabi/10.3.1/thumb/v7e-m+fp/hard\libgcc.a
LOAD c:/st/stm32cubeide_1.9.0/stm32cubeide/plugins/com.st.stm32cube.ide.mcu.externaltools.gnu-tools-for-stm32.10.3-2021.10.win32_1.0.0.202111181127/tools/bin/../lib/gcc/arm-none-eabi/10.3.1/../../../../arm-none-eabi/lib/thumb/v7e-m+fp/hard\libc_nano.a
END GROUP
START GROUP
LOAD c:/st/stm32cubeide_1.9.0/stm32cubeide/plugins/com.st.stm32cube.ide.mcu.externaltools.gnu-tools-for-stm32.10.3-2021.10.win32_1.0.0.202111181127/tools/bin/../lib/gcc/arm-none-eabi/10.3.1/thumb/v7e-m+fp/hard\libgcc.a
LOAD c:/st/stm32cubeide_1.9.0/stm32cubeide/plugins/com.st.stm32cube.ide.mcu.externaltools.gnu-tools-for-stm32.10.3-2021.10.win32_1.0.0.202111181127/tools/bin/../lib/gcc/arm-none-eabi/10.3.1/../../../../arm-none-eabi/lib/thumb/v7e-m+fp/hard\libc_nano.a
LOAD c:/st/stm32cubeide_1.9.0/stm32cubeide/plugins/com.st.stm32cube.ide.mcu.externaltools.gnu-tools-for-stm32.10.3-2021.10.win32_1.0.0.202111181127/tools/bin/../lib/gcc/arm-none-eabi/10.3.1/../../../../arm-none-eabi/lib/thumb/v7e-m+fp/hard\libnosys.a
END GROUP
START GROUP
LOAD c:/st/stm32cubeide_1.9.0/stm32cubeide/plugins/com.st.stm32cube.ide.mcu.externaltools.gnu-tools-for-stm32.10.3-2021.10.win32_1.0.0.202111181127/tools/bin/../lib/gcc/arm-none-eabi/10.3.1/thumb/v7e-m+fp/hard\libgcc.a
LOAD c:/st/stm32cubeide_1.9.0/stm32cubeide/plugins/com.st.stm32cube.ide.mcu.externaltools.gnu-tools-for-stm32.10.3-2021.10.win32_1.0.0.202111181127/tools/bin/../lib/gcc/arm-none-eabi/10.3.1/../../../../arm-none-eabi/lib/thumb/v7e-m+fp/hard\libc_nano.a
LOAD c:/st/stm32cubeide_1.9.0/stm32cubeide/plugins/com.st.stm32cube.ide.mcu.externaltools.gnu-tools-for-stm32.10.3-2021.10.win32_1.0.0.202111181127/tools/bin/../lib/gcc/arm-none-eabi/10.3.1/../../../../arm-none-eabi/lib/thumb/v7e-m+fp/hard\libnosys.a
END GROUP
LOAD c:/st/stm32cubeide_1.9.0/stm32cubeide/plugins/com.st.stm32cube.ide.mcu.externaltools.gnu-tools-for-stm32.10.3-2021.10.win32_1.0.0.202111181127/tools/bin/../lib/gcc/arm-none-eabi/10.3.1/thumb/v7e-m+fp/hard/crtend.o
LOAD c:/st/stm32cubeide_1.9.0/stm32cubeide/plugins/com.st.stm32cube.ide.mcu.externaltools.gnu-tools-for-stm32.10.3-2021.10.win32_1.0.0.202111181127/tools/bin/../lib/gcc/arm-none-eabi/10.3.1/thumb/v7e-m+fp/hard/crtn.o
                0x0000000020018000                _estack = (ORIGIN (RAM) + LENGTH (RAM))
                0x0000000000000200                _Min_Heap_Size = 0x200
                0x0000000000000400                _Min_Stack_Size = 0x400

.isr_vector     0x0000000008000000      0x188
                0x0000000008000000                . = ALIGN (0x4)
 *(.isr_vector)
 .isr_vector    0x0000000008000000      0x188 ./Core/Startup/startup_stm32l476rgtx.o
                0x0000000008000000                g_pfnVectors
                0x0000000008000188                . = ALIGN (0x4)

.text           0x0000000008000188     0x6954
                0x0000000008000188                . = ALIGN (0x4)
 *(.text)
 .text          0x0000000008000188       0x40 c:/st/stm32cubeide_1.9.0/stm32cubeide/plugins/com.st.stm32cube.ide.mcu.externaltools.gnu-tools-for-stm32.10.3-2021.10.win32_1.0.0.202111181127/tools/bin/../lib/gcc/arm-none-eabi/10.3.1/thumb/v7e-m+fp/hard/crtbegin.o
 .text          0x00000000080001c8       0x30 c:/st/stm32cubeide_1.9.0/stm32cubeide/plugins/com.st.stm32cube.ide.mcu.externaltools.gnu-tools-for-stm32.10.3-2021.10.win32_1.0.0.202111181127/tools/bin/../lib/gcc/arm-none-eabi/10.3.1/thumb/v7e-m+fp/hard\libgcc.a(_aeabi_uldivmod.o)
                0x00000000080001c8                __aeabi_uldivmod
 .text          0x00000000080001f8      0x2d0 c:/st/stm32cubeide_1.9.0/stm32cubeide/plugins/com.st.stm32cube.ide.mcu.externaltools.gnu-tools-for-stm32.10.3-2021.10.win32_1.0.0.202111181127/tools/bin/../lib/gcc/arm-none-eabi/10.3.1/thumb/v7e-m+fp/hard\libgcc.a(_udivmoddi4.o)
                0x00000000080001f8                __udivmoddi4
 .text          0x00000000080004c8        0x4 c:/st/stm32cubeide_1.9.0/stm32cubeide/plugins/com.st.stm32cube.ide.mcu.externaltools.gnu-tools-for-stm32.10.3-2021.10.win32_1.0.0.202111181127/tools/bin/../lib/gcc/arm-none-eabi/10.3.1/thumb/v7e-m+fp/hard\libgcc.a(_dvmd_tls.o)
                0x00000000080004c8                __aeabi_idiv0
                0x00000000080004c8                __aeabi_ldiv0
 *(.text*)
 .text.DRV_Init
                0x00000000080004cc      0x3ec ./Core/Src/drv8311.o
                0x00000000080004cc                DRV_Init
 .text.LSM6DSO_RegisterBusIO
                0x00000000080008b8       0xcc ./Core/Src/lsm6dso.o
                0x00000000080008b8                LSM6DSO_RegisterBusIO
 .text.LSM6DSO_Init
                0x0000000008000984       0xea ./Core/Src/lsm6dso.o
                0x0000000008000984                LSM6DSO_Init
 .text.LSM6DSO_DeInit
                0x0000000008000a6e       0x4e ./Core/Src/lsm6dso.o
                0x0000000008000a6e                LSM6DSO_DeInit
 .text.LSM6DSO_GetCapabilities
                0x0000000008000abc       0x5c ./Core/Src/lsm6dso.o
                0x0000000008000abc                LSM6DSO_GetCapabilities
 .text.LSM6DSO_ACC_Enable
                0x0000000008000b18       0x48 ./Core/Src/lsm6dso.o
                0x0000000008000b18                LSM6DSO_ACC_Enable
 .text.LSM6DSO_ACC_Disable
                0x0000000008000b60       0x5e ./Core/Src/lsm6dso.o
                0x0000000008000b60                LSM6DSO_ACC_Disable
 *fill*         0x0000000008000bbe        0x2 
 .text.LSM6DSO_ACC_GetSensitivity
                0x0000000008000bc0       0x8c ./Core/Src/lsm6dso.o
                0x0000000008000bc0                LSM6DSO_ACC_GetSensitivity
 .text.LSM6DSO_ACC_GetAxes
                0x0000000008000c4c       0xae ./Core/Src/lsm6dso.o
                0x0000000008000c4c                LSM6DSO_ACC_GetAxes
 .text.LSM6DSO_GYRO_Enable
                0x0000000008000cfa       0x48 ./Core/Src/lsm6dso.o
                0x0000000008000cfa                LSM6DSO_GYRO_Enable
 .text.LSM6DSO_GYRO_Disable
                0x0000000008000d42       0x5e ./Core/Src/lsm6dso.o
                0x0000000008000d42                LSM6DSO_GYRO_Disable
 .text.LSM6DSO_GYRO_GetSensitivity
                0x0000000008000da0       0xa4 ./Core/Src/lsm6dso.o
                0x0000000008000da0                LSM6DSO_GYRO_GetSensitivity
 .text.LSM6DSO_GYRO_GetAxes
                0x0000000008000e44       0xa8 ./Core/Src/lsm6dso.o
                0x0000000008000e44                LSM6DSO_GYRO_GetAxes
 .text.LSM6DSO_Write_Reg
                0x0000000008000eec       0x36 ./Core/Src/lsm6dso.o
                0x0000000008000eec                LSM6DSO_Write_Reg
 .text.ReadRegWrap
                0x0000000008000f22       0x36 ./Core/Src/lsm6dso.o
 .text.WriteRegWrap
                0x0000000008000f58       0x36 ./Core/Src/lsm6dso.o
 *fill*         0x0000000008000f8e        0x2 
 .text.BSP_I2C1_ReadReg
                0x0000000008000f90       0x40 ./Core/Src/lsm6dso.o
                0x0000000008000f90                BSP_I2C1_ReadReg
 .text.BSP_I2C1_WriteReg
                0x0000000008000fd0       0x40 ./Core/Src/lsm6dso.o
                0x0000000008000fd0                BSP_I2C1_WriteReg
 .text.INIT_IMU
                0x0000000008001010       0x64 ./Core/Src/lsm6dso.o
                0x0000000008001010                INIT_IMU
 .text.Get_AXIS_GYRO__IMU
                0x0000000008001074       0x30 ./Core/Src/lsm6dso.o
                0x0000000008001074                Get_AXIS_GYRO__IMU
 .text.Get_AXIS_ACC__IMU
                0x00000000080010a4       0x30 ./Core/Src/lsm6dso.o
                0x00000000080010a4                Get_AXIS_ACC__IMU
 .text.lsm6dso_read_reg
                0x00000000080010d4       0x30 ./Core/Src/lsm6dso_reg.o
                0x00000000080010d4                lsm6dso_read_reg
 .text.lsm6dso_write_reg
                0x0000000008001104       0x30 ./Core/Src/lsm6dso_reg.o
                0x0000000008001104                lsm6dso_write_reg
 .text.lsm6dso_xl_full_scale_set
                0x0000000008001134       0x4c ./Core/Src/lsm6dso_reg.o
                0x0000000008001134                lsm6dso_xl_full_scale_set
 .text.lsm6dso_xl_full_scale_get
                0x0000000008001180       0x70 ./Core/Src/lsm6dso_reg.o
                0x0000000008001180                lsm6dso_xl_full_scale_get
 .text.lsm6dso_xl_data_rate_set
                0x00000000080011f0      0x1f8 ./Core/Src/lsm6dso_reg.o
                0x00000000080011f0                lsm6dso_xl_data_rate_set
 .text.lsm6dso_xl_data_rate_get
                0x00000000080013e8       0xd0 ./Core/Src/lsm6dso_reg.o
                0x00000000080013e8                lsm6dso_xl_data_rate_get
 .text.lsm6dso_gy_full_scale_set
                0x00000000080014b8       0x4c ./Core/Src/lsm6dso_reg.o
                0x00000000080014b8                lsm6dso_gy_full_scale_set
 .text.lsm6dso_gy_full_scale_get
                0x0000000008001504       0x84 ./Core/Src/lsm6dso_reg.o
                0x0000000008001504                lsm6dso_gy_full_scale_get
 .text.lsm6dso_gy_data_rate_set
                0x0000000008001588      0x1f8 ./Core/Src/lsm6dso_reg.o
                0x0000000008001588                lsm6dso_gy_data_rate_set
 .text.lsm6dso_gy_data_rate_get
                0x0000000008001780       0xc4 ./Core/Src/lsm6dso_reg.o
                0x0000000008001780                lsm6dso_gy_data_rate_get
 .text.lsm6dso_block_data_update_set
                0x0000000008001844       0x4c ./Core/Src/lsm6dso_reg.o
                0x0000000008001844                lsm6dso_block_data_update_set
 .text.lsm6dso_angular_rate_raw_get
                0x0000000008001890       0x96 ./Core/Src/lsm6dso_reg.o
                0x0000000008001890                lsm6dso_angular_rate_raw_get
 .text.lsm6dso_acceleration_raw_get
                0x0000000008001926       0x96 ./Core/Src/lsm6dso_reg.o
                0x0000000008001926                lsm6dso_acceleration_raw_get
 .text.lsm6dso_mem_bank_set
                0x00000000080019bc       0x4c ./Core/Src/lsm6dso_reg.o
                0x00000000080019bc                lsm6dso_mem_bank_set
 .text.lsm6dso_auto_increment_set
                0x0000000008001a08       0x4c ./Core/Src/lsm6dso_reg.o
                0x0000000008001a08                lsm6dso_auto_increment_set
 .text.lsm6dso_i3c_disable_set
                0x0000000008001a54       0x8c ./Core/Src/lsm6dso_reg.o
                0x0000000008001a54                lsm6dso_i3c_disable_set
 .text.lsm6dso_fifo_mode_set
                0x0000000008001ae0       0x4c ./Core/Src/lsm6dso_reg.o
                0x0000000008001ae0                lsm6dso_fifo_mode_set
 .text.lsm6dso_fsm_enable_get
                0x0000000008001b2c       0x42 ./Core/Src/lsm6dso_reg.o
                0x0000000008001b2c                lsm6dso_fsm_enable_get
 *fill*         0x0000000008001b6e        0x2 
 .text.lsm6dso_fsm_data_rate_get
                0x0000000008001b70       0x90 ./Core/Src/lsm6dso_reg.o
                0x0000000008001b70                lsm6dso_fsm_data_rate_get
 .text.main     0x0000000008001c00       0x74 ./Core/Src/main.o
                0x0000000008001c00                main
 .text.SystemClock_Config
                0x0000000008001c74       0xa2 ./Core/Src/main.o
                0x0000000008001c74                SystemClock_Config
 *fill*         0x0000000008001d16        0x2 
 .text.MX_I2C1_Init
                0x0000000008001d18       0x80 ./Core/Src/main.o
 .text.MX_SPI2_Init
                0x0000000008001d98       0x7c ./Core/Src/main.o
 .text.MX_TIM2_Init
                0x0000000008001e14       0x98 ./Core/Src/main.o
 .text.MX_TIM3_Init
                0x0000000008001eac       0x9c ./Core/Src/main.o
 .text.MX_USART2_UART_Init
                0x0000000008001f48       0x60 ./Core/Src/main.o
 .text.MX_GPIO_Init
                0x0000000008001fa8      0x128 ./Core/Src/main.o
 .text.Error_Handler
                0x00000000080020d0        0xa ./Core/Src/main.o
                0x00000000080020d0                Error_Handler
 *fill*         0x00000000080020da        0x2 
 .text.pwm_sine
                0x00000000080020dc      0x154 ./Core/Src/pwm_driver.o
                0x00000000080020dc                pwm_sine
 .text.HAL_MspInit
                0x0000000008002230       0x48 ./Core/Src/stm32l4xx_hal_msp.o
                0x0000000008002230                HAL_MspInit
 .text.HAL_I2C_MspInit
                0x0000000008002278       0xbc ./Core/Src/stm32l4xx_hal_msp.o
                0x0000000008002278                HAL_I2C_MspInit
 .text.HAL_SPI_MspInit
                0x0000000008002334       0xc4 ./Core/Src/stm32l4xx_hal_msp.o
                0x0000000008002334                HAL_SPI_MspInit
 .text.HAL_TIM_Base_MspInit
                0x00000000080023f8       0x80 ./Core/Src/stm32l4xx_hal_msp.o
                0x00000000080023f8                HAL_TIM_Base_MspInit
 .text.HAL_UART_MspInit
                0x0000000008002478       0xb8 ./Core/Src/stm32l4xx_hal_msp.o
                0x0000000008002478                HAL_UART_MspInit
 .text.NMI_Handler
                0x0000000008002530        0x6 ./Core/Src/stm32l4xx_it.o
                0x0000000008002530                NMI_Handler
 .text.HardFault_Handler
                0x0000000008002536        0x6 ./Core/Src/stm32l4xx_it.o
                0x0000000008002536                HardFault_Handler
 .text.MemManage_Handler
                0x000000000800253c        0x6 ./Core/Src/stm32l4xx_it.o
                0x000000000800253c                MemManage_Handler
 .text.BusFault_Handler
                0x0000000008002542        0x6 ./Core/Src/stm32l4xx_it.o
                0x0000000008002542                BusFault_Handler
 .text.UsageFault_Handler
                0x0000000008002548        0x6 ./Core/Src/stm32l4xx_it.o
                0x0000000008002548                UsageFault_Handler
 .text.SVC_Handler
                0x000000000800254e        0xe ./Core/Src/stm32l4xx_it.o
                0x000000000800254e                SVC_Handler
 .text.DebugMon_Handler
                0x000000000800255c        0xe ./Core/Src/stm32l4xx_it.o
                0x000000000800255c                DebugMon_Handler
 .text.PendSV_Handler
                0x000000000800256a        0xe ./Core/Src/stm32l4xx_it.o
                0x000000000800256a                PendSV_Handler
 .text.SysTick_Handler
                0x0000000008002578        0xc ./Core/Src/stm32l4xx_it.o
                0x0000000008002578                SysTick_Handler
 .text.TIM2_IRQHandler
                0x0000000008002584       0x14 ./Core/Src/stm32l4xx_it.o
                0x0000000008002584                TIM2_IRQHandler
 .text.TIM3_IRQHandler
                0x0000000008002598       0x18 ./Core/Src/stm32l4xx_it.o
                0x0000000008002598                TIM3_IRQHandler
 .text.SystemInit
                0x00000000080025b0       0x24 ./Core/Src/system_stm32l4xx.o
                0x00000000080025b0                SystemInit
 .text.Reset_Handler
                0x00000000080025d4       0x50 ./Core/Startup/startup_stm32l476rgtx.o
                0x00000000080025d4                Reset_Handler
 .text.Default_Handler
                0x0000000008002624        0x2 ./Core/Startup/startup_stm32l476rgtx.o
                0x0000000008002624                RTC_Alarm_IRQHandler
                0x0000000008002624                EXTI2_IRQHandler
                0x0000000008002624                TIM8_TRG_COM_IRQHandler
                0x0000000008002624                TIM8_CC_IRQHandler
                0x0000000008002624                TIM1_CC_IRQHandler
                0x0000000008002624                TSC_IRQHandler
                0x0000000008002624                TAMP_STAMP_IRQHandler
                0x0000000008002624                EXTI3_IRQHandler
                0x0000000008002624                LPTIM2_IRQHandler
                0x0000000008002624                DFSDM1_FLT1_IRQHandler
                0x0000000008002624                I2C3_ER_IRQHandler
                0x0000000008002624                DFSDM1_FLT2_IRQHandler
                0x0000000008002624                EXTI0_IRQHandler
                0x0000000008002624                I2C2_EV_IRQHandler
                0x0000000008002624                CAN1_RX0_IRQHandler
                0x0000000008002624                FPU_IRQHandler
                0x0000000008002624                TIM1_UP_TIM16_IRQHandler
                0x0000000008002624                ADC1_2_IRQHandler
                0x0000000008002624                SPI1_IRQHandler
                0x0000000008002624                TIM6_DAC_IRQHandler
                0x0000000008002624                TIM8_UP_IRQHandler
                0x0000000008002624                DMA2_Channel2_IRQHandler
                0x0000000008002624                DMA1_Channel4_IRQHandler
                0x0000000008002624                SAI2_IRQHandler
                0x0000000008002624                DFSDM1_FLT3_IRQHandler
                0x0000000008002624                USART3_IRQHandler
                0x0000000008002624                DMA1_Channel7_IRQHandler
                0x0000000008002624                CAN1_RX1_IRQHandler
                0x0000000008002624                LCD_IRQHandler
                0x0000000008002624                UART5_IRQHandler
                0x0000000008002624                ADC3_IRQHandler
                0x0000000008002624                TIM4_IRQHandler
                0x0000000008002624                DMA2_Channel1_IRQHandler
                0x0000000008002624                QUADSPI_IRQHandler
                0x0000000008002624                I2C1_EV_IRQHandler
                0x0000000008002624                DMA1_Channel6_IRQHandler
                0x0000000008002624                UART4_IRQHandler
                0x0000000008002624                DMA2_Channel4_IRQHandler
                0x0000000008002624                RCC_IRQHandler
                0x0000000008002624                DMA1_Channel1_IRQHandler
                0x0000000008002624                Default_Handler
                0x0000000008002624                DMA2_Channel7_IRQHandler
                0x0000000008002624                EXTI15_10_IRQHandler
                0x0000000008002624                TIM7_IRQHandler
                0x0000000008002624                SDMMC1_IRQHandler
                0x0000000008002624                TIM5_IRQHandler
                0x0000000008002624                I2C3_EV_IRQHandler
                0x0000000008002624                EXTI9_5_IRQHandler
                0x0000000008002624                RTC_WKUP_IRQHandler
                0x0000000008002624                PVD_PVM_IRQHandler
                0x0000000008002624                SPI2_IRQHandler
                0x0000000008002624                CAN1_TX_IRQHandler
                0x0000000008002624                DMA2_Channel5_IRQHandler
                0x0000000008002624                DMA1_Channel5_IRQHandler
                0x0000000008002624                EXTI4_IRQHandler
                0x0000000008002624                RNG_IRQHandler
                0x0000000008002624                TIM1_TRG_COM_TIM17_IRQHandler
                0x0000000008002624                DMA1_Channel3_IRQHandler
                0x0000000008002624                COMP_IRQHandler
                0x0000000008002624                WWDG_IRQHandler
                0x0000000008002624                LPUART1_IRQHandler
                0x0000000008002624                DMA2_Channel6_IRQHandler
                0x0000000008002624                EXTI1_IRQHandler
                0x0000000008002624                USART2_IRQHandler
                0x0000000008002624                DFSDM1_FLT0_IRQHandler
                0x0000000008002624                I2C2_ER_IRQHandler
                0x0000000008002624                DMA1_Channel2_IRQHandler
                0x0000000008002624                TIM8_BRK_IRQHandler
                0x0000000008002624                CAN1_SCE_IRQHandler
                0x0000000008002624                FLASH_IRQHandler
                0x0000000008002624                USART1_IRQHandler
                0x0000000008002624                OTG_FS_IRQHandler
                0x0000000008002624                SPI3_IRQHandler
                0x0000000008002624                I2C1_ER_IRQHandler
                0x0000000008002624                FMC_IRQHandler
                0x0000000008002624                SWPMI1_IRQHandler
                0x0000000008002624                LPTIM1_IRQHandler
                0x0000000008002624                SAI1_IRQHandler
                0x0000000008002624                DMA2_Channel3_IRQHandler
                0x0000000008002624                TIM1_BRK_TIM15_IRQHandler
 *fill*         0x0000000008002626        0x2 
 .text.HAL_Init
                0x0000000008002628       0x40 ./Drivers/STM32L4xx_HAL_Driver/Src/stm32l4xx_hal.o
                0x0000000008002628                HAL_Init
 .text.HAL_InitTick
                0x0000000008002668       0x78 ./Drivers/STM32L4xx_HAL_Driver/Src/stm32l4xx_hal.o
                0x0000000008002668                HAL_InitTick
 .text.HAL_IncTick
                0x00000000080026e0       0x28 ./Drivers/STM32L4xx_HAL_Driver/Src/stm32l4xx_hal.o
                0x00000000080026e0                HAL_IncTick
 .text.HAL_GetTick
                0x0000000008002708       0x18 ./Drivers/STM32L4xx_HAL_Driver/Src/stm32l4xx_hal.o
                0x0000000008002708                HAL_GetTick
 .text.HAL_Delay
                0x0000000008002720       0x48 ./Drivers/STM32L4xx_HAL_Driver/Src/stm32l4xx_hal.o
                0x0000000008002720                HAL_Delay
 .text.__NVIC_SetPriorityGrouping
                0x0000000008002768       0x48 ./Drivers/STM32L4xx_HAL_Driver/Src/stm32l4xx_hal_cortex.o
 .text.__NVIC_GetPriorityGrouping
                0x00000000080027b0       0x1c ./Drivers/STM32L4xx_HAL_Driver/Src/stm32l4xx_hal_cortex.o
 .text.__NVIC_EnableIRQ
                0x00000000080027cc       0x3c ./Drivers/STM32L4xx_HAL_Driver/Src/stm32l4xx_hal_cortex.o
 .text.__NVIC_SetPriority
                0x0000000008002808       0x54 ./Drivers/STM32L4xx_HAL_Driver/Src/stm32l4xx_hal_cortex.o
 .text.NVIC_EncodePriority
                0x000000000800285c       0x66 ./Drivers/STM32L4xx_HAL_Driver/Src/stm32l4xx_hal_cortex.o
 *fill*         0x00000000080028c2        0x2 
 .text.SysTick_Config
                0x00000000080028c4       0x44 ./Drivers/STM32L4xx_HAL_Driver/Src/stm32l4xx_hal_cortex.o
 .text.HAL_NVIC_SetPriorityGrouping
                0x0000000008002908       0x16 ./Drivers/STM32L4xx_HAL_Driver/Src/stm32l4xx_hal_cortex.o
                0x0000000008002908                HAL_NVIC_SetPriorityGrouping
 .text.HAL_NVIC_SetPriority
                0x000000000800291e       0x38 ./Drivers/STM32L4xx_HAL_Driver/Src/stm32l4xx_hal_cortex.o
                0x000000000800291e                HAL_NVIC_SetPriority
 .text.HAL_NVIC_EnableIRQ
                0x0000000008002956       0x1c ./Drivers/STM32L4xx_HAL_Driver/Src/stm32l4xx_hal_cortex.o
                0x0000000008002956                HAL_NVIC_EnableIRQ
 .text.HAL_SYSTICK_Config
                0x0000000008002972       0x18 ./Drivers/STM32L4xx_HAL_Driver/Src/stm32l4xx_hal_cortex.o
                0x0000000008002972                HAL_SYSTICK_Config
 *fill*         0x000000000800298a        0x2 
 .text.HAL_GPIO_Init
                0x000000000800298c      0x354 ./Drivers/STM32L4xx_HAL_Driver/Src/stm32l4xx_hal_gpio.o
                0x000000000800298c                HAL_GPIO_Init
 .text.HAL_GPIO_ReadPin
                0x0000000008002ce0       0x30 ./Drivers/STM32L4xx_HAL_Driver/Src/stm32l4xx_hal_gpio.o
                0x0000000008002ce0                HAL_GPIO_ReadPin
 .text.HAL_GPIO_WritePin
                0x0000000008002d10       0x30 ./Drivers/STM32L4xx_HAL_Driver/Src/stm32l4xx_hal_gpio.o
                0x0000000008002d10                HAL_GPIO_WritePin
 .text.HAL_I2C_Init
                0x0000000008002d40      0x11e ./Drivers/STM32L4xx_HAL_Driver/Src/stm32l4xx_hal_i2c.o
                0x0000000008002d40                HAL_I2C_Init
 *fill*         0x0000000008002e5e        0x2 
 .text.HAL_I2C_Mem_Write
                0x0000000008002e60      0x228 ./Drivers/STM32L4xx_HAL_Driver/Src/stm32l4xx_hal_i2c.o
                0x0000000008002e60                HAL_I2C_Mem_Write
 .text.HAL_I2C_Mem_Read
                0x0000000008003088      0x234 ./Drivers/STM32L4xx_HAL_Driver/Src/stm32l4xx_hal_i2c.o
                0x0000000008003088                HAL_I2C_Mem_Read
 .text.I2C_RequestMemoryWrite
                0x00000000080032bc       0xa8 ./Drivers/STM32L4xx_HAL_Driver/Src/stm32l4xx_hal_i2c.o
 .text.I2C_RequestMemoryRead
                0x0000000008003364       0xa8 ./Drivers/STM32L4xx_HAL_Driver/Src/stm32l4xx_hal_i2c.o
 .text.I2C_Flush_TXDR
                0x000000000800340c       0x48 ./Drivers/STM32L4xx_HAL_Driver/Src/stm32l4xx_hal_i2c.o
 .text.I2C_WaitOnFlagUntilTimeout
                0x0000000008003454       0x80 ./Drivers/STM32L4xx_HAL_Driver/Src/stm32l4xx_hal_i2c.o
 .text.I2C_WaitOnTXISFlagUntilTimeout
                0x00000000080034d4       0x80 ./Drivers/STM32L4xx_HAL_Driver/Src/stm32l4xx_hal_i2c.o
 .text.I2C_WaitOnSTOPFlagUntilTimeout
                0x0000000008003554       0x78 ./Drivers/STM32L4xx_HAL_Driver/Src/stm32l4xx_hal_i2c.o
 .text.I2C_IsErrorOccurred
                0x00000000080035cc      0x1d8 ./Drivers/STM32L4xx_HAL_Driver/Src/stm32l4xx_hal_i2c.o
 .text.I2C_TransferConfig
                0x00000000080037a4       0x64 ./Drivers/STM32L4xx_HAL_Driver/Src/stm32l4xx_hal_i2c.o
 .text.HAL_I2CEx_ConfigAnalogFilter
                0x0000000008003808       0x96 ./Drivers/STM32L4xx_HAL_Driver/Src/stm32l4xx_hal_i2c_ex.o
                0x0000000008003808                HAL_I2CEx_ConfigAnalogFilter
 .text.HAL_I2CEx_ConfigDigitalFilter
                0x000000000800389e       0x98 ./Drivers/STM32L4xx_HAL_Driver/Src/stm32l4xx_hal_i2c_ex.o
                0x000000000800389e                HAL_I2CEx_ConfigDigitalFilter
 *fill*         0x0000000008003936        0x2 
 .text.HAL_PWREx_GetVoltageRange
                0x0000000008003938       0x1c ./Drivers/STM32L4xx_HAL_Driver/Src/stm32l4xx_hal_pwr_ex.o
                0x0000000008003938                HAL_PWREx_GetVoltageRange
 .text.HAL_PWREx_ControlVoltageScaling
                0x0000000008003954       0xac ./Drivers/STM32L4xx_HAL_Driver/Src/stm32l4xx_hal_pwr_ex.o
                0x0000000008003954                HAL_PWREx_ControlVoltageScaling
 .text.HAL_RCC_OscConfig
                0x0000000008003a00      0x7d0 ./Drivers/STM32L4xx_HAL_Driver/Src/stm32l4xx_hal_rcc.o
                0x0000000008003a00                HAL_RCC_OscConfig
 .text.HAL_RCC_ClockConfig
                0x00000000080041d0      0x1c4 ./Drivers/STM32L4xx_HAL_Driver/Src/stm32l4xx_hal_rcc.o
                0x00000000080041d0                HAL_RCC_ClockConfig
 .text.HAL_RCC_GetSysClockFreq
                0x0000000008004394      0x118 ./Drivers/STM32L4xx_HAL_Driver/Src/stm32l4xx_hal_rcc.o
                0x0000000008004394                HAL_RCC_GetSysClockFreq
 .text.HAL_RCC_GetHCLKFreq
                0x00000000080044ac       0x18 ./Drivers/STM32L4xx_HAL_Driver/Src/stm32l4xx_hal_rcc.o
                0x00000000080044ac                HAL_RCC_GetHCLKFreq
 .text.HAL_RCC_GetPCLK1Freq
                0x00000000080044c4       0x2c ./Drivers/STM32L4xx_HAL_Driver/Src/stm32l4xx_hal_rcc.o
                0x00000000080044c4                HAL_RCC_GetPCLK1Freq
 .text.HAL_RCC_GetPCLK2Freq
                0x00000000080044f0       0x2c ./Drivers/STM32L4xx_HAL_Driver/Src/stm32l4xx_hal_rcc.o
                0x00000000080044f0                HAL_RCC_GetPCLK2Freq
 .text.RCC_SetFlashLatencyFromMSIRange
                0x000000000800451c       0xc0 ./Drivers/STM32L4xx_HAL_Driver/Src/stm32l4xx_hal_rcc.o
 .text.HAL_RCCEx_PeriphCLKConfig
                0x00000000080045dc      0x5d4 ./Drivers/STM32L4xx_HAL_Driver/Src/stm32l4xx_hal_rcc_ex.o
                0x00000000080045dc                HAL_RCCEx_PeriphCLKConfig
 .text.RCCEx_PLLSAI1_Config
                0x0000000008004bb0      0x1e8 ./Drivers/STM32L4xx_HAL_Driver/Src/stm32l4xx_hal_rcc_ex.o
 .text.RCCEx_PLLSAI2_Config
                0x0000000008004d98      0x1bc ./Drivers/STM32L4xx_HAL_Driver/Src/stm32l4xx_hal_rcc_ex.o
 .text.HAL_SPI_Init
                0x0000000008004f54      0x146 ./Drivers/STM32L4xx_HAL_Driver/Src/stm32l4xx_hal_spi.o
                0x0000000008004f54                HAL_SPI_Init
 .text.HAL_SPI_TransmitReceive
                0x000000000800509a      0x426 ./Drivers/STM32L4xx_HAL_Driver/Src/stm32l4xx_hal_spi.o
                0x000000000800509a                HAL_SPI_TransmitReceive
 .text.SPI_WaitFlagStateUntilTimeout
                0x00000000080054c0      0x110 ./Drivers/STM32L4xx_HAL_Driver/Src/stm32l4xx_hal_spi.o
 .text.SPI_WaitFifoStateUntilTimeout
                0x00000000080055d0      0x12c ./Drivers/STM32L4xx_HAL_Driver/Src/stm32l4xx_hal_spi.o
 .text.SPI_EndRxTxTransaction
                0x00000000080056fc       0x8c ./Drivers/STM32L4xx_HAL_Driver/Src/stm32l4xx_hal_spi.o
 .text.HAL_TIM_Base_Init
                0x0000000008005788       0xae ./Drivers/STM32L4xx_HAL_Driver/Src/stm32l4xx_hal_tim.o
                0x0000000008005788                HAL_TIM_Base_Init
 *fill*         0x0000000008005836        0x2 
 .text.HAL_TIM_Base_Start_IT
                0x0000000008005838       0xe0 ./Drivers/STM32L4xx_HAL_Driver/Src/stm32l4xx_hal_tim.o
                0x0000000008005838                HAL_TIM_Base_Start_IT
 .text.HAL_TIM_IRQHandler
                0x0000000008005918      0x23e ./Drivers/STM32L4xx_HAL_Driver/Src/stm32l4xx_hal_tim.o
                0x0000000008005918                HAL_TIM_IRQHandler
 .text.HAL_TIM_ConfigClockSource
                0x0000000008005b56      0x192 ./Drivers/STM32L4xx_HAL_Driver/Src/stm32l4xx_hal_tim.o
                0x0000000008005b56                HAL_TIM_ConfigClockSource
 .text.HAL_TIM_PeriodElapsedCallback
                0x0000000008005ce8       0x14 ./Drivers/STM32L4xx_HAL_Driver/Src/stm32l4xx_hal_tim.o
                0x0000000008005ce8                HAL_TIM_PeriodElapsedCallback
 .text.HAL_TIM_OC_DelayElapsedCallback
                0x0000000008005cfc       0x14 ./Drivers/STM32L4xx_HAL_Driver/Src/stm32l4xx_hal_tim.o
                0x0000000008005cfc                HAL_TIM_OC_DelayElapsedCallback
 .text.HAL_TIM_IC_CaptureCallback
                0x0000000008005d10       0x14 ./Drivers/STM32L4xx_HAL_Driver/Src/stm32l4xx_hal_tim.o
                0x0000000008005d10                HAL_TIM_IC_CaptureCallback
 .text.HAL_TIM_PWM_PulseFinishedCallback
                0x0000000008005d24       0x14 ./Drivers/STM32L4xx_HAL_Driver/Src/stm32l4xx_hal_tim.o
                0x0000000008005d24                HAL_TIM_PWM_PulseFinishedCallback
 .text.HAL_TIM_TriggerCallback
                0x0000000008005d38       0x14 ./Drivers/STM32L4xx_HAL_Driver/Src/stm32l4xx_hal_tim.o
                0x0000000008005d38                HAL_TIM_TriggerCallback
 .text.TIM_Base_SetConfig
                0x0000000008005d4c      0x134 ./Drivers/STM32L4xx_HAL_Driver/Src/stm32l4xx_hal_tim.o
                0x0000000008005d4c                TIM_Base_SetConfig
 .text.TIM_TI1_ConfigInputStage
                0x0000000008005e80       0x5e ./Drivers/STM32L4xx_HAL_Driver/Src/stm32l4xx_hal_tim.o
 .text.TIM_TI2_ConfigInputStage
                0x0000000008005ede       0x60 ./Drivers/STM32L4xx_HAL_Driver/Src/stm32l4xx_hal_tim.o
 .text.TIM_ITRx_SetConfig
                0x0000000008005f3e       0x36 ./Drivers/STM32L4xx_HAL_Driver/Src/stm32l4xx_hal_tim.o
 .text.TIM_ETR_SetConfig
                0x0000000008005f74       0x40 ./Drivers/STM32L4xx_HAL_Driver/Src/stm32l4xx_hal_tim.o
                0x0000000008005f74                TIM_ETR_SetConfig
 .text.HAL_TIMEx_MasterConfigSynchronization
                0x0000000008005fb4      0x110 ./Drivers/STM32L4xx_HAL_Driver/Src/stm32l4xx_hal_tim_ex.o
                0x0000000008005fb4                HAL_TIMEx_MasterConfigSynchronization
 .text.HAL_TIMEx_CommutCallback
                0x00000000080060c4       0x14 ./Drivers/STM32L4xx_HAL_Driver/Src/stm32l4xx_hal_tim_ex.o
                0x00000000080060c4                HAL_TIMEx_CommutCallback
 .text.HAL_TIMEx_BreakCallback
                0x00000000080060d8       0x14 ./Drivers/STM32L4xx_HAL_Driver/Src/stm32l4xx_hal_tim_ex.o
                0x00000000080060d8                HAL_TIMEx_BreakCallback
 .text.HAL_TIMEx_Break2Callback
                0x00000000080060ec       0x14 ./Drivers/STM32L4xx_HAL_Driver/Src/stm32l4xx_hal_tim_ex.o
                0x00000000080060ec                HAL_TIMEx_Break2Callback
 .text.HAL_UART_Init
                0x0000000008006100       0x9c ./Drivers/STM32L4xx_HAL_Driver/Src/stm32l4xx_hal_uart.o
                0x0000000008006100                HAL_UART_Init
 .text.UART_SetConfig
                0x000000000800619c      0x570 ./Drivers/STM32L4xx_HAL_Driver/Src/stm32l4xx_hal_uart.o
                0x000000000800619c                UART_SetConfig
 .text.UART_AdvFeatureConfig
                0x000000000800670c      0x144 ./Drivers/STM32L4xx_HAL_Driver/Src/stm32l4xx_hal_uart.o
                0x000000000800670c                UART_AdvFeatureConfig
 .text.UART_CheckIdleState
                0x0000000008006850       0x92 ./Drivers/STM32L4xx_HAL_Driver/Src/stm32l4xx_hal_uart.o
                0x0000000008006850                UART_CheckIdleState
 .text.UART_WaitOnFlagUntilTimeout
                0x00000000080068e2      0x188 ./Drivers/STM32L4xx_HAL_Driver/Src/stm32l4xx_hal_uart.o
                0x00000000080068e2                UART_WaitOnFlagUntilTimeout
 *fill*         0x0000000008006a6a        0x2 
 .text.__libc_init_array
                0x0000000008006a6c       0x48 c:/st/stm32cubeide_1.9.0/stm32cubeide/plugins/com.st.stm32cube.ide.mcu.externaltools.gnu-tools-for-stm32.10.3-2021.10.win32_1.0.0.202111181127/tools/bin/../lib/gcc/arm-none-eabi/10.3.1/../../../../arm-none-eabi/lib/thumb/v7e-m+fp/hard\libc_nano.a(lib_a-init.o)
                0x0000000008006a6c                __libc_init_array
 .text.memset   0x0000000008006ab4       0x10 c:/st/stm32cubeide_1.9.0/stm32cubeide/plugins/com.st.stm32cube.ide.mcu.externaltools.gnu-tools-for-stm32.10.3-2021.10.win32_1.0.0.202111181127/tools/bin/../lib/gcc/arm-none-eabi/10.3.1/../../../../arm-none-eabi/lib/thumb/v7e-m+fp/hard\libc_nano.a(lib_a-memset.o)
                0x0000000008006ab4                memset
 *(.glue_7)
 .glue_7        0x0000000008006ac4        0x0 linker stubs
 *(.glue_7t)
 .glue_7t       0x0000000008006ac4        0x0 linker stubs
 *(.eh_frame)
 .eh_frame      0x0000000008006ac4        0x0 c:/st/stm32cubeide_1.9.0/stm32cubeide/plugins/com.st.stm32cube.ide.mcu.externaltools.gnu-tools-for-stm32.10.3-2021.10.win32_1.0.0.202111181127/tools/bin/../lib/gcc/arm-none-eabi/10.3.1/thumb/v7e-m+fp/hard/crtbegin.o
 *(.init)
 .init          0x0000000008006ac4        0x4 c:/st/stm32cubeide_1.9.0/stm32cubeide/plugins/com.st.stm32cube.ide.mcu.externaltools.gnu-tools-for-stm32.10.3-2021.10.win32_1.0.0.202111181127/tools/bin/../lib/gcc/arm-none-eabi/10.3.1/thumb/v7e-m+fp/hard/crti.o
                0x0000000008006ac4                _init
 .init          0x0000000008006ac8        0x8 c:/st/stm32cubeide_1.9.0/stm32cubeide/plugins/com.st.stm32cube.ide.mcu.externaltools.gnu-tools-for-stm32.10.3-2021.10.win32_1.0.0.202111181127/tools/bin/../lib/gcc/arm-none-eabi/10.3.1/thumb/v7e-m+fp/hard/crtn.o
 *(.fini)
 .fini          0x0000000008006ad0        0x4 c:/st/stm32cubeide_1.9.0/stm32cubeide/plugins/com.st.stm32cube.ide.mcu.externaltools.gnu-tools-for-stm32.10.3-2021.10.win32_1.0.0.202111181127/tools/bin/../lib/gcc/arm-none-eabi/10.3.1/thumb/v7e-m+fp/hard/crti.o
                0x0000000008006ad0                _fini
 .fini          0x0000000008006ad4        0x8 c:/st/stm32cubeide_1.9.0/stm32cubeide/plugins/com.st.stm32cube.ide.mcu.externaltools.gnu-tools-for-stm32.10.3-2021.10.win32_1.0.0.202111181127/tools/bin/../lib/gcc/arm-none-eabi/10.3.1/thumb/v7e-m+fp/hard/crtn.o
                0x0000000008006adc                . = ALIGN (0x4)
                0x0000000008006adc                _etext = .

.vfp11_veneer   0x0000000008006adc        0x0
 .vfp11_veneer  0x0000000008006adc        0x0 linker stubs

.v4_bx          0x0000000008006adc        0x0
 .v4_bx         0x0000000008006adc        0x0 linker stubs

.iplt           0x0000000008006adc        0x0
 .iplt          0x0000000008006adc        0x0 c:/st/stm32cubeide_1.9.0/stm32cubeide/plugins/com.st.stm32cube.ide.mcu.externaltools.gnu-tools-for-stm32.10.3-2021.10.win32_1.0.0.202111181127/tools/bin/../lib/gcc/arm-none-eabi/10.3.1/thumb/v7e-m+fp/hard/crtbegin.o

.rodata         0x0000000008006adc       0x48
                0x0000000008006adc                . = ALIGN (0x4)
 *(.rodata)
 *(.rodata*)
 .rodata.AHBPrescTable
                0x0000000008006adc       0x10 ./Core/Src/system_stm32l4xx.o
                0x0000000008006adc                AHBPrescTable
 .rodata.APBPrescTable
                0x0000000008006aec        0x8 ./Core/Src/system_stm32l4xx.o
                0x0000000008006aec                APBPrescTable
 .rodata.MSIRangeTable
                0x0000000008006af4       0x30 ./Core/Src/system_stm32l4xx.o
                0x0000000008006af4                MSIRangeTable
                0x0000000008006b24                . = ALIGN (0x4)

.ARM.extab      0x0000000008006b24        0x0
                0x0000000008006b24                . = ALIGN (0x4)
 *(.ARM.extab* .gnu.linkonce.armextab.*)
                0x0000000008006b24                . = ALIGN (0x4)

.ARM            0x0000000008006b24        0x8
                0x0000000008006b24                . = ALIGN (0x4)
                0x0000000008006b24                __exidx_start = .
 *(.ARM.exidx*)
 .ARM.exidx     0x0000000008006b24        0x8 c:/st/stm32cubeide_1.9.0/stm32cubeide/plugins/com.st.stm32cube.ide.mcu.externaltools.gnu-tools-for-stm32.10.3-2021.10.win32_1.0.0.202111181127/tools/bin/../lib/gcc/arm-none-eabi/10.3.1/thumb/v7e-m+fp/hard\libgcc.a(_udivmoddi4.o)
                0x0000000008006b2c                __exidx_end = .
                0x0000000008006b2c                . = ALIGN (0x4)

.rel.dyn        0x0000000008006b2c        0x0
 .rel.iplt      0x0000000008006b2c        0x0 c:/st/stm32cubeide_1.9.0/stm32cubeide/plugins/com.st.stm32cube.ide.mcu.externaltools.gnu-tools-for-stm32.10.3-2021.10.win32_1.0.0.202111181127/tools/bin/../lib/gcc/arm-none-eabi/10.3.1/thumb/v7e-m+fp/hard/crtbegin.o

.preinit_array  0x0000000008006b2c        0x0
                0x0000000008006b2c                . = ALIGN (0x4)
                0x0000000008006b2c                PROVIDE (__preinit_array_start = .)
 *(.preinit_array*)
                0x0000000008006b2c                PROVIDE (__preinit_array_end = .)
                0x0000000008006b2c                . = ALIGN (0x4)

.init_array     0x0000000008006b2c        0x4
                0x0000000008006b2c                . = ALIGN (0x4)
                0x0000000008006b2c                PROVIDE (__init_array_start = .)
 *(SORT_BY_NAME(.init_array.*))
 *(.init_array*)
 .init_array    0x0000000008006b2c        0x4 c:/st/stm32cubeide_1.9.0/stm32cubeide/plugins/com.st.stm32cube.ide.mcu.externaltools.gnu-tools-for-stm32.10.3-2021.10.win32_1.0.0.202111181127/tools/bin/../lib/gcc/arm-none-eabi/10.3.1/thumb/v7e-m+fp/hard/crtbegin.o
                0x0000000008006b30                PROVIDE (__init_array_end = .)
                0x0000000008006b30                . = ALIGN (0x4)

.fini_array     0x0000000008006b30        0x4
                0x0000000008006b30                . = ALIGN (0x4)
                [!provide]                        PROVIDE (__fini_array_start = .)
 *(SORT_BY_NAME(.fini_array.*))
 *(.fini_array*)
 .fini_array    0x0000000008006b30        0x4 c:/st/stm32cubeide_1.9.0/stm32cubeide/plugins/com.st.stm32cube.ide.mcu.externaltools.gnu-tools-for-stm32.10.3-2021.10.win32_1.0.0.202111181127/tools/bin/../lib/gcc/arm-none-eabi/10.3.1/thumb/v7e-m+fp/hard/crtbegin.o
                [!provide]                        PROVIDE (__fini_array_end = .)
                0x0000000008006b34                . = ALIGN (0x4)
                0x0000000008006b34                _sidata = LOADADDR (.data)

.data           0x0000000020000000      0x444 load address 0x0000000008006b34
                0x0000000020000000                . = ALIGN (0x4)
                0x0000000020000000                _sdata = .
 *(.data)
 *(.data*)
 .data.phase_A  0x0000000020000000      0x168 ./Core/Src/pwm_driver.o
                0x0000000020000000                phase_A
 .data.phase_B  0x0000000020000168      0x168 ./Core/Src/pwm_driver.o
                0x0000000020000168                phase_B
 .data.phase_C  0x00000000200002d0      0x168 ./Core/Src/pwm_driver.o
                0x00000000200002d0                phase_C
 .data.SystemCoreClock
                0x0000000020000438        0x4 ./Core/Src/system_stm32l4xx.o
                0x0000000020000438                SystemCoreClock
 .data.uwTickPrio
                0x000000002000043c        0x4 ./Drivers/STM32L4xx_HAL_Driver/Src/stm32l4xx_hal.o
                0x000000002000043c                uwTickPrio
 .data.uwTickFreq
                0x0000000020000440        0x1 ./Drivers/STM32L4xx_HAL_Driver/Src/stm32l4xx_hal.o
                0x0000000020000440                uwTickFreq
 *(.RamFunc)
 *(.RamFunc*)
                0x0000000020000444                . = ALIGN (0x4)
 *fill*         0x0000000020000441        0x3 
                0x0000000020000444                _edata = .

.igot.plt       0x0000000020000444        0x0 load address 0x0000000008006f78
 .igot.plt      0x0000000020000444        0x0 c:/st/stm32cubeide_1.9.0/stm32cubeide/plugins/com.st.stm32cube.ide.mcu.externaltools.gnu-tools-for-stm32.10.3-2021.10.win32_1.0.0.202111181127/tools/bin/../lib/gcc/arm-none-eabi/10.3.1/thumb/v7e-m+fp/hard/crtbegin.o
                0x0000000020000444                . = ALIGN (0x4)

.bss            0x0000000020000444      0x29c load address 0x0000000008006f78
                0x0000000020000444                _sbss = .
                0x0000000020000444                __bss_start__ = _sbss
 *(.bss)
 .bss           0x0000000020000444       0x1c c:/st/stm32cubeide_1.9.0/stm32cubeide/plugins/com.st.stm32cube.ide.mcu.externaltools.gnu-tools-for-stm32.10.3-2021.10.win32_1.0.0.202111181127/tools/bin/../lib/gcc/arm-none-eabi/10.3.1/thumb/v7e-m+fp/hard/crtbegin.o
 *(.bss*)
 .bss.IMU       0x0000000020000460       0x30 ./Core/Src/lsm6dso.o
                0x0000000020000460                IMU
 .bss.IO_IMU    0x0000000020000490       0x1c ./Core/Src/lsm6dso.o
                0x0000000020000490                IO_IMU
 .bss.capabilities_IMU
                0x00000000200004ac       0x1c ./Core/Src/lsm6dso.o
                0x00000000200004ac                capabilities_IMU
 .bss.hi2c1     0x00000000200004c8       0x4c ./Core/Src/main.o
                0x00000000200004c8                hi2c1
 .bss.hspi2     0x0000000020000514       0x64 ./Core/Src/main.o
                0x0000000020000514                hspi2
 .bss.htim2     0x0000000020000578       0x4c ./Core/Src/main.o
                0x0000000020000578                htim2
 .bss.htim3     0x00000000200005c4       0x4c ./Core/Src/main.o
                0x00000000200005c4                htim3
 .bss.huart2    0x0000000020000610       0x84 ./Core/Src/main.o
                0x0000000020000610                huart2
 .bss.buf_SPI_TX
                0x0000000020000694       0x14 ./Core/Src/main.o
                0x0000000020000694                buf_SPI_TX
 .bss.buf_SPI_RX
                0x00000000200006a8       0x14 ./Core/Src/main.o
                0x00000000200006a8                buf_SPI_RX
 .bss.acc_IMU   0x00000000200006bc        0xc ./Core/Src/main.o
                0x00000000200006bc                acc_IMU
 .bss.gyro_IMU  0x00000000200006c8        0xc ./Core/Src/main.o
                0x00000000200006c8                gyro_IMU
 .bss.cpt_pwm   0x00000000200006d4        0x4 ./Core/Src/pwm_driver.o
                0x00000000200006d4                cpt_pwm
 .bss.cpt_deg   0x00000000200006d8        0x4 ./Core/Src/pwm_driver.o
                0x00000000200006d8                cpt_deg
 .bss.uwTick    0x00000000200006dc        0x4 ./Drivers/STM32L4xx_HAL_Driver/Src/stm32l4xx_hal.o
                0x00000000200006dc                uwTick
 *(COMMON)
                0x00000000200006e0                . = ALIGN (0x4)
                0x00000000200006e0                _ebss = .
                0x00000000200006e0                __bss_end__ = _ebss

._user_heap_stack
                0x00000000200006e0      0x600 load address 0x0000000008006f78
                0x00000000200006e0                . = ALIGN (0x8)
                [!provide]                        PROVIDE (end = .)
                0x00000000200006e0                PROVIDE (_end = .)
                0x00000000200008e0                . = (. + _Min_Heap_Size)
 *fill*         0x00000000200006e0      0x200 
                0x0000000020000ce0                . = (. + _Min_Stack_Size)
 *fill*         0x00000000200008e0      0x400 
                0x0000000020000ce0                . = ALIGN (0x8)

/DISCARD/
 libc.a(*)
 libm.a(*)
 libgcc.a(*)

.ARM.attributes
                0x0000000000000000       0x30
 *(.ARM.attributes)
 .ARM.attributes
                0x0000000000000000       0x1e c:/st/stm32cubeide_1.9.0/stm32cubeide/plugins/com.st.stm32cube.ide.mcu.externaltools.gnu-tools-for-stm32.10.3-2021.10.win32_1.0.0.202111181127/tools/bin/../lib/gcc/arm-none-eabi/10.3.1/thumb/v7e-m+fp/hard/crti.o
 .ARM.attributes
                0x000000000000001e       0x34 c:/st/stm32cubeide_1.9.0/stm32cubeide/plugins/com.st.stm32cube.ide.mcu.externaltools.gnu-tools-for-stm32.10.3-2021.10.win32_1.0.0.202111181127/tools/bin/../lib/gcc/arm-none-eabi/10.3.1/thumb/v7e-m+fp/hard/crtbegin.o
 .ARM.attributes
                0x0000000000000052       0x34 ./Core/Src/drv8311.o
 .ARM.attributes
                0x0000000000000086       0x34 ./Core/Src/lsm6dso.o
 .ARM.attributes
                0x00000000000000ba       0x34 ./Core/Src/lsm6dso_reg.o
 .ARM.attributes
                0x00000000000000ee       0x34 ./Core/Src/main.o
 .ARM.attributes
                0x0000000000000122       0x34 ./Core/Src/pwm_driver.o
 .ARM.attributes
                0x0000000000000156       0x34 ./Core/Src/stm32l4xx_hal_msp.o
 .ARM.attributes
                0x000000000000018a       0x34 ./Core/Src/stm32l4xx_it.o
 .ARM.attributes
                0x00000000000001be       0x34 ./Core/Src/system_stm32l4xx.o
 .ARM.attributes
                0x00000000000001f2       0x21 ./Core/Startup/startup_stm32l476rgtx.o
 .ARM.attributes
                0x0000000000000213       0x34 ./Drivers/STM32L4xx_HAL_Driver/Src/stm32l4xx_hal.o
 .ARM.attributes
                0x0000000000000247       0x34 ./Drivers/STM32L4xx_HAL_Driver/Src/stm32l4xx_hal_cortex.o
 .ARM.attributes
                0x000000000000027b       0x34 ./Drivers/STM32L4xx_HAL_Driver/Src/stm32l4xx_hal_gpio.o
 .ARM.attributes
                0x00000000000002af       0x34 ./Drivers/STM32L4xx_HAL_Driver/Src/stm32l4xx_hal_i2c.o
 .ARM.attributes
                0x00000000000002e3       0x34 ./Drivers/STM32L4xx_HAL_Driver/Src/stm32l4xx_hal_i2c_ex.o
 .ARM.attributes
                0x0000000000000317       0x34 ./Drivers/STM32L4xx_HAL_Driver/Src/stm32l4xx_hal_pwr_ex.o
 .ARM.attributes
                0x000000000000034b       0x34 ./Drivers/STM32L4xx_HAL_Driver/Src/stm32l4xx_hal_rcc.o
 .ARM.attributes
                0x000000000000037f       0x34 ./Drivers/STM32L4xx_HAL_Driver/Src/stm32l4xx_hal_rcc_ex.o
 .ARM.attributes
                0x00000000000003b3       0x34 ./Drivers/STM32L4xx_HAL_Driver/Src/stm32l4xx_hal_spi.o
 .ARM.attributes
                0x00000000000003e7       0x34 ./Drivers/STM32L4xx_HAL_Driver/Src/stm32l4xx_hal_tim.o
 .ARM.attributes
                0x000000000000041b       0x34 ./Drivers/STM32L4xx_HAL_Driver/Src/stm32l4xx_hal_tim_ex.o
 .ARM.attributes
                0x000000000000044f       0x34 ./Drivers/STM32L4xx_HAL_Driver/Src/stm32l4xx_hal_uart.o
 .ARM.attributes
                0x0000000000000483       0x34 c:/st/stm32cubeide_1.9.0/stm32cubeide/plugins/com.st.stm32cube.ide.mcu.externaltools.gnu-tools-for-stm32.10.3-2021.10.win32_1.0.0.202111181127/tools/bin/../lib/gcc/arm-none-eabi/10.3.1/../../../../arm-none-eabi/lib/thumb/v7e-m+fp/hard\libc_nano.a(lib_a-init.o)
 .ARM.attributes
                0x00000000000004b7       0x34 c:/st/stm32cubeide_1.9.0/stm32cubeide/plugins/com.st.stm32cube.ide.mcu.externaltools.gnu-tools-for-stm32.10.3-2021.10.win32_1.0.0.202111181127/tools/bin/../lib/gcc/arm-none-eabi/10.3.1/../../../../arm-none-eabi/lib/thumb/v7e-m+fp/hard\libc_nano.a(lib_a-memset.o)
 .ARM.attributes
                0x00000000000004eb       0x1e c:/st/stm32cubeide_1.9.0/stm32cubeide/plugins/com.st.stm32cube.ide.mcu.externaltools.gnu-tools-for-stm32.10.3-2021.10.win32_1.0.0.202111181127/tools/bin/../lib/gcc/arm-none-eabi/10.3.1/thumb/v7e-m+fp/hard\libgcc.a(_aeabi_uldivmod.o)
 .ARM.attributes
                0x0000000000000509       0x34 c:/st/stm32cubeide_1.9.0/stm32cubeide/plugins/com.st.stm32cube.ide.mcu.externaltools.gnu-tools-for-stm32.10.3-2021.10.win32_1.0.0.202111181127/tools/bin/../lib/gcc/arm-none-eabi/10.3.1/thumb/v7e-m+fp/hard\libgcc.a(_udivmoddi4.o)
 .ARM.attributes
                0x000000000000053d       0x1e c:/st/stm32cubeide_1.9.0/stm32cubeide/plugins/com.st.stm32cube.ide.mcu.externaltools.gnu-tools-for-stm32.10.3-2021.10.win32_1.0.0.202111181127/tools/bin/../lib/gcc/arm-none-eabi/10.3.1/thumb/v7e-m+fp/hard\libgcc.a(_dvmd_tls.o)
 .ARM.attributes
                0x000000000000055b       0x1e c:/st/stm32cubeide_1.9.0/stm32cubeide/plugins/com.st.stm32cube.ide.mcu.externaltools.gnu-tools-for-stm32.10.3-2021.10.win32_1.0.0.202111181127/tools/bin/../lib/gcc/arm-none-eabi/10.3.1/thumb/v7e-m+fp/hard/crtn.o
OUTPUT(Proj_stab.elf elf32-littlearm)
LOAD linker stubs
LOAD c:/st/stm32cubeide_1.9.0/stm32cubeide/plugins/com.st.stm32cube.ide.mcu.externaltools.gnu-tools-for-stm32.10.3-2021.10.win32_1.0.0.202111181127/tools/bin/../lib/gcc/arm-none-eabi/10.3.1/../../../../arm-none-eabi/lib/thumb/v7e-m+fp/hard\libc.a
LOAD c:/st/stm32cubeide_1.9.0/stm32cubeide/plugins/com.st.stm32cube.ide.mcu.externaltools.gnu-tools-for-stm32.10.3-2021.10.win32_1.0.0.202111181127/tools/bin/../lib/gcc/arm-none-eabi/10.3.1/../../../../arm-none-eabi/lib/thumb/v7e-m+fp/hard\libm.a
LOAD c:/st/stm32cubeide_1.9.0/stm32cubeide/plugins/com.st.stm32cube.ide.mcu.externaltools.gnu-tools-for-stm32.10.3-2021.10.win32_1.0.0.202111181127/tools/bin/../lib/gcc/arm-none-eabi/10.3.1/thumb/v7e-m+fp/hard\libgcc.a

.debug_info     0x0000000000000000    0x2af6c
 .debug_info    0x0000000000000000      0x770 ./Core/Src/drv8311.o
 .debug_info    0x0000000000000770     0x7fd7 ./Core/Src/lsm6dso.o
 .debug_info    0x0000000000008747     0xd0d5 ./Core/Src/lsm6dso_reg.o
 .debug_info    0x000000000001581c     0x1a43 ./Core/Src/main.o
 .debug_info    0x000000000001725f      0x7dd ./Core/Src/pwm_driver.o
 .debug_info    0x0000000000017a3c     0x1aca ./Core/Src/stm32l4xx_hal_msp.o
 .debug_info    0x0000000000019506      0x7a3 ./Core/Src/stm32l4xx_it.o
 .debug_info    0x0000000000019ca9      0x5c2 ./Core/Src/system_stm32l4xx.o
 .debug_info    0x000000000001a26b       0x22 ./Core/Startup/startup_stm32l476rgtx.o
 .debug_info    0x000000000001a28d      0xc53 ./Drivers/STM32L4xx_HAL_Driver/Src/stm32l4xx_hal.o
 .debug_info    0x000000000001aee0      0xe1d ./Drivers/STM32L4xx_HAL_Driver/Src/stm32l4xx_hal_cortex.o
 .debug_info    0x000000000001bcfd      0x81d ./Drivers/STM32L4xx_HAL_Driver/Src/stm32l4xx_hal_gpio.o
 .debug_info    0x000000000001c51a     0x21cc ./Drivers/STM32L4xx_HAL_Driver/Src/stm32l4xx_hal_i2c.o
 .debug_info    0x000000000001e6e6      0xa27 ./Drivers/STM32L4xx_HAL_Driver/Src/stm32l4xx_hal_i2c_ex.o
 .debug_info    0x000000000001f10d      0x9ec ./Drivers/STM32L4xx_HAL_Driver/Src/stm32l4xx_hal_pwr_ex.o
 .debug_info    0x000000000001faf9      0xce9 ./Drivers/STM32L4xx_HAL_Driver/Src/stm32l4xx_hal_rcc.o
 .debug_info    0x00000000000207e2      0xe8e ./Drivers/STM32L4xx_HAL_Driver/Src/stm32l4xx_hal_rcc_ex.o
 .debug_info    0x0000000000021670     0x177e ./Drivers/STM32L4xx_HAL_Driver/Src/stm32l4xx_hal_spi.o
 .debug_info    0x0000000000022dee     0x2ccc ./Drivers/STM32L4xx_HAL_Driver/Src/stm32l4xx_hal_tim.o
 .debug_info    0x0000000000025aba     0x17b3 ./Drivers/STM32L4xx_HAL_Driver/Src/stm32l4xx_hal_tim_ex.o
 .debug_info    0x000000000002726d     0x3cff ./Drivers/STM32L4xx_HAL_Driver/Src/stm32l4xx_hal_uart.o

.debug_abbrev   0x0000000000000000     0x2d05
 .debug_abbrev  0x0000000000000000      0x169 ./Core/Src/drv8311.o
 .debug_abbrev  0x0000000000000169      0x3ca ./Core/Src/lsm6dso.o
 .debug_abbrev  0x0000000000000533      0x264 ./Core/Src/lsm6dso_reg.o
 .debug_abbrev  0x0000000000000797      0x2de ./Core/Src/main.o
 .debug_abbrev  0x0000000000000a75      0x185 ./Core/Src/pwm_driver.o
 .debug_abbrev  0x0000000000000bfa      0x227 ./Core/Src/stm32l4xx_hal_msp.o
 .debug_abbrev  0x0000000000000e21      0x1ca ./Core/Src/stm32l4xx_it.o
 .debug_abbrev  0x0000000000000feb      0x113 ./Core/Src/system_stm32l4xx.o
 .debug_abbrev  0x00000000000010fe       0x12 ./Core/Startup/startup_stm32l476rgtx.o
 .debug_abbrev  0x0000000000001110      0x237 ./Drivers/STM32L4xx_HAL_Driver/Src/stm32l4xx_hal.o
 .debug_abbrev  0x0000000000001347      0x313 ./Drivers/STM32L4xx_HAL_Driver/Src/stm32l4xx_hal_cortex.o
 .debug_abbrev  0x000000000000165a      0x1b8 ./Drivers/STM32L4xx_HAL_Driver/Src/stm32l4xx_hal_gpio.o
 .debug_abbrev  0x0000000000001812      0x240 ./Drivers/STM32L4xx_HAL_Driver/Src/stm32l4xx_hal_i2c.o
 .debug_abbrev  0x0000000000001a52      0x1ad ./Drivers/STM32L4xx_HAL_Driver/Src/stm32l4xx_hal_i2c_ex.o
 .debug_abbrev  0x0000000000001bff      0x1f0 ./Drivers/STM32L4xx_HAL_Driver/Src/stm32l4xx_hal_pwr_ex.o
 .debug_abbrev  0x0000000000001def      0x2ba ./Drivers/STM32L4xx_HAL_Driver/Src/stm32l4xx_hal_rcc.o
 .debug_abbrev  0x00000000000020a9      0x296 ./Drivers/STM32L4xx_HAL_Driver/Src/stm32l4xx_hal_rcc_ex.o
 .debug_abbrev  0x000000000000233f      0x251 ./Drivers/STM32L4xx_HAL_Driver/Src/stm32l4xx_hal_spi.o
 .debug_abbrev  0x0000000000002590      0x25a ./Drivers/STM32L4xx_HAL_Driver/Src/stm32l4xx_hal_tim.o
 .debug_abbrev  0x00000000000027ea      0x262 ./Drivers/STM32L4xx_HAL_Driver/Src/stm32l4xx_hal_tim_ex.o
 .debug_abbrev  0x0000000000002a4c      0x2b9 ./Drivers/STM32L4xx_HAL_Driver/Src/stm32l4xx_hal_uart.o

.debug_aranges  0x0000000000000000     0x20f0
 .debug_aranges
                0x0000000000000000       0x20 ./Core/Src/drv8311.o
 .debug_aranges
                0x0000000000000020      0x330 ./Core/Src/lsm6dso.o
 .debug_aranges
                0x0000000000000350      0xa78 ./Core/Src/lsm6dso_reg.o
 .debug_aranges
                0x0000000000000dc8       0x60 ./Core/Src/main.o
 .debug_aranges
                0x0000000000000e28       0x20 ./Core/Src/pwm_driver.o
 .debug_aranges
                0x0000000000000e48       0x60 ./Core/Src/stm32l4xx_hal_msp.o
 .debug_aranges
                0x0000000000000ea8       0x70 ./Core/Src/stm32l4xx_it.o
 .debug_aranges
                0x0000000000000f18       0x28 ./Core/Src/system_stm32l4xx.o
 .debug_aranges
                0x0000000000000f40       0x28 ./Core/Startup/startup_stm32l476rgtx.o
 .debug_aranges
                0x0000000000000f68      0x130 ./Drivers/STM32L4xx_HAL_Driver/Src/stm32l4xx_hal.o
 .debug_aranges
                0x0000000000001098      0x118 ./Drivers/STM32L4xx_HAL_Driver/Src/stm32l4xx_hal_cortex.o
 .debug_aranges
                0x00000000000011b0       0x58 ./Drivers/STM32L4xx_HAL_Driver/Src/stm32l4xx_hal_gpio.o
 .debug_aranges
                0x0000000000001208      0x290 ./Drivers/STM32L4xx_HAL_Driver/Src/stm32l4xx_hal_i2c.o
 .debug_aranges
                0x0000000000001498       0x48 ./Drivers/STM32L4xx_HAL_Driver/Src/stm32l4xx_hal_i2c_ex.o
 .debug_aranges
                0x00000000000014e0      0x160 ./Drivers/STM32L4xx_HAL_Driver/Src/stm32l4xx_hal_pwr_ex.o
 .debug_aranges
                0x0000000000001640       0x90 ./Drivers/STM32L4xx_HAL_Driver/Src/stm32l4xx_hal_rcc.o
 .debug_aranges
                0x00000000000016d0       0xc0 ./Drivers/STM32L4xx_HAL_Driver/Src/stm32l4xx_hal_rcc_ex.o
 .debug_aranges
                0x0000000000001790      0x1d8 ./Drivers/STM32L4xx_HAL_Driver/Src/stm32l4xx_hal_spi.o
 .debug_aranges
                0x0000000000001968      0x3e0 ./Drivers/STM32L4xx_HAL_Driver/Src/stm32l4xx_hal_tim.o
 .debug_aranges
                0x0000000000001d48      0x180 ./Drivers/STM32L4xx_HAL_Driver/Src/stm32l4xx_hal_tim_ex.o
 .debug_aranges
                0x0000000000001ec8      0x228 ./Drivers/STM32L4xx_HAL_Driver/Src/stm32l4xx_hal_uart.o

.debug_ranges   0x0000000000000000     0x1ff0
 .debug_ranges  0x0000000000000000       0x10 ./Core/Src/drv8311.o
 .debug_ranges  0x0000000000000010      0x338 ./Core/Src/lsm6dso.o
 .debug_ranges  0x0000000000000348      0xa68 ./Core/Src/lsm6dso_reg.o
 .debug_ranges  0x0000000000000db0       0x50 ./Core/Src/main.o
 .debug_ranges  0x0000000000000e00       0x10 ./Core/Src/pwm_driver.o
 .debug_ranges  0x0000000000000e10       0x50 ./Core/Src/stm32l4xx_hal_msp.o
 .debug_ranges  0x0000000000000e60       0x60 ./Core/Src/stm32l4xx_it.o
 .debug_ranges  0x0000000000000ec0       0x18 ./Core/Src/system_stm32l4xx.o
 .debug_ranges  0x0000000000000ed8       0x20 ./Core/Startup/startup_stm32l476rgtx.o
 .debug_ranges  0x0000000000000ef8      0x120 ./Drivers/STM32L4xx_HAL_Driver/Src/stm32l4xx_hal.o
 .debug_ranges  0x0000000000001018      0x108 ./Drivers/STM32L4xx_HAL_Driver/Src/stm32l4xx_hal_cortex.o
 .debug_ranges  0x0000000000001120       0x48 ./Drivers/STM32L4xx_HAL_Driver/Src/stm32l4xx_hal_gpio.o
 .debug_ranges  0x0000000000001168      0x280 ./Drivers/STM32L4xx_HAL_Driver/Src/stm32l4xx_hal_i2c.o
 .debug_ranges  0x00000000000013e8       0x38 ./Drivers/STM32L4xx_HAL_Driver/Src/stm32l4xx_hal_i2c_ex.o
 .debug_ranges  0x0000000000001420      0x150 ./Drivers/STM32L4xx_HAL_Driver/Src/stm32l4xx_hal_pwr_ex.o
 .debug_ranges  0x0000000000001570       0x80 ./Drivers/STM32L4xx_HAL_Driver/Src/stm32l4xx_hal_rcc.o
 .debug_ranges  0x00000000000015f0       0xb0 ./Drivers/STM32L4xx_HAL_Driver/Src/stm32l4xx_hal_rcc_ex.o
 .debug_ranges  0x00000000000016a0      0x1c8 ./Drivers/STM32L4xx_HAL_Driver/Src/stm32l4xx_hal_spi.o
 .debug_ranges  0x0000000000001868      0x3d0 ./Drivers/STM32L4xx_HAL_Driver/Src/stm32l4xx_hal_tim.o
 .debug_ranges  0x0000000000001c38      0x170 ./Drivers/STM32L4xx_HAL_Driver/Src/stm32l4xx_hal_tim_ex.o
 .debug_ranges  0x0000000000001da8      0x248 ./Drivers/STM32L4xx_HAL_Driver/Src/stm32l4xx_hal_uart.o

.debug_line     0x0000000000000000    0x19ca5
 .debug_line    0x0000000000000000      0x356 ./Core/Src/drv8311.o
 .debug_line    0x0000000000000356     0x227c ./Core/Src/lsm6dso.o
 .debug_line    0x00000000000025d2     0x59f7 ./Core/Src/lsm6dso_reg.o
 .debug_line    0x0000000000007fc9      0x60d ./Core/Src/main.o
 .debug_line    0x00000000000085d6      0x2ff ./Core/Src/pwm_driver.o
 .debug_line    0x00000000000088d5      0x4a8 ./Core/Src/stm32l4xx_hal_msp.o
 .debug_line    0x0000000000008d7d      0x377 ./Core/Src/stm32l4xx_it.o
 .debug_line    0x00000000000090f4      0x2f8 ./Core/Src/system_stm32l4xx.o
 .debug_line    0x00000000000093ec       0x88 ./Core/Startup/startup_stm32l476rgtx.o
 .debug_line    0x0000000000009474      0x6b9 ./Drivers/STM32L4xx_HAL_Driver/Src/stm32l4xx_hal.o
 .debug_line    0x0000000000009b2d      0x83d ./Drivers/STM32L4xx_HAL_Driver/Src/stm32l4xx_hal_cortex.o
 .debug_line    0x000000000000a36a      0x6da ./Drivers/STM32L4xx_HAL_Driver/Src/stm32l4xx_hal_gpio.o
 .debug_line    0x000000000000aa44     0x2f36 ./Drivers/STM32L4xx_HAL_Driver/Src/stm32l4xx_hal_i2c.o
 .debug_line    0x000000000000d97a      0x4aa ./Drivers/STM32L4xx_HAL_Driver/Src/stm32l4xx_hal_i2c_ex.o
 .debug_line    0x000000000000de24      0x8b4 ./Drivers/STM32L4xx_HAL_Driver/Src/stm32l4xx_hal_pwr_ex.o
 .debug_line    0x000000000000e6d8      0xb36 ./Drivers/STM32L4xx_HAL_Driver/Src/stm32l4xx_hal_rcc.o
 .debug_line    0x000000000000f20e     0x109f ./Drivers/STM32L4xx_HAL_Driver/Src/stm32l4xx_hal_rcc_ex.o
 .debug_line    0x00000000000102ad     0x1aee ./Drivers/STM32L4xx_HAL_Driver/Src/stm32l4xx_hal_spi.o
 .debug_line    0x0000000000011d9b     0x38ee ./Drivers/STM32L4xx_HAL_Driver/Src/stm32l4xx_hal_tim.o
 .debug_line    0x0000000000015689     0x17a5 ./Drivers/STM32L4xx_HAL_Driver/Src/stm32l4xx_hal_tim_ex.o
 .debug_line    0x0000000000016e2e     0x2e77 ./Drivers/STM32L4xx_HAL_Driver/Src/stm32l4xx_hal_uart.o

.debug_str      0x0000000000000000     0xd823
 .debug_str     0x0000000000000000      0x5d3 ./Core/Src/drv8311.o
                                        0x68d (size before relaxing)
 .debug_str     0x00000000000005d3     0x47c3 ./Core/Src/lsm6dso.o
                                       0x4e80 (size before relaxing)
 .debug_str     0x0000000000004d96     0x36c8 ./Core/Src/lsm6dso_reg.o
                                       0x69aa (size before relaxing)
 .debug_str     0x000000000000845e      0x9f4 ./Core/Src/main.o
                                       0x13ad (size before relaxing)
 .debug_str     0x0000000000008e52       0x5b ./Core/Src/pwm_driver.o
                                        0x6ba (size before relaxing)
 .debug_str     0x0000000000008ead      0x8a5 ./Core/Src/stm32l4xx_hal_msp.o
                                       0x179f (size before relaxing)
 .debug_str     0x0000000000009752       0xea ./Core/Src/stm32l4xx_it.o
                                        0x78f (size before relaxing)
 .debug_str     0x000000000000983c       0xf2 ./Core/Src/system_stm32l4xx.o
                                        0x3df (size before relaxing)
 .debug_str     0x000000000000992e       0x36 ./Core/Startup/startup_stm32l476rgtx.o
                                         0x70 (size before relaxing)
 .debug_str     0x0000000000009964      0x4e7 ./Drivers/STM32L4xx_HAL_Driver/Src/stm32l4xx_hal.o
                                        0xd6a (size before relaxing)
 .debug_str     0x0000000000009e4b      0x40a ./Drivers/STM32L4xx_HAL_Driver/Src/stm32l4xx_hal_cortex.o
                                        0xc26 (size before relaxing)
 .debug_str     0x000000000000a255      0x100 ./Drivers/STM32L4xx_HAL_Driver/Src/stm32l4xx_hal_gpio.o
                                        0x546 (size before relaxing)
 .debug_str     0x000000000000a355      0x885 ./Drivers/STM32L4xx_HAL_Driver/Src/stm32l4xx_hal_i2c.o
                                        0xfa3 (size before relaxing)
 .debug_str     0x000000000000abda       0xb8 ./Drivers/STM32L4xx_HAL_Driver/Src/stm32l4xx_hal_i2c_ex.o
                                        0x900 (size before relaxing)
 .debug_str     0x000000000000ac92      0x575 ./Drivers/STM32L4xx_HAL_Driver/Src/stm32l4xx_hal_pwr_ex.o
                                        0x855 (size before relaxing)
 .debug_str     0x000000000000b207      0x1c5 ./Drivers/STM32L4xx_HAL_Driver/Src/stm32l4xx_hal_rcc.o
                                        0x8a2 (size before relaxing)
 .debug_str     0x000000000000b3cc      0x2f7 ./Drivers/STM32L4xx_HAL_Driver/Src/stm32l4xx_hal_rcc_ex.o
                                        0xac1 (size before relaxing)
 .debug_str     0x000000000000b6c3      0x548 ./Drivers/STM32L4xx_HAL_Driver/Src/stm32l4xx_hal_spi.o
                                        0xbe7 (size before relaxing)
 .debug_str     0x000000000000bc0b      0xea9 ./Drivers/STM32L4xx_HAL_Driver/Src/stm32l4xx_hal_tim.o
                                       0x170f (size before relaxing)
 .debug_str     0x000000000000cab4      0x5e3 ./Drivers/STM32L4xx_HAL_Driver/Src/stm32l4xx_hal_tim_ex.o
                                       0x1033 (size before relaxing)
 .debug_str     0x000000000000d097      0x78c ./Drivers/STM32L4xx_HAL_Driver/Src/stm32l4xx_hal_uart.o
                                        0xfe1 (size before relaxing)

.comment        0x0000000000000000       0x50
 .comment       0x0000000000000000       0x50 ./Core/Src/drv8311.o
                                         0x51 (size before relaxing)
 .comment       0x0000000000000050       0x51 ./Core/Src/lsm6dso.o
 .comment       0x0000000000000050       0x51 ./Core/Src/lsm6dso_reg.o
 .comment       0x0000000000000050       0x51 ./Core/Src/main.o
 .comment       0x0000000000000050       0x51 ./Core/Src/pwm_driver.o
 .comment       0x0000000000000050       0x51 ./Core/Src/stm32l4xx_hal_msp.o
 .comment       0x0000000000000050       0x51 ./Core/Src/stm32l4xx_it.o
 .comment       0x0000000000000050       0x51 ./Core/Src/system_stm32l4xx.o
 .comment       0x0000000000000050       0x51 ./Drivers/STM32L4xx_HAL_Driver/Src/stm32l4xx_hal.o
 .comment       0x0000000000000050       0x51 ./Drivers/STM32L4xx_HAL_Driver/Src/stm32l4xx_hal_cortex.o
 .comment       0x0000000000000050       0x51 ./Drivers/STM32L4xx_HAL_Driver/Src/stm32l4xx_hal_gpio.o
 .comment       0x0000000000000050       0x51 ./Drivers/STM32L4xx_HAL_Driver/Src/stm32l4xx_hal_i2c.o
 .comment       0x0000000000000050       0x51 ./Drivers/STM32L4xx_HAL_Driver/Src/stm32l4xx_hal_i2c_ex.o
 .comment       0x0000000000000050       0x51 ./Drivers/STM32L4xx_HAL_Driver/Src/stm32l4xx_hal_pwr_ex.o
 .comment       0x0000000000000050       0x51 ./Drivers/STM32L4xx_HAL_Driver/Src/stm32l4xx_hal_rcc.o
 .comment       0x0000000000000050       0x51 ./Drivers/STM32L4xx_HAL_Driver/Src/stm32l4xx_hal_rcc_ex.o
 .comment       0x0000000000000050       0x51 ./Drivers/STM32L4xx_HAL_Driver/Src/stm32l4xx_hal_spi.o
 .comment       0x0000000000000050       0x51 ./Drivers/STM32L4xx_HAL_Driver/Src/stm32l4xx_hal_tim.o
 .comment       0x0000000000000050       0x51 ./Drivers/STM32L4xx_HAL_Driver/Src/stm32l4xx_hal_tim_ex.o
 .comment       0x0000000000000050       0x51 ./Drivers/STM32L4xx_HAL_Driver/Src/stm32l4xx_hal_uart.o

.debug_frame    0x0000000000000000     0x8f90
 .debug_frame   0x0000000000000000       0x34 ./Core/Src/drv8311.o
 .debug_frame   0x0000000000000034      0xe18 ./Core/Src/lsm6dso.o
 .debug_frame   0x0000000000000e4c     0x2f24 ./Core/Src/lsm6dso_reg.o
 .debug_frame   0x0000000000003d70      0x12c ./Core/Src/main.o
 .debug_frame   0x0000000000003e9c       0x34 ./Core/Src/pwm_driver.o
 .debug_frame   0x0000000000003ed0      0x160 ./Core/Src/stm32l4xx_hal_msp.o
 .debug_frame   0x0000000000004030      0x13c ./Core/Src/stm32l4xx_it.o
 .debug_frame   0x000000000000416c       0x58 ./Core/Src/system_stm32l4xx.o
 .debug_frame   0x00000000000041c4      0x498 ./Drivers/STM32L4xx_HAL_Driver/Src/stm32l4xx_hal.o
 .debug_frame   0x000000000000465c      0x498 ./Drivers/STM32L4xx_HAL_Driver/Src/stm32l4xx_hal_cortex.o
 .debug_frame   0x0000000000004af4      0x14c ./Drivers/STM32L4xx_HAL_Driver/Src/stm32l4xx_hal_gpio.o
 .debug_frame   0x0000000000004c40      0xbe8 ./Drivers/STM32L4xx_HAL_Driver/Src/stm32l4xx_hal_i2c.o
 .debug_frame   0x0000000000005828      0x100 ./Drivers/STM32L4xx_HAL_Driver/Src/stm32l4xx_hal_i2c_ex.o
 .debug_frame   0x0000000000005928      0x584 ./Drivers/STM32L4xx_HAL_Driver/Src/stm32l4xx_hal_pwr_ex.o
 .debug_frame   0x0000000000005eac      0x21c ./Drivers/STM32L4xx_HAL_Driver/Src/stm32l4xx_hal_rcc.o
 .debug_frame   0x00000000000060c8      0x2fc ./Drivers/STM32L4xx_HAL_Driver/Src/stm32l4xx_hal_rcc_ex.o
 .debug_frame   0x00000000000063c4      0x860 ./Drivers/STM32L4xx_HAL_Driver/Src/stm32l4xx_hal_spi.o
 .debug_frame   0x0000000000006c24     0x121c ./Drivers/STM32L4xx_HAL_Driver/Src/stm32l4xx_hal_tim.o
 .debug_frame   0x0000000000007e40      0x6b0 ./Drivers/STM32L4xx_HAL_Driver/Src/stm32l4xx_hal_tim_ex.o
 .debug_frame   0x00000000000084f0      0x9f4 ./Drivers/STM32L4xx_HAL_Driver/Src/stm32l4xx_hal_uart.o
 .debug_frame   0x0000000000008ee4       0x2c c:/st/stm32cubeide_1.9.0/stm32cubeide/plugins/com.st.stm32cube.ide.mcu.externaltools.gnu-tools-for-stm32.10.3-2021.10.win32_1.0.0.202111181127/tools/bin/../lib/gcc/arm-none-eabi/10.3.1/../../../../arm-none-eabi/lib/thumb/v7e-m+fp/hard\libc_nano.a(lib_a-init.o)
 .debug_frame   0x0000000000008f10       0x20 c:/st/stm32cubeide_1.9.0/stm32cubeide/plugins/com.st.stm32cube.ide.mcu.externaltools.gnu-tools-for-stm32.10.3-2021.10.win32_1.0.0.202111181127/tools/bin/../lib/gcc/arm-none-eabi/10.3.1/../../../../arm-none-eabi/lib/thumb/v7e-m+fp/hard\libc_nano.a(lib_a-memset.o)
 .debug_frame   0x0000000000008f30       0x2c c:/st/stm32cubeide_1.9.0/stm32cubeide/plugins/com.st.stm32cube.ide.mcu.externaltools.gnu-tools-for-stm32.10.3-2021.10.win32_1.0.0.202111181127/tools/bin/../lib/gcc/arm-none-eabi/10.3.1/thumb/v7e-m+fp/hard\libgcc.a(_aeabi_uldivmod.o)
 .debug_frame   0x0000000000008f5c       0x34 c:/st/stm32cubeide_1.9.0/stm32cubeide/plugins/com.st.stm32cube.ide.mcu.externaltools.gnu-tools-for-stm32.10.3-2021.10.win32_1.0.0.202111181127/tools/bin/../lib/gcc/arm-none-eabi/10.3.1/thumb/v7e-m+fp/hard\libgcc.a(_udivmoddi4.o)
