Archive member included to satisfy reference by file (symbol)

C:\Users\be06.BREIZELEC\STM32Cube\Repository\Packs\STMicroelectronics\X-CUBE-MEMS1\9.2.0\Middlewares\ST\STM32_MotionDI_Library\Lib\MotionDI_CM4F_wc32_ot_hard.a(motion_di.o)
                              ./Core/Src/datas_fusion.o (MotionDI_Initialize)
c:/st/stm32cubeide_1.9.0/stm32cubeide/plugins/com.st.stm32cube.ide.mcu.externaltools.gnu-tools-for-stm32.10.3-2021.10.win32_1.0.0.202111181127/tools/bin/../lib/gcc/arm-none-eabi/10.3.1/../../../../arm-none-eabi/lib/thumb/v7e-m+fp/hard\libc_nano.a(lib_a-errno.o)
                              ./Core/Src/syscalls.o (__errno)
c:/st/stm32cubeide_1.9.0/stm32cubeide/plugins/com.st.stm32cube.ide.mcu.externaltools.gnu-tools-for-stm32.10.3-2021.10.win32_1.0.0.202111181127/tools/bin/../lib/gcc/arm-none-eabi/10.3.1/../../../../arm-none-eabi/lib/thumb/v7e-m+fp/hard\libc_nano.a(lib_a-exit.o)
                              c:/st/stm32cubeide_1.9.0/stm32cubeide/plugins/com.st.stm32cube.ide.mcu.externaltools.gnu-tools-for-stm32.10.3-2021.10.win32_1.0.0.202111181127/tools/bin/../lib/gcc/arm-none-eabi/10.3.1/../../../../arm-none-eabi/lib/thumb/v7e-m+fp/hard/crt0.o (exit)
c:/st/stm32cubeide_1.9.0/stm32cubeide/plugins/com.st.stm32cube.ide.mcu.externaltools.gnu-tools-for-stm32.10.3-2021.10.win32_1.0.0.202111181127/tools/bin/../lib/gcc/arm-none-eabi/10.3.1/../../../../arm-none-eabi/lib/thumb/v7e-m+fp/hard\libc_nano.a(lib_a-impure.o)
                              c:/st/stm32cubeide_1.9.0/stm32cubeide/plugins/com.st.stm32cube.ide.mcu.externaltools.gnu-tools-for-stm32.10.3-2021.10.win32_1.0.0.202111181127/tools/bin/../lib/gcc/arm-none-eabi/10.3.1/../../../../arm-none-eabi/lib/thumb/v7e-m+fp/hard\libc_nano.a(lib_a-exit.o) (_global_impure_ptr)
c:/st/stm32cubeide_1.9.0/stm32cubeide/plugins/com.st.stm32cube.ide.mcu.externaltools.gnu-tools-for-stm32.10.3-2021.10.win32_1.0.0.202111181127/tools/bin/../lib/gcc/arm-none-eabi/10.3.1/../../../../arm-none-eabi/lib/thumb/v7e-m+fp/hard\libc_nano.a(lib_a-init.o)
                              c:/st/stm32cubeide_1.9.0/stm32cubeide/plugins/com.st.stm32cube.ide.mcu.externaltools.gnu-tools-for-stm32.10.3-2021.10.win32_1.0.0.202111181127/tools/bin/../lib/gcc/arm-none-eabi/10.3.1/../../../../arm-none-eabi/lib/thumb/v7e-m+fp/hard/crt0.o (__libc_init_array)
c:/st/stm32cubeide_1.9.0/stm32cubeide/plugins/com.st.stm32cube.ide.mcu.externaltools.gnu-tools-for-stm32.10.3-2021.10.win32_1.0.0.202111181127/tools/bin/../lib/gcc/arm-none-eabi/10.3.1/../../../../arm-none-eabi/lib/thumb/v7e-m+fp/hard\libc_nano.a(lib_a-memcpy-stub.o)
                              C:\Users\be06.BREIZELEC\STM32Cube\Repository\Packs\STMicroelectronics\X-CUBE-MEMS1\9.2.0\Middlewares\ST\STM32_MotionDI_Library\Lib\MotionDI_CM4F_wc32_ot_hard.a(motion_di.o) (memcpy)
c:/st/stm32cubeide_1.9.0/stm32cubeide/plugins/com.st.stm32cube.ide.mcu.externaltools.gnu-tools-for-stm32.10.3-2021.10.win32_1.0.0.202111181127/tools/bin/../lib/gcc/arm-none-eabi/10.3.1/../../../../arm-none-eabi/lib/thumb/v7e-m+fp/hard\libc_nano.a(lib_a-memset.o)
                              c:/st/stm32cubeide_1.9.0/stm32cubeide/plugins/com.st.stm32cube.ide.mcu.externaltools.gnu-tools-for-stm32.10.3-2021.10.win32_1.0.0.202111181127/tools/bin/../lib/gcc/arm-none-eabi/10.3.1/../../../../arm-none-eabi/lib/thumb/v7e-m+fp/hard/crt0.o (memset)
c:/st/stm32cubeide_1.9.0/stm32cubeide/plugins/com.st.stm32cube.ide.mcu.externaltools.gnu-tools-for-stm32.10.3-2021.10.win32_1.0.0.202111181127/tools/bin/../lib/gcc/arm-none-eabi/10.3.1/../../../../arm-none-eabi/lib/thumb/v7e-m+fp/hard\libm.a(lib_a-s_floor.o)
                              C:\Users\be06.BREIZELEC\STM32Cube\Repository\Packs\STMicroelectronics\X-CUBE-MEMS1\9.2.0\Middlewares\ST\STM32_MotionDI_Library\Lib\MotionDI_CM4F_wc32_ot_hard.a(motion_di.o) (floor)
c:/st/stm32cubeide_1.9.0/stm32cubeide/plugins/com.st.stm32cube.ide.mcu.externaltools.gnu-tools-for-stm32.10.3-2021.10.win32_1.0.0.202111181127/tools/bin/../lib/gcc/arm-none-eabi/10.3.1/../../../../arm-none-eabi/lib/thumb/v7e-m+fp/hard\libm.a(lib_a-sf_cos.o)
                              C:\Users\be06.BREIZELEC\STM32Cube\Repository\Packs\STMicroelectronics\X-CUBE-MEMS1\9.2.0\Middlewares\ST\STM32_MotionDI_Library\Lib\MotionDI_CM4F_wc32_ot_hard.a(motion_di.o) (cosf)
c:/st/stm32cubeide_1.9.0/stm32cubeide/plugins/com.st.stm32cube.ide.mcu.externaltools.gnu-tools-for-stm32.10.3-2021.10.win32_1.0.0.202111181127/tools/bin/../lib/gcc/arm-none-eabi/10.3.1/../../../../arm-none-eabi/lib/thumb/v7e-m+fp/hard\libm.a(lib_a-sf_round.o)
                              C:\Users\be06.BREIZELEC\STM32Cube\Repository\Packs\STMicroelectronics\X-CUBE-MEMS1\9.2.0\Middlewares\ST\STM32_MotionDI_Library\Lib\MotionDI_CM4F_wc32_ot_hard.a(motion_di.o) (roundf)
c:/st/stm32cubeide_1.9.0/stm32cubeide/plugins/com.st.stm32cube.ide.mcu.externaltools.gnu-tools-for-stm32.10.3-2021.10.win32_1.0.0.202111181127/tools/bin/../lib/gcc/arm-none-eabi/10.3.1/../../../../arm-none-eabi/lib/thumb/v7e-m+fp/hard\libm.a(lib_a-sf_sin.o)
[...]
Memory Configuration

Name             Origin             Length             Attributes
RAM              0x0000000020000000 0x0000000000018000 xrw
RAM2             0x0000000010000000 0x0000000000008000 xrw
FLASH            0x0000000008000000 0x0000000000100000 xr
*default*        0x0000000000000000 0xffffffffffffffff

Linker script and memory map

LOAD c:/st/stm32cubeide_1.9.0/stm32cubeide/plugins/com.st.stm32cube.ide.mcu.externaltools.gnu-tools-for-stm32.10.3-2021.10.win32_1.0.0.202111181127/tools/bin/../lib/gcc/arm-none-eabi/10.3.1/thumb/v7e-m+fp/hard/crti.o
LOAD c:/st/stm32cubeide_1.9.0/stm32cubeide/plugins/com.st.stm32cube.ide.mcu.externaltools.gnu-tools-for-stm32.10.3-2021.10.win32_1.0.0.202111181127/tools/bin/../lib/gcc/arm-none-eabi/10.3.1/thumb/v7e-m+fp/hard/crtbegin.o
LOAD c:/st/stm32cubeide_1.9.0/stm32cubeide/plugins/com.st.stm32cube.ide.mcu.externaltools.gnu-tools-for-stm32.10.3-2021.10.win32_1.0.0.202111181127/tools/bin/../lib/gcc/arm-none-eabi/10.3.1/../../../../arm-none-eabi/lib/thumb/v7e-m+fp/hard/crt0.o
LOAD ./Core/Src/datas_fusion.o
LOAD ./Core/Src/drv8311.o
LOAD ./Core/Src/lsm6dso.o
LOAD ./Core/Src/lsm6dso_reg.o
LOAD ./Core/Src/lsm9ds1.o
LOAD ./Core/Src/main.o
LOAD ./Core/Src/motion_di_manager.o
LOAD ./Core/Src/pwm_driver.o
LOAD ./Core/Src/regulator.o
LOAD ./Core/Src/stm32l4xx_hal_msp.o
LOAD ./Core/Src/stm32l4xx_it.o
LOAD ./Core/Src/syscalls.o
LOAD ./Core/Src/sysmem.o
LOAD ./Core/Src/system_stm32l4xx.o
LOAD ./Core/Startup/startup_stm32l476rgtx.o
LOAD ./Drivers/STM32L4xx_HAL_Driver/Src/stm32l4xx_hal.o
LOAD ./Drivers/STM32L4xx_HAL_Driver/Src/stm32l4xx_hal_cortex.o
LOAD ./Drivers/STM32L4xx_HAL_Driver/Src/stm32l4xx_hal_crc.o
LOAD ./Drivers/STM32L4xx_HAL_Driver/Src/stm32l4xx_hal_crc_ex.o
LOAD ./Drivers/STM32L4xx_HAL_Driver/Src/stm32l4xx_hal_dma.o
LOAD ./Drivers/STM32L4xx_HAL_Driver/Src/stm32l4xx_hal_dma_ex.o
LOAD ./Drivers/STM32L4xx_HAL_Driver/Src/stm32l4xx_hal_exti.o
LOAD ./Drivers/STM32L4xx_HAL_Driver/Src/stm32l4xx_hal_flash.o
LOAD ./Drivers/STM32L4xx_HAL_Driver/Src/stm32l4xx_hal_flash_ex.o
LOAD ./Drivers/STM32L4xx_HAL_Driver/Src/stm32l4xx_hal_flash_ramfunc.o
LOAD ./Drivers/STM32L4xx_HAL_Driver/Src/stm32l4xx_hal_gpio.o
LOAD ./Drivers/STM32L4xx_HAL_Driver/Src/stm32l4xx_hal_i2c.o
LOAD ./Drivers/STM32L4xx_HAL_Driver/Src/stm32l4xx_hal_i2c_ex.o
LOAD ./Drivers/STM32L4xx_HAL_Driver/Src/stm32l4xx_hal_pwr.o
LOAD ./Drivers/STM32L4xx_HAL_Driver/Src/stm32l4xx_hal_pwr_ex.o
LOAD ./Drivers/STM32L4xx_HAL_Driver/Src/stm32l4xx_hal_rcc.o
LOAD ./Drivers/STM32L4xx_HAL_Driver/Src/stm32l4xx_hal_rcc_ex.o
LOAD ./Drivers/STM32L4xx_HAL_Driver/Src/stm32l4xx_hal_rtc.o
LOAD ./Drivers/STM32L4xx_HAL_Driver/Src/stm32l4xx_hal_rtc_ex.o
LOAD ./Drivers/STM32L4xx_HAL_Driver/Src/stm32l4xx_hal_spi.o
LOAD ./Drivers/STM32L4xx_HAL_Driver/Src/stm32l4xx_hal_spi_ex.o
LOAD ./Drivers/STM32L4xx_HAL_Driver/Src/stm32l4xx_hal_tim.o
LOAD ./Drivers/STM32L4xx_HAL_Driver/Src/stm32l4xx_hal_tim_ex.o
LOAD ./Drivers/STM32L4xx_HAL_Driver/Src/stm32l4xx_hal_uart.o
LOAD ./Drivers/STM32L4xx_HAL_Driver/Src/stm32l4xx_hal_uart_ex.o
LOAD C:\Users\be06.BREIZELEC\STM32Cube\Repository\Packs\STMicroelectronics\X-CUBE-MEMS1\9.2.0\Middlewares\ST\STM32_MotionDI_Library\Lib\MotionDI_CM4F_wc32_ot_hard.a
START GROUP
LOAD c:/st/stm32cubeide_1.9.0/stm32cubeide/plugins/com.st.stm32cube.ide.mcu.externaltools.gnu-tools-for-stm32.10.3-2021.10.win32_1.0.0.202111181127/tools/bin/../lib/gcc/arm-none-eabi/10.3.1/../../../../arm-none-eabi/lib/thumb/v7e-m+fp/hard\libc_nano.a
LOAD c:/st/stm32cubeide_1.9.0/stm32cubeide/plugins/com.st.stm32cube.ide.mcu.externaltools.gnu-tools-for-stm32.10.3-2021.10.win32_1.0.0.202111181127/tools/bin/../lib/gcc/arm-none-eabi/10.3.1/../../../../arm-none-eabi/lib/thumb/v7e-m+fp/hard\libm.a
END GROUP
START GROUP
LOAD c:/st/stm32cubeide_1.9.0/stm32cubeide/plugins/com.st.stm32cube.ide.mcu.externaltools.gnu-tools-for-stm32.10.3-2021.10.win32_1.0.0.202111181127/tools/bin/../lib/gcc/arm-none-eabi/10.3.1/thumb/v7e-m+fp/hard\libgcc.a
LOAD c:/st/stm32cubeide_1.9.0/stm32cubeide/plugins/com.st.stm32cube.ide.mcu.externaltools.gnu-tools-for-stm32.10.3-2021.10.win32_1.0.0.202111181127/tools/bin/../lib/gcc/arm-none-eabi/10.3.1/../../../../arm-none-eabi/lib/thumb/v7e-m+fp/hard\libc_nano.a
END GROUP
START GROUP
LOAD c:/st/stm32cubeide_1.9.0/stm32cubeide/plugins/com.st.stm32cube.ide.mcu.externaltools.gnu-tools-for-stm32.10.3-2021.10.win32_1.0.0.202111181127/tools/bin/../lib/gcc/arm-none-eabi/10.3.1/thumb/v7e-m+fp/hard\libgcc.a
LOAD c:/st/stm32cubeide_1.9.0/stm32cubeide/plugins/com.st.stm32cube.ide.mcu.externaltools.gnu-tools-for-stm32.10.3-2021.10.win32_1.0.0.202111181127/tools/bin/../lib/gcc/arm-none-eabi/10.3.1/../../../../arm-none-eabi/lib/thumb/v7e-m+fp/hard\libc_nano.a
LOAD c:/st/stm32cubeide_1.9.0/stm32cubeide/plugins/com.st.stm32cube.ide.mcu.externaltools.gnu-tools-for-stm32.10.3-2021.10.win32_1.0.0.202111181127/tools/bin/../lib/gcc/arm-none-eabi/10.3.1/../../../../arm-none-eabi/lib/thumb/v7e-m+fp/hard\libnosys.a
END GROUP
START GROUP
LOAD c:/st/stm32cubeide_1.9.0/stm32cubeide/plugins/com.st.stm32cube.ide.mcu.externaltools.gnu-tools-for-stm32.10.3-2021.10.win32_1.0.0.202111181127/tools/bin/../lib/gcc/arm-none-eabi/10.3.1/thumb/v7e-m+fp/hard\libgcc.a
LOAD c:/st/stm32cubeide_1.9.0/stm32cubeide/plugins/com.st.stm32cube.ide.mcu.externaltools.gnu-tools-for-stm32.10.3-2021.10.win32_1.0.0.202111181127/tools/bin/../lib/gcc/arm-none-eabi/10.3.1/../../../../arm-none-eabi/lib/thumb/v7e-m+fp/hard\libc_nano.a
LOAD c:/st/stm32cubeide_1.9.0/stm32cubeide/plugins/com.st.stm32cube.ide.mcu.externaltools.gnu-tools-for-stm32.10.3-2021.10.win32_1.0.0.202111181127/tools/bin/../lib/gcc/arm-none-eabi/10.3.1/../../../../arm-none-eabi/lib/thumb/v7e-m+fp/hard\libnosys.a
END GROUP
LOAD c:/st/stm32cubeide_1.9.0/stm32cubeide/plugins/com.st.stm32cube.ide.mcu.externaltools.gnu-tools-for-stm32.10.3-2021.10.win32_1.0.0.202111181127/tools/bin/../lib/gcc/arm-none-eabi/10.3.1/thumb/v7e-m+fp/hard/crtend.o
LOAD c:/st/stm32cubeide_1.9.0/stm32cubeide/plugins/com.st.stm32cube.ide.mcu.externaltools.gnu-tools-for-stm32.10.3-2021.10.win32_1.0.0.202111181127/tools/bin/../lib/gcc/arm-none-eabi/10.3.1/thumb/v7e-m+fp/hard/crtn.o
                0x0000000020018000                _estack = (ORIGIN (RAM) + LENGTH (RAM))
                0x0000000000000200                _Min_Heap_Size = 0x200
                0x0000000000000400                _Min_Stack_Size = 0x400

.isr_vector     0x0000000008000000      0x188
                0x0000000008000000                . = ALIGN (0x4)
 *(.isr_vector)
 .isr_vector    0x0000000008000000      0x188 ./Core/Startup/startup_stm32l476rgtx.o
                0x0000000008000000                g_pfnVectors
                0x0000000008000188                . = ALIGN (0x4)

.text           0x0000000008000188    0x14dc4
                0x0000000008000188                . = ALIGN (0x4)
 *(.text)
 .text          0x0000000008000188       0x40 c:/st/stm32cubeide_1.9.0/stm32cubeide/plugins/com.st.stm32cube.ide.mcu.externaltools.gnu-tools-for-stm32.10.3-2021.10.win32_1.0.0.202111181127/tools/bin/../lib/gcc/arm-none-eabi/10.3.1/thumb/v7e-m+fp/hard/crtbegin.o
 .text          0x00000000080001c8      0x378 c:/st/stm32cubeide_1.9.0/stm32cubeide/plugins/com.st.stm32cube.ide.mcu.externaltools.gnu-tools-for-stm32.10.3-2021.10.win32_1.0.0.202111181127/tools/bin/../lib/gcc/arm-none-eabi/10.3.1/thumb/v7e-m+fp/hard\libgcc.a(_arm_addsubdf3.o)
                0x00000000080001c8                __aeabi_drsub
                0x00000000080001d0                __aeabi_dsub
                0x00000000080001d0                __subdf3
                0x00000000080001d4                __aeabi_dadd
                0x00000000080001d4                __adddf3
                0x000000000800044c                __floatunsidf
                0x000000000800044c                __aeabi_ui2d
                0x000000000800046c                __floatsidf
                0x000000000800046c                __aeabi_i2d
                0x0000000008000490                __aeabi_f2d
                0x0000000008000490                __extendsfdf2
                0x00000000080004d4                __floatundidf
                0x00000000080004d4                __aeabi_ul2d
                0x00000000080004e4                __floatdidf
                0x00000000080004e4                __aeabi_l2d
 .text          0x0000000008000540      0x424 c:/st/stm32cubeide_1.9.0/stm32cubeide/plugins/com.st.stm32cube.ide.mcu.externaltools.gnu-tools-for-stm32.10.3-2021.10.win32_1.0.0.202111181127/tools/bin/../lib/gcc/arm-none-eabi/10.3.1/thumb/v7e-m+fp/hard\libgcc.a(_arm_muldivdf3.o)
                0x0000000008000540                __aeabi_dmul
                0x0000000008000540                __muldf3
                0x0000000008000794                __divdf3
                0x0000000008000794                __aeabi_ddiv
 .text          0x0000000008000964      0x110 c:/st/stm32cubeide_1.9.0/stm32cubeide/plugins/com.st.stm32cube.ide.mcu.externaltools.gnu-tools-for-stm32.10.3-2021.10.win32_1.0.0.202111181127/tools/bin/../lib/gcc/arm-none-eabi/10.3.1/thumb/v7e-m+fp/hard\libgcc.a(_arm_cmpdf2.o)
                0x0000000008000964                __gtdf2
                0x0000000008000964                __gedf2
                0x000000000800096c                __ltdf2
                0x000000000800096c                __ledf2
                0x0000000008000974                __nedf2
                0x0000000008000974                __eqdf2
                0x0000000008000974                __cmpdf2
                0x00000000080009f0                __aeabi_cdrcmple
                0x0000000008000a00                __aeabi_cdcmpeq
                0x0000000008000a00                __aeabi_cdcmple
                0x0000000008000a10                __aeabi_dcmpeq
                0x0000000008000a24                __aeabi_dcmplt
                0x0000000008000a38                __aeabi_dcmple
                0x0000000008000a4c                __aeabi_dcmpge
                0x0000000008000a60                __aeabi_dcmpgt
 .text          0x0000000008000a74       0x2c c:/st/stm32cubeide_1.9.0/stm32cubeide/plugins/com.st.stm32cube.ide.mcu.externaltools.gnu-tools-for-stm32.10.3-2021.10.win32_1.0.0.202111181127/tools/bin/../lib/gcc/arm-none-eabi/10.3.1/thumb/v7e-m+fp/hard\libgcc.a(_arm_unorddf2.o)
                0x0000000008000a74                __unorddf2
                0x0000000008000a74                __aeabi_dcmpun
 .text          0x0000000008000aa0       0x50 c:/st/stm32cubeide_1.9.0/stm32cubeide/plugins/com.st.stm32cube.ide.mcu.externaltools.gnu-tools-for-stm32.10.3-2021.10.win32_1.0.0.202111181127/tools/bin/../lib/gcc/arm-none-eabi/10.3.1/thumb/v7e-m+fp/hard\libgcc.a(_arm_fixdfsi.o)
                0x0000000008000aa0                __aeabi_d2iz
                0x0000000008000aa0                __fixdfsi
 .text          0x0000000008000af0       0x40 c:/st/stm32cubeide_1.9.0/stm32cubeide/plugins/com.st.stm32cube.ide.mcu.externaltools.gnu-tools-for-stm32.10.3-2021.10.win32_1.0.0.202111181127/tools/bin/../lib/gcc/arm-none-eabi/10.3.1/thumb/v7e-m+fp/hard\libgcc.a(_arm_fixunsdfsi.o)
                0x0000000008000af0                __aeabi_d2uiz
                0x0000000008000af0                __fixunsdfsi
 .text          0x0000000008000b30       0xa0 c:/st/stm32cubeide_1.9.0/stm32cubeide/plugins/com.st.stm32cube.ide.mcu.externaltools.gnu-tools-for-stm32.10.3-2021.10.win32_1.0.0.202111181127/tools/bin/../lib/gcc/arm-none-eabi/10.3.1/thumb/v7e-m+fp/hard\libgcc.a(_arm_truncdfsf2.o)
                0x0000000008000b30                __truncdfsf2
                0x0000000008000b30                __aeabi_d2f
 .text          0x0000000008000bd0      0x21c c:/st/stm32cubeide_1.9.0/stm32cubeide/plugins/com.st.stm32cube.ide.mcu.externaltools.gnu-tools-for-stm32.10.3-2021.10.win32_1.0.0.202111181127/tools/bin/../lib/gcc/arm-none-eabi/10.3.1/thumb/v7e-m+fp/hard\libgcc.a(_arm_addsubsf3.o)
                0x0000000008000bd0                __aeabi_frsub
                0x0000000008000bd8                __subsf3
                0x0000000008000bd8                __aeabi_fsub
                0x0000000008000bdc                __aeabi_fadd
                0x0000000008000bdc                __addsf3
                0x0000000008000d3c                __aeabi_ui2f
                0x0000000008000d3c                __floatunsisf
                0x0000000008000d44                __aeabi_i2f
                0x0000000008000d44                __floatsisf
                0x0000000008000d60                __aeabi_ul2f
                0x0000000008000d60                __floatundisf
                0x0000000008000d70                __aeabi_l2f
                0x0000000008000d70                __floatdisf
 .text          0x0000000008000dec       0xa0 c:/st/stm32cubeide_1.9.0/stm32cubeide/plugins/com.st.stm32cube.ide.mcu.externaltools.gnu-tools-for-stm32.10.3-2021.10.win32_1.0.0.202111181127/tools/bin/../lib/gcc/arm-none-eabi/10.3.1/thumb/v7e-m+fp/hard\libgcc.a(_aeabi_ldivmod.o)
                0x0000000008000dec                __aeabi_ldivmod
 .text          0x0000000008000e8c       0x30 c:/st/stm32cubeide_1.9.0/stm32cubeide/plugins/com.st.stm32cube.ide.mcu.externaltools.gnu-tools-for-stm32.10.3-2021.10.win32_1.0.0.202111181127/tools/bin/../lib/gcc/arm-none-eabi/10.3.1/thumb/v7e-m+fp/hard\libgcc.a(_aeabi_uldivmod.o)
                0x0000000008000e8c                __aeabi_uldivmod
 .text          0x0000000008000ebc      0x2d0 c:/st/stm32cubeide_1.9.0/stm32cubeide/plugins/com.st.stm32cube.ide.mcu.externaltools.gnu-tools-for-stm32.10.3-2021.10.win32_1.0.0.202111181127/tools/bin/../lib/gcc/arm-none-eabi/10.3.1/thumb/v7e-m+fp/hard\libgcc.a(_udivmoddi4.o)
                0x0000000008000ebc                __udivmoddi4
 .text          0x000000000800118c        0x4 c:/st/stm32cubeide_1.9.0/stm32cubeide/plugins/com.st.stm32cube.ide.mcu.externaltools.gnu-tools-for-stm32.10.3-2021.10.win32_1.0.0.202111181127/tools/bin/../lib/gcc/arm-none-eabi/10.3.1/thumb/v7e-m+fp/hard\libgcc.a(_dvmd_tls.o)
                0x000000000800118c                __aeabi_idiv0
                0x000000000800118c                __aeabi_ldiv0
 *(.text*)
 .text.Fusion_datas_init
                0x0000000008001190       0x74 ./Core/Src/datas_fusion.o
                0x0000000008001190                Fusion_datas_init
 .text.Fusion_datas
                0x0000000008001204      0x128 ./Core/Src/datas_fusion.o
                0x0000000008001204                Fusion_datas
 .text.from_90_to_180
                0x000000000800132c       0xa0 ./Core/Src/datas_fusion.o
                0x000000000800132c                from_90_to_180
 .text.DRV_Init
                0x00000000080013cc      0x3ec ./Core/Src/drv8311.o
                0x00000000080013cc                DRV_Init
 .text.LSM6DSO_RegisterBusIO
                0x00000000080017b8       0xcc ./Core/Src/lsm6dso.o
                0x00000000080017b8                LSM6DSO_RegisterBusIO
 .text.LSM6DSO_Init
                0x0000000008001884       0xea ./Core/Src/lsm6dso.o
                0x0000000008001884                LSM6DSO_Init
 .text.LSM6DSO_DeInit
                0x000000000800196e       0x4e ./Core/Src/lsm6dso.o
                0x000000000800196e                LSM6DSO_DeInit
 .text.LSM6DSO_GetCapabilities
                0x00000000080019bc       0x5c ./Core/Src/lsm6dso.o
                0x00000000080019bc                LSM6DSO_GetCapabilities
 .text.LSM6DSO_ACC_Enable
                0x0000000008001a18       0x48 ./Core/Src/lsm6dso.o
                0x0000000008001a18                LSM6DSO_ACC_Enable
 .text.LSM6DSO_ACC_Disable
                0x0000000008001a60       0x5e ./Core/Src/lsm6dso.o
                0x0000000008001a60                LSM6DSO_ACC_Disable
 *fill*         0x0000000008001abe        0x2 
 .text.LSM6DSO_ACC_GetSensitivity
                0x0000000008001ac0       0x8c ./Core/Src/lsm6dso.o
                0x0000000008001ac0                LSM6DSO_ACC_GetSensitivity
 .text.LSM6DSO_ACC_GetAxes
                0x0000000008001b4c       0xae ./Core/Src/lsm6dso.o
                0x0000000008001b4c                LSM6DSO_ACC_GetAxes
 .text.LSM6DSO_GYRO_Enable
                0x0000000008001bfa       0x48 ./Core/Src/lsm6dso.o
                0x0000000008001bfa                LSM6DSO_GYRO_Enable
 .text.LSM6DSO_GYRO_Disable
                0x0000000008001c42       0x5e ./Core/Src/lsm6dso.o
                0x0000000008001c42                LSM6DSO_GYRO_Disable
 .text.LSM6DSO_GYRO_GetSensitivity
                0x0000000008001ca0       0xa4 ./Core/Src/lsm6dso.o
                0x0000000008001ca0                LSM6DSO_GYRO_GetSensitivity
 .text.LSM6DSO_GYRO_GetAxes
                0x0000000008001d44       0xa8 ./Core/Src/lsm6dso.o
                0x0000000008001d44                LSM6DSO_GYRO_GetAxes
 .text.LSM6DSO_Write_Reg
                0x0000000008001dec       0x36 ./Core/Src/lsm6dso.o
                0x0000000008001dec                LSM6DSO_Write_Reg
 .text.ReadRegWrap
                0x0000000008001e22       0x36 ./Core/Src/lsm6dso.o
 .text.WriteRegWrap
                0x0000000008001e58       0x36 ./Core/Src/lsm6dso.o
 *fill*         0x0000000008001e8e        0x2 
 .text.BSP_I2C1_ReadReg
                0x0000000008001e90       0x40 ./Core/Src/lsm6dso.o
                0x0000000008001e90                BSP_I2C1_ReadReg
 .text.BSP_I2C1_WriteReg
                0x0000000008001ed0       0x40 ./Core/Src/lsm6dso.o
                0x0000000008001ed0                BSP_I2C1_WriteReg
 .text.INIT_IMU
                0x0000000008001f10       0x64 ./Core/Src/lsm6dso.o
                0x0000000008001f10                INIT_IMU
 .text.Get_AXIS_GYRO__IMU
                0x0000000008001f74       0x30 ./Core/Src/lsm6dso.o
                0x0000000008001f74                Get_AXIS_GYRO__IMU
 .text.Get_AXIS_ACC__IMU
                0x0000000008001fa4       0x30 ./Core/Src/lsm6dso.o
                0x0000000008001fa4                Get_AXIS_ACC__IMU
 .text.lsm6dso_read_reg
                0x0000000008001fd4       0x30 ./Core/Src/lsm6dso_reg.o
                0x0000000008001fd4                lsm6dso_read_reg
 .text.lsm6dso_write_reg
                0x0000000008002004       0x30 ./Core/Src/lsm6dso_reg.o
                0x0000000008002004                lsm6dso_write_reg
 .text.lsm6dso_xl_full_scale_set
                0x0000000008002034       0x4c ./Core/Src/lsm6dso_reg.o
                0x0000000008002034                lsm6dso_xl_full_scale_set
 .text.lsm6dso_xl_full_scale_get
                0x0000000008002080       0x70 ./Core/Src/lsm6dso_reg.o
                0x0000000008002080                lsm6dso_xl_full_scale_get
 .text.lsm6dso_xl_data_rate_set
                0x00000000080020f0      0x1f8 ./Core/Src/lsm6dso_reg.o
                0x00000000080020f0                lsm6dso_xl_data_rate_set
 .text.lsm6dso_xl_data_rate_get
                0x00000000080022e8       0xd0 ./Core/Src/lsm6dso_reg.o
                0x00000000080022e8                lsm6dso_xl_data_rate_get
 .text.lsm6dso_gy_full_scale_set
                0x00000000080023b8       0x4c ./Core/Src/lsm6dso_reg.o
                0x00000000080023b8                lsm6dso_gy_full_scale_set
 .text.lsm6dso_gy_full_scale_get
                0x0000000008002404       0x84 ./Core/Src/lsm6dso_reg.o
                0x0000000008002404                lsm6dso_gy_full_scale_get
 .text.lsm6dso_gy_data_rate_set
                0x0000000008002488      0x1f8 ./Core/Src/lsm6dso_reg.o
                0x0000000008002488                lsm6dso_gy_data_rate_set
 .text.lsm6dso_gy_data_rate_get
                0x0000000008002680       0xc4 ./Core/Src/lsm6dso_reg.o
                0x0000000008002680                lsm6dso_gy_data_rate_get
 .text.lsm6dso_block_data_update_set
                0x0000000008002744       0x4c ./Core/Src/lsm6dso_reg.o
                0x0000000008002744                lsm6dso_block_data_update_set
 .text.lsm6dso_angular_rate_raw_get
                0x0000000008002790       0x96 ./Core/Src/lsm6dso_reg.o
                0x0000000008002790                lsm6dso_angular_rate_raw_get
 .text.lsm6dso_acceleration_raw_get
                0x0000000008002826       0x96 ./Core/Src/lsm6dso_reg.o
                0x0000000008002826                lsm6dso_acceleration_raw_get
 .text.lsm6dso_mem_bank_set
                0x00000000080028bc       0x4c ./Core/Src/lsm6dso_reg.o
                0x00000000080028bc                lsm6dso_mem_bank_set
 .text.lsm6dso_auto_increment_set
                0x0000000008002908       0x4c ./Core/Src/lsm6dso_reg.o
                0x0000000008002908                lsm6dso_auto_increment_set
 .text.lsm6dso_i3c_disable_set
                0x0000000008002954       0x8c ./Core/Src/lsm6dso_reg.o
                0x0000000008002954                lsm6dso_i3c_disable_set
 .text.lsm6dso_fifo_mode_set
                0x00000000080029e0       0x4c ./Core/Src/lsm6dso_reg.o
                0x00000000080029e0                lsm6dso_fifo_mode_set
 .text.lsm6dso_fsm_enable_get
                0x0000000008002a2c       0x42 ./Core/Src/lsm6dso_reg.o
                0x0000000008002a2c                lsm6dso_fsm_enable_get
 *fill*         0x0000000008002a6e        0x2 
 .text.lsm6dso_fsm_data_rate_get
                0x0000000008002a70       0x90 ./Core/Src/lsm6dso_reg.o
                0x0000000008002a70                lsm6dso_fsm_data_rate_get
 .text.main     0x0000000008002b00       0x6c ./Core/Src/main.o
                0x0000000008002b00                main
 .text.SystemClock_Config
                0x0000000008002b6c       0xa6 ./Core/Src/main.o
                0x0000000008002b6c                SystemClock_Config
 *fill*         0x0000000008002c12        0x2 
 .text.MX_CRC_Init
                0x0000000008002c14       0x44 ./Core/Src/main.o
 .text.MX_I2C1_Init
                0x0000000008002c58       0x80 ./Core/Src/main.o
 .text.MX_RTC_Init
                0x0000000008002cd8       0xb8 ./Core/Src/main.o
 .text.MX_SPI2_Init
                0x0000000008002d90       0x7c ./Core/Src/main.o
 .text.MX_TIM2_Init
                0x0000000008002e0c       0x9c ./Core/Src/main.o
 .text.MX_TIM3_Init
                0x0000000008002ea8       0x9c ./Core/Src/main.o
 .text.MX_USART2_UART_Init
                0x0000000008002f44       0x60 ./Core/Src/main.o
 .text.MX_GPIO_Init
                0x0000000008002fa4      0x128 ./Core/Src/main.o
 .text.Error_Handler
                0x00000000080030cc        0xa ./Core/Src/main.o
                0x00000000080030cc                Error_Handler
 .text.BSP_SENSOR_ACC_GetOrientation
                0x00000000080030d6       0x2a ./Core/Src/motion_di_manager.o
                0x00000000080030d6                BSP_SENSOR_ACC_GetOrientation
 .text.BSP_SENSOR_GYR_GetOrientation
                0x0000000008003100       0x2a ./Core/Src/motion_di_manager.o
                0x0000000008003100                BSP_SENSOR_GYR_GetOrientation
 *fill*         0x000000000800312a        0x2 
 .text.pwm_sine
                0x000000000800312c      0x17c ./Core/Src/pwm_driver.o
                0x000000000800312c                pwm_sine
 .text.Init_PID
                0x00000000080032a8       0x1c ./Core/Src/regulator.o
                0x00000000080032a8                Init_PID
 *fill*         0x00000000080032c4        0x4 
 .text.PID      0x00000000080032c8      0x1c8 ./Core/Src/regulator.o
                0x00000000080032c8                PID
 .text.HAL_MspInit
                0x0000000008003490       0x48 ./Core/Src/stm32l4xx_hal_msp.o
                0x0000000008003490                HAL_MspInit
 .text.HAL_CRC_MspInit
                0x00000000080034d8       0x40 ./Core/Src/stm32l4xx_hal_msp.o
                0x00000000080034d8                HAL_CRC_MspInit
 .text.HAL_I2C_MspInit
                0x0000000008003518       0xbc ./Core/Src/stm32l4xx_hal_msp.o
                0x0000000008003518                HAL_I2C_MspInit
 .text.HAL_RTC_MspInit
                0x00000000080035d4       0x64 ./Core/Src/stm32l4xx_hal_msp.o
                0x00000000080035d4                HAL_RTC_MspInit
 .text.HAL_SPI_MspInit
                0x0000000008003638       0xc4 ./Core/Src/stm32l4xx_hal_msp.o
                0x0000000008003638                HAL_SPI_MspInit
 .text.HAL_TIM_Base_MspInit
                0x00000000080036fc       0x80 ./Core/Src/stm32l4xx_hal_msp.o
                0x00000000080036fc                HAL_TIM_Base_MspInit
 .text.HAL_UART_MspInit
                0x000000000800377c       0xb8 ./Core/Src/stm32l4xx_hal_msp.o
                0x000000000800377c                HAL_UART_MspInit
 .text.NMI_Handler
                0x0000000008003834        0x6 ./Core/Src/stm32l4xx_it.o
                0x0000000008003834                NMI_Handler
 .text.HardFault_Handler
                0x000000000800383a        0x6 ./Core/Src/stm32l4xx_it.o
                0x000000000800383a                HardFault_Handler
 .text.MemManage_Handler
                0x0000000008003840        0x6 ./Core/Src/stm32l4xx_it.o
                0x0000000008003840                MemManage_Handler
 .text.BusFault_Handler
                0x0000000008003846        0x6 ./Core/Src/stm32l4xx_it.o
                0x0000000008003846                BusFault_Handler
 .text.UsageFault_Handler
                0x000000000800384c        0x6 ./Core/Src/stm32l4xx_it.o
                0x000000000800384c                UsageFault_Handler
 .text.SVC_Handler
                0x0000000008003852        0xe ./Core/Src/stm32l4xx_it.o
                0x0000000008003852                SVC_Handler
 .text.DebugMon_Handler
                0x0000000008003860        0xe ./Core/Src/stm32l4xx_it.o
                0x0000000008003860                DebugMon_Handler
 .text.PendSV_Handler
                0x000000000800386e        0xe ./Core/Src/stm32l4xx_it.o
                0x000000000800386e                PendSV_Handler
 .text.SysTick_Handler
                0x000000000800387c        0xc ./Core/Src/stm32l4xx_it.o
                0x000000000800387c                SysTick_Handler
 .text.TIM2_IRQHandler
                0x0000000008003888       0x1c ./Core/Src/stm32l4xx_it.o
                0x0000000008003888                TIM2_IRQHandler
 .text.TIM3_IRQHandler
                0x00000000080038a4       0x18 ./Core/Src/stm32l4xx_it.o
                0x00000000080038a4                TIM3_IRQHandler
 .text.SystemInit
                0x00000000080038bc       0x24 ./Core/Src/system_stm32l4xx.o
                0x00000000080038bc                SystemInit
 .text.Reset_Handler
                0x00000000080038e0       0x50 ./Core/Startup/startup_stm32l476rgtx.o
                0x00000000080038e0                Reset_Handler
 .text.Default_Handler
                0x0000000008003930        0x2 ./Core/Startup/startup_stm32l476rgtx.o
                0x0000000008003930                RTC_Alarm_IRQHandler
                0x0000000008003930                EXTI2_IRQHandler
                0x0000000008003930                TIM8_TRG_COM_IRQHandler
                0x0000000008003930                TIM8_CC_IRQHandler
                0x0000000008003930                TIM1_CC_IRQHandler
                0x0000000008003930                TSC_IRQHandler
                0x0000000008003930                TAMP_STAMP_IRQHandler
                0x0000000008003930                EXTI3_IRQHandler
                0x0000000008003930                LPTIM2_IRQHandler
                0x0000000008003930                DFSDM1_FLT1_IRQHandler
                0x0000000008003930                I2C3_ER_IRQHandler
                0x0000000008003930                DFSDM1_FLT2_IRQHandler
                0x0000000008003930                EXTI0_IRQHandler
                0x0000000008003930                I2C2_EV_IRQHandler
                0x0000000008003930                CAN1_RX0_IRQHandler
                0x0000000008003930                FPU_IRQHandler
                0x0000000008003930                TIM1_UP_TIM16_IRQHandler
                0x0000000008003930                ADC1_2_IRQHandler
                0x0000000008003930                SPI1_IRQHandler
                0x0000000008003930                TIM6_DAC_IRQHandler
                0x0000000008003930                TIM8_UP_IRQHandler
                0x0000000008003930                DMA2_Channel2_IRQHandler
                0x0000000008003930                DMA1_Channel4_IRQHandler
                0x0000000008003930                SAI2_IRQHandler
                0x0000000008003930                DFSDM1_FLT3_IRQHandler
                0x0000000008003930                USART3_IRQHandler
                0x0000000008003930                DMA1_Channel7_IRQHandler
                0x0000000008003930                CAN1_RX1_IRQHandler
                0x0000000008003930                LCD_IRQHandler
                0x0000000008003930                UART5_IRQHandler
                0x0000000008003930                ADC3_IRQHandler
                0x0000000008003930                TIM4_IRQHandler
                0x0000000008003930                DMA2_Channel1_IRQHandler
                0x0000000008003930                QUADSPI_IRQHandler
                0x0000000008003930                I2C1_EV_IRQHandler
                0x0000000008003930                DMA1_Channel6_IRQHandler
                0x0000000008003930                UART4_IRQHandler
                0x0000000008003930                DMA2_Channel4_IRQHandler
                0x0000000008003930                RCC_IRQHandler
                0x0000000008003930                DMA1_Channel1_IRQHandler
                0x0000000008003930                Default_Handler
                0x0000000008003930                DMA2_Channel7_IRQHandler
                0x0000000008003930                EXTI15_10_IRQHandler
                0x0000000008003930                TIM7_IRQHandler
                0x0000000008003930                SDMMC1_IRQHandler
                0x0000000008003930                TIM5_IRQHandler
                0x0000000008003930                I2C3_EV_IRQHandler
                0x0000000008003930                EXTI9_5_IRQHandler
                0x0000000008003930                RTC_WKUP_IRQHandler
                0x0000000008003930                PVD_PVM_IRQHandler
                0x0000000008003930                SPI2_IRQHandler
                0x0000000008003930                CAN1_TX_IRQHandler
                0x0000000008003930                DMA2_Channel5_IRQHandler
                0x0000000008003930                DMA1_Channel5_IRQHandler
                0x0000000008003930                EXTI4_IRQHandler
                0x0000000008003930                RNG_IRQHandler
                0x0000000008003930                TIM1_TRG_COM_TIM17_IRQHandler
                0x0000000008003930                DMA1_Channel3_IRQHandler
                0x0000000008003930                COMP_IRQHandler
                0x0000000008003930                WWDG_IRQHandler
                0x0000000008003930                LPUART1_IRQHandler
                0x0000000008003930                DMA2_Channel6_IRQHandler
                0x0000000008003930                EXTI1_IRQHandler
                0x0000000008003930                USART2_IRQHandler
                0x0000000008003930                DFSDM1_FLT0_IRQHandler
                0x0000000008003930                I2C2_ER_IRQHandler
                0x0000000008003930                DMA1_Channel2_IRQHandler
                0x0000000008003930                TIM8_BRK_IRQHandler
                0x0000000008003930                CAN1_SCE_IRQHandler
                0x0000000008003930                FLASH_IRQHandler
                0x0000000008003930                USART1_IRQHandler
                0x0000000008003930                OTG_FS_IRQHandler
                0x0000000008003930                SPI3_IRQHandler
                0x0000000008003930                I2C1_ER_IRQHandler
                0x0000000008003930                FMC_IRQHandler
                0x0000000008003930                SWPMI1_IRQHandler
                0x0000000008003930                LPTIM1_IRQHandler
                0x0000000008003930                SAI1_IRQHandler
                0x0000000008003930                DMA2_Channel3_IRQHandler
                0x0000000008003930                TIM1_BRK_TIM15_IRQHandler
 *fill*         0x0000000008003932        0x2 
 .text.HAL_Init
                0x0000000008003934       0x40 ./Drivers/STM32L4xx_HAL_Driver/Src/stm32l4xx_hal.o
                0x0000000008003934                HAL_Init
 .text.HAL_InitTick
                0x0000000008003974       0x78 ./Drivers/STM32L4xx_HAL_Driver/Src/stm32l4xx_hal.o
                0x0000000008003974                HAL_InitTick
 .text.HAL_IncTick
                0x00000000080039ec       0x28 ./Drivers/STM32L4xx_HAL_Driver/Src/stm32l4xx_hal.o
                0x00000000080039ec                HAL_IncTick
 .text.HAL_GetTick
                0x0000000008003a14       0x18 ./Drivers/STM32L4xx_HAL_Driver/Src/stm32l4xx_hal.o
                0x0000000008003a14                HAL_GetTick
 .text.HAL_Delay
                0x0000000008003a2c       0x48 ./Drivers/STM32L4xx_HAL_Driver/Src/stm32l4xx_hal.o
                0x0000000008003a2c                HAL_Delay
 .text.__NVIC_SetPriorityGrouping
                0x0000000008003a74       0x48 ./Drivers/STM32L4xx_HAL_Driver/Src/stm32l4xx_hal_cortex.o
 .text.__NVIC_GetPriorityGrouping
                0x0000000008003abc       0x1c ./Drivers/STM32L4xx_HAL_Driver/Src/stm32l4xx_hal_cortex.o
 .text.__NVIC_EnableIRQ
                0x0000000008003ad8       0x3c ./Drivers/STM32L4xx_HAL_Driver/Src/stm32l4xx_hal_cortex.o
 .text.__NVIC_SetPriority
                0x0000000008003b14       0x54 ./Drivers/STM32L4xx_HAL_Driver/Src/stm32l4xx_hal_cortex.o
 .text.NVIC_EncodePriority
                0x0000000008003b68       0x66 ./Drivers/STM32L4xx_HAL_Driver/Src/stm32l4xx_hal_cortex.o
 *fill*         0x0000000008003bce        0x2 
 .text.SysTick_Config
                0x0000000008003bd0       0x44 ./Drivers/STM32L4xx_HAL_Driver/Src/stm32l4xx_hal_cortex.o
 .text.HAL_NVIC_SetPriorityGrouping
                0x0000000008003c14       0x16 ./Drivers/STM32L4xx_HAL_Driver/Src/stm32l4xx_hal_cortex.o
                0x0000000008003c14                HAL_NVIC_SetPriorityGrouping
 .text.HAL_NVIC_SetPriority
                0x0000000008003c2a       0x38 ./Drivers/STM32L4xx_HAL_Driver/Src/stm32l4xx_hal_cortex.o
                0x0000000008003c2a                HAL_NVIC_SetPriority
 .text.HAL_NVIC_EnableIRQ
                0x0000000008003c62       0x1c ./Drivers/STM32L4xx_HAL_Driver/Src/stm32l4xx_hal_cortex.o
                0x0000000008003c62                HAL_NVIC_EnableIRQ
 .text.HAL_SYSTICK_Config
                0x0000000008003c7e       0x18 ./Drivers/STM32L4xx_HAL_Driver/Src/stm32l4xx_hal_cortex.o
                0x0000000008003c7e                HAL_SYSTICK_Config
 *fill*         0x0000000008003c96        0x2 
 .text.HAL_CRC_Init
                0x0000000008003c98       0xc8 ./Drivers/STM32L4xx_HAL_Driver/Src/stm32l4xx_hal_crc.o
                0x0000000008003c98                HAL_CRC_Init
 .text.HAL_CRCEx_Polynomial_Set
                0x0000000008003d60      0x10c ./Drivers/STM32L4xx_HAL_Driver/Src/stm32l4xx_hal_crc_ex.o
                0x0000000008003d60                HAL_CRCEx_Polynomial_Set
 .text.HAL_GPIO_Init
                0x0000000008003e6c      0x354 ./Drivers/STM32L4xx_HAL_Driver/Src/stm32l4xx_hal_gpio.o
                0x0000000008003e6c                HAL_GPIO_Init
 .text.HAL_GPIO_WritePin
                0x00000000080041c0       0x30 ./Drivers/STM32L4xx_HAL_Driver/Src/stm32l4xx_hal_gpio.o
                0x00000000080041c0                HAL_GPIO_WritePin
 .text.HAL_GPIO_TogglePin
                0x00000000080041f0       0x34 ./Drivers/STM32L4xx_HAL_Driver/Src/stm32l4xx_hal_gpio.o
                0x00000000080041f0                HAL_GPIO_TogglePin
 .text.HAL_I2C_Init
                0x0000000008004224      0x11e ./Drivers/STM32L4xx_HAL_Driver/Src/stm32l4xx_hal_i2c.o
                0x0000000008004224                HAL_I2C_Init
 *fill*         0x0000000008004342        0x2 
 .text.HAL_I2C_Mem_Write
                0x0000000008004344      0x228 ./Drivers/STM32L4xx_HAL_Driver/Src/stm32l4xx_hal_i2c.o
                0x0000000008004344                HAL_I2C_Mem_Write
 .text.HAL_I2C_Mem_Read
                0x000000000800456c      0x234 ./Drivers/STM32L4xx_HAL_Driver/Src/stm32l4xx_hal_i2c.o
                0x000000000800456c                HAL_I2C_Mem_Read
 .text.I2C_RequestMemoryWrite
                0x00000000080047a0       0xa8 ./Drivers/STM32L4xx_HAL_Driver/Src/stm32l4xx_hal_i2c.o
 .text.I2C_RequestMemoryRead
                0x0000000008004848       0xa8 ./Drivers/STM32L4xx_HAL_Driver/Src/stm32l4xx_hal_i2c.o
 .text.I2C_Flush_TXDR
                0x00000000080048f0       0x48 ./Drivers/STM32L4xx_HAL_Driver/Src/stm32l4xx_hal_i2c.o
 .text.I2C_WaitOnFlagUntilTimeout
                0x0000000008004938       0x80 ./Drivers/STM32L4xx_HAL_Driver/Src/stm32l4xx_hal_i2c.o
 .text.I2C_WaitOnTXISFlagUntilTimeout
                0x00000000080049b8       0x80 ./Drivers/STM32L4xx_HAL_Driver/Src/stm32l4xx_hal_i2c.o
 .text.I2C_WaitOnSTOPFlagUntilTimeout
                0x0000000008004a38       0x78 ./Drivers/STM32L4xx_HAL_Driver/Src/stm32l4xx_hal_i2c.o
 .text.I2C_IsErrorOccurred
                0x0000000008004ab0      0x1d8 ./Drivers/STM32L4xx_HAL_Driver/Src/stm32l4xx_hal_i2c.o
 .text.I2C_TransferConfig
                0x0000000008004c88       0x64 ./Drivers/STM32L4xx_HAL_Driver/Src/stm32l4xx_hal_i2c.o
 .text.HAL_I2CEx_ConfigAnalogFilter
                0x0000000008004cec       0x96 ./Drivers/STM32L4xx_HAL_Driver/Src/stm32l4xx_hal_i2c_ex.o
                0x0000000008004cec                HAL_I2CEx_ConfigAnalogFilter
 .text.HAL_I2CEx_ConfigDigitalFilter
                0x0000000008004d82       0x98 ./Drivers/STM32L4xx_HAL_Driver/Src/stm32l4xx_hal_i2c_ex.o
                0x0000000008004d82                HAL_I2CEx_ConfigDigitalFilter
 *fill*         0x0000000008004e1a        0x2 
 .text.HAL_PWREx_GetVoltageRange
                0x0000000008004e1c       0x1c ./Drivers/STM32L4xx_HAL_Driver/Src/stm32l4xx_hal_pwr_ex.o
                0x0000000008004e1c                HAL_PWREx_GetVoltageRange
 .text.HAL_PWREx_ControlVoltageScaling
                0x0000000008004e38       0xac ./Drivers/STM32L4xx_HAL_Driver/Src/stm32l4xx_hal_pwr_ex.o
                0x0000000008004e38                HAL_PWREx_ControlVoltageScaling
 .text.HAL_RCC_OscConfig
                0x0000000008004ee4      0x7d0 ./Drivers/STM32L4xx_HAL_Driver/Src/stm32l4xx_hal_rcc.o
                0x0000000008004ee4                HAL_RCC_OscConfig
 .text.HAL_RCC_ClockConfig
                0x00000000080056b4      0x1c4 ./Drivers/STM32L4xx_HAL_Driver/Src/stm32l4xx_hal_rcc.o
                0x00000000080056b4                HAL_RCC_ClockConfig
 .text.HAL_RCC_GetSysClockFreq
                0x0000000008005878      0x118 ./Drivers/STM32L4xx_HAL_Driver/Src/stm32l4xx_hal_rcc.o
                0x0000000008005878                HAL_RCC_GetSysClockFreq
 .text.HAL_RCC_GetHCLKFreq
                0x0000000008005990       0x18 ./Drivers/STM32L4xx_HAL_Driver/Src/stm32l4xx_hal_rcc.o
                0x0000000008005990                HAL_RCC_GetHCLKFreq
 .text.HAL_RCC_GetPCLK1Freq
                0x00000000080059a8       0x2c ./Drivers/STM32L4xx_HAL_Driver/Src/stm32l4xx_hal_rcc.o
                0x00000000080059a8                HAL_RCC_GetPCLK1Freq
 .text.HAL_RCC_GetPCLK2Freq
                0x00000000080059d4       0x2c ./Drivers/STM32L4xx_HAL_Driver/Src/stm32l4xx_hal_rcc.o
                0x00000000080059d4                HAL_RCC_GetPCLK2Freq
 .text.RCC_SetFlashLatencyFromMSIRange
                0x0000000008005a00       0xc0 ./Drivers/STM32L4xx_HAL_Driver/Src/stm32l4xx_hal_rcc.o
 .text.HAL_RCCEx_PeriphCLKConfig
                0x0000000008005ac0      0x5d4 ./Drivers/STM32L4xx_HAL_Driver/Src/stm32l4xx_hal_rcc_ex.o
                0x0000000008005ac0                HAL_RCCEx_PeriphCLKConfig
 .text.RCCEx_PLLSAI1_Config
                0x0000000008006094      0x1e8 ./Drivers/STM32L4xx_HAL_Driver/Src/stm32l4xx_hal_rcc_ex.o
 .text.RCCEx_PLLSAI2_Config
                0x000000000800627c      0x1bc ./Drivers/STM32L4xx_HAL_Driver/Src/stm32l4xx_hal_rcc_ex.o
 .text.HAL_RTC_Init
                0x0000000008006438       0xf6 ./Drivers/STM32L4xx_HAL_Driver/Src/stm32l4xx_hal_rtc.o
                0x0000000008006438                HAL_RTC_Init
 .text.HAL_RTC_SetTime
                0x000000000800652e      0x13a ./Drivers/STM32L4xx_HAL_Driver/Src/stm32l4xx_hal_rtc.o
                0x000000000800652e                HAL_RTC_SetTime
 .text.HAL_RTC_SetDate
                0x0000000008006668      0x10e ./Drivers/STM32L4xx_HAL_Driver/Src/stm32l4xx_hal_rtc.o
                0x0000000008006668                HAL_RTC_SetDate
 .text.HAL_RTC_WaitForSynchro
                0x0000000008006776       0x4c ./Drivers/STM32L4xx_HAL_Driver/Src/stm32l4xx_hal_rtc.o
                0x0000000008006776                HAL_RTC_WaitForSynchro
 .text.RTC_EnterInitMode
                0x00000000080067c2       0x66 ./Drivers/STM32L4xx_HAL_Driver/Src/stm32l4xx_hal_rtc.o
                0x00000000080067c2                RTC_EnterInitMode
 .text.RTC_ExitInitMode
                0x0000000008006828       0x7c ./Drivers/STM32L4xx_HAL_Driver/Src/stm32l4xx_hal_rtc.o
                0x0000000008006828                RTC_ExitInitMode
 .text.RTC_ByteToBcd2
                0x00000000080068a4       0x40 ./Drivers/STM32L4xx_HAL_Driver/Src/stm32l4xx_hal_rtc.o
                0x00000000080068a4                RTC_ByteToBcd2
 .text.HAL_SPI_Init
                0x00000000080068e4      0x146 ./Drivers/STM32L4xx_HAL_Driver/Src/stm32l4xx_hal_spi.o
                0x00000000080068e4                HAL_SPI_Init
 .text.HAL_SPI_TransmitReceive
                0x0000000008006a2a      0x426 ./Drivers/STM32L4xx_HAL_Driver/Src/stm32l4xx_hal_spi.o
                0x0000000008006a2a                HAL_SPI_TransmitReceive
 .text.SPI_WaitFlagStateUntilTimeout
                0x0000000008006e50      0x110 ./Drivers/STM32L4xx_HAL_Driver/Src/stm32l4xx_hal_spi.o
 .text.SPI_WaitFifoStateUntilTimeout
                0x0000000008006f60      0x12c ./Drivers/STM32L4xx_HAL_Driver/Src/stm32l4xx_hal_spi.o
 .text.SPI_EndRxTxTransaction
                0x000000000800708c       0x8c ./Drivers/STM32L4xx_HAL_Driver/Src/stm32l4xx_hal_spi.o
 .text.HAL_TIM_Base_Init
                0x0000000008007118       0xae ./Drivers/STM32L4xx_HAL_Driver/Src/stm32l4xx_hal_tim.o
                0x0000000008007118                HAL_TIM_Base_Init
 *fill*         0x00000000080071c6        0x2 
 .text.HAL_TIM_Base_Start_IT
                0x00000000080071c8       0xe0 ./Drivers/STM32L4xx_HAL_Driver/Src/stm32l4xx_hal_tim.o
                0x00000000080071c8                HAL_TIM_Base_Start_IT
 .text.HAL_TIM_IRQHandler
                0x00000000080072a8      0x23e ./Drivers/STM32L4xx_HAL_Driver/Src/stm32l4xx_hal_tim.o
                0x00000000080072a8                HAL_TIM_IRQHandler
 .text.HAL_TIM_ConfigClockSource
                0x00000000080074e6      0x192 ./Drivers/STM32L4xx_HAL_Driver/Src/stm32l4xx_hal_tim.o
                0x00000000080074e6                HAL_TIM_ConfigClockSource
 .text.HAL_TIM_PeriodElapsedCallback
                0x0000000008007678       0x14 ./Drivers/STM32L4xx_HAL_Driver/Src/stm32l4xx_hal_tim.o
                0x0000000008007678                HAL_TIM_PeriodElapsedCallback
 .text.HAL_TIM_OC_DelayElapsedCallback
                0x000000000800768c       0x14 ./Drivers/STM32L4xx_HAL_Driver/Src/stm32l4xx_hal_tim.o
                0x000000000800768c                HAL_TIM_OC_DelayElapsedCallback
 .text.HAL_TIM_IC_CaptureCallback
                0x00000000080076a0       0x14 ./Drivers/STM32L4xx_HAL_Driver/Src/stm32l4xx_hal_tim.o
                0x00000000080076a0                HAL_TIM_IC_CaptureCallback
 .text.HAL_TIM_PWM_PulseFinishedCallback
                0x00000000080076b4       0x14 ./Drivers/STM32L4xx_HAL_Driver/Src/stm32l4xx_hal_tim.o
                0x00000000080076b4                HAL_TIM_PWM_PulseFinishedCallback
 .text.HAL_TIM_TriggerCallback
                0x00000000080076c8       0x14 ./Drivers/STM32L4xx_HAL_Driver/Src/stm32l4xx_hal_tim.o
                0x00000000080076c8                HAL_TIM_TriggerCallback
 .text.TIM_Base_SetConfig
                0x00000000080076dc      0x134 ./Drivers/STM32L4xx_HAL_Driver/Src/stm32l4xx_hal_tim.o
                0x00000000080076dc                TIM_Base_SetConfig
 .text.TIM_TI1_ConfigInputStage
                0x0000000008007810       0x5e ./Drivers/STM32L4xx_HAL_Driver/Src/stm32l4xx_hal_tim.o
 .text.TIM_TI2_ConfigInputStage
                0x000000000800786e       0x60 ./Drivers/STM32L4xx_HAL_Driver/Src/stm32l4xx_hal_tim.o
 .text.TIM_ITRx_SetConfig
                0x00000000080078ce       0x36 ./Drivers/STM32L4xx_HAL_Driver/Src/stm32l4xx_hal_tim.o
 .text.TIM_ETR_SetConfig
                0x0000000008007904       0x40 ./Drivers/STM32L4xx_HAL_Driver/Src/stm32l4xx_hal_tim.o
                0x0000000008007904                TIM_ETR_SetConfig
 .text.HAL_TIMEx_MasterConfigSynchronization
                0x0000000008007944      0x110 ./Drivers/STM32L4xx_HAL_Driver/Src/stm32l4xx_hal_tim_ex.o
                0x0000000008007944                HAL_TIMEx_MasterConfigSynchronization
 .text.HAL_TIMEx_CommutCallback
                0x0000000008007a54       0x14 ./Drivers/STM32L4xx_HAL_Driver/Src/stm32l4xx_hal_tim_ex.o
                0x0000000008007a54                HAL_TIMEx_CommutCallback
 .text.HAL_TIMEx_BreakCallback
                0x0000000008007a68       0x14 ./Drivers/STM32L4xx_HAL_Driver/Src/stm32l4xx_hal_tim_ex.o
                0x0000000008007a68                HAL_TIMEx_BreakCallback
 .text.HAL_TIMEx_Break2Callback
                0x0000000008007a7c       0x14 ./Drivers/STM32L4xx_HAL_Driver/Src/stm32l4xx_hal_tim_ex.o
                0x0000000008007a7c                HAL_TIMEx_Break2Callback
 .text.HAL_UART_Init
                0x0000000008007a90       0x9c ./Drivers/STM32L4xx_HAL_Driver/Src/stm32l4xx_hal_uart.o
                0x0000000008007a90                HAL_UART_Init
 .text.UART_SetConfig
                0x0000000008007b2c      0x570 ./Drivers/STM32L4xx_HAL_Driver/Src/stm32l4xx_hal_uart.o
                0x0000000008007b2c                UART_SetConfig
 .text.UART_AdvFeatureConfig
                0x000000000800809c      0x144 ./Drivers/STM32L4xx_HAL_Driver/Src/stm32l4xx_hal_uart.o
                0x000000000800809c                UART_AdvFeatureConfig
 .text.UART_CheckIdleState
                0x00000000080081e0       0x92 ./Drivers/STM32L4xx_HAL_Driver/Src/stm32l4xx_hal_uart.o
                0x00000000080081e0                UART_CheckIdleState
 .text.UART_WaitOnFlagUntilTimeout
                0x0000000008008272      0x188 ./Drivers/STM32L4xx_HAL_Driver/Src/stm32l4xx_hal_uart.o
                0x0000000008008272                UART_WaitOnFlagUntilTimeout
 *fill*         0x00000000080083fa        0x2 
 .text.iNemoEngine_gbias_init
                0x00000000080083fc       0x98 C:\Users\be06.BREIZELEC\STM32Cube\Repository\Packs\STMicroelectronics\X-CUBE-MEMS1\9.2.0\Middlewares\ST\STM32_MotionDI_Library\Lib\MotionDI_CM4F_wc32_ot_hard.a(motion_di.o)
 .text.rotVect  0x0000000008008494       0xc4 C:\Users\be06.BREIZELEC\STM32Cube\Repository\Packs\STMicroelectronics\X-CUBE-MEMS1\9.2.0\Middlewares\ST\STM32_MotionDI_Library\Lib\MotionDI_CM4F_wc32_ot_hard.a(motion_di.o)
 .text.m_mldivide
                0x0000000008008558      0x34c C:\Users\be06.BREIZELEC\STM32Cube\Repository\Packs\STMicroelectronics\X-CUBE-MEMS1\9.2.0\Middlewares\ST\STM32_MotionDI_Library\Lib\MotionDI_CM4F_wc32_ot_hard.a(motion_di.o)
 .text.m_qmult_eml
                0x00000000080088a4       0x74 C:\Users\be06.BREIZELEC\STM32Cube\Repository\Packs\STMicroelectronics\X-CUBE-MEMS1\9.2.0\Middlewares\ST\STM32_MotionDI_Library\Lib\MotionDI_CM4F_wc32_ot_hard.a(motion_di.o)
 .text.m_q2dcm_eml
                0x0000000008008918       0xc4 C:\Users\be06.BREIZELEC\STM32Cube\Repository\Packs\STMicroelectronics\X-CUBE-MEMS1\9.2.0\Middlewares\ST\STM32_MotionDI_Library\Lib\MotionDI_CM4F_wc32_ot_hard.a(motion_di.o)
 .text.st_accCal_MEMS_EIG3
                0x00000000080089dc      0x1e4 C:\Users\be06.BREIZELEC\STM32Cube\Repository\Packs\STMicroelectronics\X-CUBE-MEMS1\9.2.0\Middlewares\ST\STM32_MotionDI_Library\Lib\MotionDI_CM4F_wc32_ot_hard.a(motion_di.o)
 .text.st_accCal_MEMS_ellipsoidFit7
                0x0000000008008bc0      0x5c0 C:\Users\be06.BREIZELEC\STM32Cube\Repository\Packs\STMicroelectronics\X-CUBE-MEMS1\9.2.0\Middlewares\ST\STM32_MotionDI_Library\Lib\MotionDI_CM4F_wc32_ot_hard.a(motion_di.o)
 .text.m_dcm2q_eml
                0x0000000008009180      0x1d4 C:\Users\be06.BREIZELEC\STM32Cube\Repository\Packs\STMicroelectronics\X-CUBE-MEMS1\9.2.0\Middlewares\ST\STM32_MotionDI_Library\Lib\MotionDI_CM4F_wc32_ot_hard.a(motion_di.o)
 .text.SpacePointGyroProp
                0x0000000008009354      0x120 C:\Users\be06.BREIZELEC\STM32Cube\Repository\Packs\STMicroelectronics\X-CUBE-MEMS1\9.2.0\Middlewares\ST\STM32_MotionDI_Library\Lib\MotionDI_CM4F_wc32_ot_hard.a(motion_di.o)
 .text.SpacePointGyroPropRedist
                0x0000000008009474       0x9c C:\Users\be06.BREIZELEC\STM32Cube\Repository\Packs\STMicroelectronics\X-CUBE-MEMS1\9.2.0\Middlewares\ST\STM32_MotionDI_Library\Lib\MotionDI_CM4F_wc32_ot_hard.a(motion_di.o)
 .text.quatErr2EulerErr
                0x0000000008009510      0x1e8 C:\Users\be06.BREIZELEC\STM32Cube\Repository\Packs\STMicroelectronics\X-CUBE-MEMS1\9.2.0\Middlewares\ST\STM32_MotionDI_Library\Lib\MotionDI_CM4F_wc32_ot_hard.a(motion_di.o)
 .text.m_b_interp1q_constrain
                0x00000000080096f8       0x9c C:\Users\be06.BREIZELEC\STM32Cube\Repository\Packs\STMicroelectronics\X-CUBE-MEMS1\9.2.0\Middlewares\ST\STM32_MotionDI_Library\Lib\MotionDI_CM4F_wc32_ot_hard.a(motion_di.o)
 .text.m_interp1q_constrain
                0x0000000008009794       0x9c C:\Users\be06.BREIZELEC\STM32Cube\Repository\Packs\STMicroelectronics\X-CUBE-MEMS1\9.2.0\Middlewares\ST\STM32_MotionDI_Library\Lib\MotionDI_CM4F_wc32_ot_hard.a(motion_di.o)
 .text.m_rt_atan2f_snf
                0x0000000008009830      0x104 C:\Users\be06.BREIZELEC\STM32Cube\Repository\Packs\STMicroelectronics\X-CUBE-MEMS1\9.2.0\Middlewares\ST\STM32_MotionDI_Library\Lib\MotionDI_CM4F_wc32_ot_hard.a(motion_di.o)
 .text.output_update
                0x0000000008009934      0x304 C:\Users\be06.BREIZELEC\STM32Cube\Repository\Packs\STMicroelectronics\X-CUBE-MEMS1\9.2.0\Middlewares\ST\STM32_MotionDI_Library\Lib\MotionDI_CM4F_wc32_ot_hard.a(motion_di.o)
 .text.iNemo_setOrientation.constprop.0
                0x0000000008009c38      0x3a4 C:\Users\be06.BREIZELEC\STM32Cube\Repository\Packs\STMicroelectronics\X-CUBE-MEMS1\9.2.0\Middlewares\ST\STM32_MotionDI_Library\Lib\MotionDI_CM4F_wc32_ot_hard.a(motion_di.o)
 .text.iNemo_setOrientation_6X.constprop.0
                0x0000000008009fdc      0x3a4 C:\Users\be06.BREIZELEC\STM32Cube\Repository\Packs\STMicroelectronics\X-CUBE-MEMS1\9.2.0\Middlewares\ST\STM32_MotionDI_Library\Lib\MotionDI_CM4F_wc32_ot_hard.a(motion_di.o)
 .text.MotionDI_setKnobs.part.0
                0x000000000800a380      0x110 C:\Users\be06.BREIZELEC\STM32Cube\Repository\Packs\STMicroelectronics\X-CUBE-MEMS1\9.2.0\Middlewares\ST\STM32_MotionDI_Library\Lib\MotionDI_CM4F_wc32_ot_hard.a(motion_di.o)
 .text.getAccStats.constprop.0
                0x000000000800a490      0x1c4 C:\Users\be06.BREIZELEC\STM32Cube\Repository\Packs\STMicroelectronics\X-CUBE-MEMS1\9.2.0\Middlewares\ST\STM32_MotionDI_Library\Lib\MotionDI_CM4F_wc32_ot_hard.a(motion_di.o)
 *fill*         0x000000000800a654        0x4 
 .text.iNemo_quat2heading
                0x000000000800a658      0x448 C:\Users\be06.BREIZELEC\STM32Cube\Repository\Packs\STMicroelectronics\X-CUBE-MEMS1\9.2.0\Middlewares\ST\STM32_MotionDI_Library\Lib\MotionDI_CM4F_wc32_ot_hard.a(motion_di.o)
 .text.m_kalman_3gyro.isra.0.constprop.0
                0x000000000800aaa0     0x405c C:\Users\be06.BREIZELEC\STM32Cube\Repository\Packs\STMicroelectronics\X-CUBE-MEMS1\9.2.0\Middlewares\ST\STM32_MotionDI_Library\Lib\MotionDI_CM4F_wc32_ot_hard.a(motion_di.o)
 .text.SpacePointAlgorithm.isra.0
                0x000000000800eafc      0x404 C:\Users\be06.BREIZELEC\STM32Cube\Repository\Packs\STMicroelectronics\X-CUBE-MEMS1\9.2.0\Middlewares\ST\STM32_MotionDI_Library\Lib\MotionDI_CM4F_wc32_ot_hard.a(motion_di.o)
 .text.MotionDI_Initialize
                0x000000000800ef00      0x68c C:\Users\be06.BREIZELEC\STM32Cube\Repository\Packs\STMicroelectronics\X-CUBE-MEMS1\9.2.0\Middlewares\ST\STM32_MotionDI_Library\Lib\MotionDI_CM4F_wc32_ot_hard.a(motion_di.o)
                0x000000000800ef00                MotionDI_Initialize
 .text.MotionDI_setKnobs
                0x000000000800f58c       0x14 C:\Users\be06.BREIZELEC\STM32Cube\Repository\Packs\STMicroelectronics\X-CUBE-MEMS1\9.2.0\Middlewares\ST\STM32_MotionDI_Library\Lib\MotionDI_CM4F_wc32_ot_hard.a(motion_di.o)
                0x000000000800f58c                MotionDI_setKnobs
 .text.MotionDI_getKnobs
                0x000000000800f5a0       0x98 C:\Users\be06.BREIZELEC\STM32Cube\Repository\Packs\STMicroelectronics\X-CUBE-MEMS1\9.2.0\Middlewares\ST\STM32_MotionDI_Library\Lib\MotionDI_CM4F_wc32_ot_hard.a(motion_di.o)
                0x000000000800f5a0                MotionDI_getKnobs
 .text.MotionDI_update
                0x000000000800f638     0x37d8 C:\Users\be06.BREIZELEC\STM32Cube\Repository\Packs\STMicroelectronics\X-CUBE-MEMS1\9.2.0\Middlewares\ST\STM32_MotionDI_Library\Lib\MotionDI_CM4F_wc32_ot_hard.a(motion_di.o)
                0x000000000800f638                MotionDI_update
 .text.MotionDI_GetLibVersion
                0x0000000008012e10       0x4c C:\Users\be06.BREIZELEC\STM32Cube\Repository\Packs\STMicroelectronics\X-CUBE-MEMS1\9.2.0\Middlewares\ST\STM32_MotionDI_Library\Lib\MotionDI_CM4F_wc32_ot_hard.a(motion_di.o)
                0x0000000008012e10                MotionDI_GetLibVersion
 .text.__errno  0x0000000008012e5c        0xc c:/st/stm32cubeide_1.9.0/stm32cubeide/plugins/com.st.stm32cube.ide.mcu.externaltools.gnu-tools-for-stm32.10.3-2021.10.win32_1.0.0.202111181127/tools/bin/../lib/gcc/arm-none-eabi/10.3.1/../../../../arm-none-eabi/lib/thumb/v7e-m+fp/hard\libc_nano.a(lib_a-errno.o)
                0x0000000008012e5c                __errno
 .text.__libc_init_array
                0x0000000008012e68       0x48 c:/st/stm32cubeide_1.9.0/stm32cubeide/plugins/com.st.stm32cube.ide.mcu.externaltools.gnu-tools-for-stm32.10.3-2021.10.win32_1.0.0.202111181127/tools/bin/../lib/gcc/arm-none-eabi/10.3.1/../../../../arm-none-eabi/lib/thumb/v7e-m+fp/hard\libc_nano.a(lib_a-init.o)
                0x0000000008012e68                __libc_init_array
 .text.memcpy   0x0000000008012eb0       0x1c c:/st/stm32cubeide_1.9.0/stm32cubeide/plugins/com.st.stm32cube.ide.mcu.externaltools.gnu-tools-for-stm32.10.3-2021.10.win32_1.0.0.202111181127/tools/bin/../lib/gcc/arm-none-eabi/10.3.1/../../../../arm-none-eabi/lib/thumb/v7e-m+fp/hard\libc_nano.a(lib_a-memcpy-stub.o)
                0x0000000008012eb0                memcpy
 .text.memset   0x0000000008012ecc       0x10 c:/st/stm32cubeide_1.9.0/stm32cubeide/plugins/com.st.stm32cube.ide.mcu.externaltools.gnu-tools-for-stm32.10.3-2021.10.win32_1.0.0.202111181127/tools/bin/../lib/gcc/arm-none-eabi/10.3.1/../../../../arm-none-eabi/lib/thumb/v7e-m+fp/hard\libc_nano.a(lib_a-memset.o)
                0x0000000008012ecc                memset
 *fill*         0x0000000008012edc        0x4 
 .text.floor    0x0000000008012ee0      0x100 c:/st/stm32cubeide_1.9.0/stm32cubeide/plugins/com.st.stm32cube.ide.mcu.externaltools.gnu-tools-for-stm32.10.3-2021.10.win32_1.0.0.202111181127/tools/bin/../lib/gcc/arm-none-eabi/10.3.1/../../../../arm-none-eabi/lib/thumb/v7e-m+fp/hard\libm.a(lib_a-s_floor.o)
                0x0000000008012ee0                floor
 .text.cosf     0x0000000008012fe0       0x88 c:/st/stm32cubeide_1.9.0/stm32cubeide/plugins/com.st.stm32cube.ide.mcu.externaltools.gnu-tools-for-stm32.10.3-2021.10.win32_1.0.0.202111181127/tools/bin/../lib/gcc/arm-none-eabi/10.3.1/../../../../arm-none-eabi/lib/thumb/v7e-m+fp/hard\libm.a(lib_a-sf_cos.o)
                0x0000000008012fe0                cosf
 .text.roundf   0x0000000008013068       0x48 c:/st/stm32cubeide_1.9.0/stm32cubeide/plugins/com.st.stm32cube.ide.mcu.externaltools.gnu-tools-for-stm32.10.3-2021.10.win32_1.0.0.202111181127/tools/bin/../lib/gcc/arm-none-eabi/10.3.1/../../../../arm-none-eabi/lib/thumb/v7e-m+fp/hard\libm.a(lib_a-sf_round.o)
                0x0000000008013068                roundf
 .text.sinf     0x00000000080130b0       0x8c c:/st/stm32cubeide_1.9.0/stm32cubeide/plugins/com.st.stm32cube.ide.mcu.externaltools.gnu-tools-for-stm32.10.3-2021.10.win32_1.0.0.202111181127/tools/bin/../lib/gcc/arm-none-eabi/10.3.1/../../../../arm-none-eabi/lib/thumb/v7e-m+fp/hard\libm.a(lib_a-sf_sin.o)
                0x00000000080130b0                sinf
 .text.tanf     0x000000000801313c       0x58 c:/st/stm32cubeide_1.9.0/stm32cubeide/plugins/com.st.stm32cube.ide.mcu.externaltools.gnu-tools-for-stm32.10.3-2021.10.win32_1.0.0.202111181127/tools/bin/../lib/gcc/arm-none-eabi/10.3.1/../../../../arm-none-eabi/lib/thumb/v7e-m+fp/hard\libm.a(lib_a-sf_tan.o)
                0x000000000801313c                tanf
 .text.asin     0x0000000008013194       0x68 c:/st/stm32cubeide_1.9.0/stm32cubeide/plugins/com.st.stm32cube.ide.mcu.externaltools.gnu-tools-for-stm32.10.3-2021.10.win32_1.0.0.202111181127/tools/bin/../lib/gcc/arm-none-eabi/10.3.1/../../../../arm-none-eabi/lib/thumb/v7e-m+fp/hard\libm.a(lib_a-w_asin.o)
                0x0000000008013194                asin
 .text.atan2    0x00000000080131fc        0x4 c:/st/stm32cubeide_1.9.0/stm32cubeide/plugins/com.st.stm32cube.ide.mcu.externaltools.gnu-tools-for-stm32.10.3-2021.10.win32_1.0.0.202111181127/tools/bin/../lib/gcc/arm-none-eabi/10.3.1/../../../../arm-none-eabi/lib/thumb/v7e-m+fp/hard\libm.a(lib_a-w_atan2.o)
                0x00000000080131fc                atan2
 .text.exp      0x0000000008013200       0x90 c:/st/stm32cubeide_1.9.0/stm32cubeide/plugins/com.st.stm32cube.ide.mcu.externaltools.gnu-tools-for-stm32.10.3-2021.10.win32_1.0.0.202111181127/tools/bin/../lib/gcc/arm-none-eabi/10.3.1/../../../../arm-none-eabi/lib/thumb/v7e-m+fp/hard\libm.a(lib_a-w_exp.o)
                0x0000000008013200                exp
 .text.sqrt     0x0000000008013290       0x58 c:/st/stm32cubeide_1.9.0/stm32cubeide/plugins/com.st.stm32cube.ide.mcu.externaltools.gnu-tools-for-stm32.10.3-2021.10.win32_1.0.0.202111181127/tools/bin/../lib/gcc/arm-none-eabi/10.3.1/../../../../arm-none-eabi/lib/thumb/v7e-m+fp/hard\libm.a(lib_a-w_sqrt.o)
                0x0000000008013290                sqrt
 .text.acosf    0x00000000080132e8       0x58 c:/st/stm32cubeide_1.9.0/stm32cubeide/plugins/com.st.stm32cube.ide.mcu.externaltools.gnu-tools-for-stm32.10.3-2021.10.win32_1.0.0.202111181127/tools/bin/../lib/gcc/arm-none-eabi/10.3.1/../../../../arm-none-eabi/lib/thumb/v7e-m+fp/hard\libm.a(lib_a-wf_acos.o)
                0x00000000080132e8                acosf
 .text.__ieee754_asin
                0x0000000008013340      0x428 c:/st/stm32cubeide_1.9.0/stm32cubeide/plugins/com.st.stm32cube.ide.mcu.externaltools.gnu-tools-for-stm32.10.3-2021.10.win32_1.0.0.202111181127/tools/bin/../lib/gcc/arm-none-eabi/10.3.1/../../../../arm-none-eabi/lib/thumb/v7e-m+fp/hard\libm.a(lib_a-e_asin.o)
                0x0000000008013340                __ieee754_asin
 .text.__ieee754_atan2
                0x0000000008013768      0x194 c:/st/stm32cubeide_1.9.0/stm32cubeide/plugins/com.st.stm32cube.ide.mcu.externaltools.gnu-tools-for-stm32.10.3-2021.10.win32_1.0.0.202111181127/tools/bin/../lib/gcc/arm-none-eabi/10.3.1/../../../../arm-none-eabi/lib/thumb/v7e-m+fp/hard\libm.a(lib_a-e_atan2.o)
                0x0000000008013768                __ieee754_atan2
 *fill*         0x00000000080138fc        0x4 
 .text.__ieee754_exp
                0x0000000008013900      0x304 c:/st/stm32cubeide_1.9.0/stm32cubeide/plugins/com.st.stm32cube.ide.mcu.externaltools.gnu-tools-for-stm32.10.3-2021.10.win32_1.0.0.202111181127/tools/bin/../lib/gcc/arm-none-eabi/10.3.1/../../../../arm-none-eabi/lib/thumb/v7e-m+fp/hard\libm.a(lib_a-e_exp.o)
                0x0000000008013900                __ieee754_exp
 .text.__ieee754_sqrt
                0x0000000008013c04      0x164 c:/st/stm32cubeide_1.9.0/stm32cubeide/plugins/com.st.stm32cube.ide.mcu.externaltools.gnu-tools-for-stm32.10.3-2021.10.win32_1.0.0.202111181127/tools/bin/../lib/gcc/arm-none-eabi/10.3.1/../../../../arm-none-eabi/lib/thumb/v7e-m+fp/hard\libm.a(lib_a-e_sqrt.o)
                0x0000000008013c04                __ieee754_sqrt
 .text.__ieee754_acosf
                0x0000000008013d68      0x1f0 c:/st/stm32cubeide_1.9.0/stm32cubeide/plugins/com.st.stm32cube.ide.mcu.externaltools.gnu-tools-for-stm32.10.3-2021.10.win32_1.0.0.202111181127/tools/bin/../lib/gcc/arm-none-eabi/10.3.1/../../../../arm-none-eabi/lib/thumb/v7e-m+fp/hard\libm.a(lib_a-ef_acos.o)
                0x0000000008013d68                __ieee754_acosf
 .text.__ieee754_rem_pio2f
                0x0000000008013f58      0x278 c:/st/stm32cubeide_1.9.0/stm32cubeide/plugins/com.st.stm32cube.ide.mcu.externaltools.gnu-tools-for-stm32.10.3-2021.10.win32_1.0.0.202111181127/tools/bin/../lib/gcc/arm-none-eabi/10.3.1/../../../../arm-none-eabi/lib/thumb/v7e-m+fp/hard\libm.a(lib_a-ef_rem_pio2.o)
                0x0000000008013f58                __ieee754_rem_pio2f
 .text.__ieee754_sqrtf
                0x00000000080141d0        0x6 c:/st/stm32cubeide_1.9.0/stm32cubeide/plugins/com.st.stm32cube.ide.mcu.externaltools.gnu-tools-for-stm32.10.3-2021.10.win32_1.0.0.202111181127/tools/bin/../lib/gcc/arm-none-eabi/10.3.1/../../../../arm-none-eabi/lib/thumb/v7e-m+fp/hard\libm.a(lib_a-ef_sqrt.o)
                0x00000000080141d0                __ieee754_sqrtf
 *fill*         0x00000000080141d6        0x2 
 .text.__kernel_cosf
                0x00000000080141d8       0xc0 c:/st/stm32cubeide_1.9.0/stm32cubeide/plugins/com.st.stm32cube.ide.mcu.externaltools.gnu-tools-for-stm32.10.3-2021.10.win32_1.0.0.202111181127/tools/bin/../lib/gcc/arm-none-eabi/10.3.1/../../../../arm-none-eabi/lib/thumb/v7e-m+fp/hard\libm.a(lib_a-kf_cos.o)
                0x00000000080141d8                __kernel_cosf
 .text.__kernel_rem_pio2f
                0x0000000008014298      0x4ec c:/st/stm32cubeide_1.9.0/stm32cubeide/plugins/com.st.stm32cube.ide.mcu.externaltools.gnu-tools-for-stm32.10.3-2021.10.win32_1.0.0.202111181127/tools/bin/../lib/gcc/arm-none-eabi/10.3.1/../../../../arm-none-eabi/lib/thumb/v7e-m+fp/hard\libm.a(lib_a-kf_rem_pio2.o)
                0x0000000008014298                __kernel_rem_pio2f
 .text.__kernel_sinf
                0x0000000008014784       0x90 c:/st/stm32cubeide_1.9.0/stm32cubeide/plugins/com.st.stm32cube.ide.mcu.externaltools.gnu-tools-for-stm32.10.3-2021.10.win32_1.0.0.202111181127/tools/bin/../lib/gcc/arm-none-eabi/10.3.1/../../../../arm-none-eabi/lib/thumb/v7e-m+fp/hard\libm.a(lib_a-kf_sin.o)
                0x0000000008014784                __kernel_sinf
 .text.__kernel_tanf
                0x0000000008014814      0x1c0 c:/st/stm32cubeide_1.9.0/stm32cubeide/plugins/com.st.stm32cube.ide.mcu.externaltools.gnu-tools-for-stm32.10.3-2021.10.win32_1.0.0.202111181127/tools/bin/../lib/gcc/arm-none-eabi/10.3.1/../../../../arm-none-eabi/lib/thumb/v7e-m+fp/hard\libm.a(lib_a-kf_tan.o)
                0x0000000008014814                __kernel_tanf
 .text.with_errno
                0x00000000080149d4       0x14 c:/st/stm32cubeide_1.9.0/stm32cubeide/plugins/com.st.stm32cube.ide.mcu.externaltools.gnu-tools-for-stm32.10.3-2021.10.win32_1.0.0.202111181127/tools/bin/../lib/gcc/arm-none-eabi/10.3.1/../../../../arm-none-eabi/lib/thumb/v7e-m+fp/hard\libm.a(lib_a-math_err.o)
 .text.xflow    0x00000000080149e8       0x28 c:/st/stm32cubeide_1.9.0/stm32cubeide/plugins/com.st.stm32cube.ide.mcu.externaltools.gnu-tools-for-stm32.10.3-2021.10.win32_1.0.0.202111181127/tools/bin/../lib/gcc/arm-none-eabi/10.3.1/../../../../arm-none-eabi/lib/thumb/v7e-m+fp/hard\libm.a(lib_a-math_err.o)
 .text.__math_uflow
                0x0000000008014a10       0x12 c:/st/stm32cubeide_1.9.0/stm32cubeide/plugins/com.st.stm32cube.ide.mcu.externaltools.gnu-tools-for-stm32.10.3-2021.10.win32_1.0.0.202111181127/tools/bin/../lib/gcc/arm-none-eabi/10.3.1/../../../../arm-none-eabi/lib/thumb/v7e-m+fp/hard\libm.a(lib_a-math_err.o)
                0x0000000008014a10                __math_uflow
 .text.__math_oflow
                0x0000000008014a22       0x12 c:/st/stm32cubeide_1.9.0/stm32cubeide/plugins/com.st.stm32cube.ide.mcu.externaltools.gnu-tools-for-stm32.10.3-2021.10.win32_1.0.0.202111181127/tools/bin/../lib/gcc/arm-none-eabi/10.3.1/../../../../arm-none-eabi/lib/thumb/v7e-m+fp/hard\libm.a(lib_a-math_err.o)
                0x0000000008014a22                __math_oflow
 *fill*         0x0000000008014a34        0x4 
 .text.atan     0x0000000008014a38      0x340 c:/st/stm32cubeide_1.9.0/stm32cubeide/plugins/com.st.stm32cube.ide.mcu.externaltools.gnu-tools-for-stm32.10.3-2021.10.win32_1.0.0.202111181127/tools/bin/../lib/gcc/arm-none-eabi/10.3.1/../../../../arm-none-eabi/lib/thumb/v7e-m+fp/hard\libm.a(lib_a-s_atan.o)
                0x0000000008014a38                atan
 .text.fabs     0x0000000008014d78       0x12 c:/st/stm32cubeide_1.9.0/stm32cubeide/plugins/com.st.stm32cube.ide.mcu.externaltools.gnu-tools-for-stm32.10.3-2021.10.win32_1.0.0.202111181127/tools/bin/../lib/gcc/arm-none-eabi/10.3.1/../../../../arm-none-eabi/lib/thumb/v7e-m+fp/hard\libm.a(lib_a-s_fabs.o)
                0x0000000008014d78                fabs
 .text.finite   0x0000000008014d8a       0x16 c:/st/stm32cubeide_1.9.0/stm32cubeide/plugins/com.st.stm32cube.ide.mcu.externaltools.gnu-tools-for-stm32.10.3-2021.10.win32_1.0.0.202111181127/tools/bin/../lib/gcc/arm-none-eabi/10.3.1/../../../../arm-none-eabi/lib/thumb/v7e-m+fp/hard\libm.a(lib_a-s_finite.o)
                0x0000000008014d8a                finite
 .text.nan      0x0000000008014da0       0x10 c:/st/stm32cubeide_1.9.0/stm32cubeide/plugins/com.st.stm32cube.ide.mcu.externaltools.gnu-tools-for-stm32.10.3-2021.10.win32_1.0.0.202111181127/tools/bin/../lib/gcc/arm-none-eabi/10.3.1/../../../../arm-none-eabi/lib/thumb/v7e-m+fp/hard\libm.a(lib_a-s_nan.o)
                0x0000000008014da0                nan
 .text.fabsf    0x0000000008014db0        0xe c:/st/stm32cubeide_1.9.0/stm32cubeide/plugins/com.st.stm32cube.ide.mcu.externaltools.gnu-tools-for-stm32.10.3-2021.10.win32_1.0.0.202111181127/tools/bin/../lib/gcc/arm-none-eabi/10.3.1/../../../../arm-none-eabi/lib/thumb/v7e-m+fp/hard\libm.a(lib_a-sf_fabs.o)
                0x0000000008014db0                fabsf
 *fill*         0x0000000008014dbe        0x2 
 .text.floorf   0x0000000008014dc0       0x84 c:/st/stm32cubeide_1.9.0/stm32cubeide/plugins/com.st.stm32cube.ide.mcu.externaltools.gnu-tools-for-stm32.10.3-2021.10.win32_1.0.0.202111181127/tools/bin/../lib/gcc/arm-none-eabi/10.3.1/../../../../arm-none-eabi/lib/thumb/v7e-m+fp/hard\libm.a(lib_a-sf_floor.o)
                0x0000000008014dc0                floorf
 .text.nanf     0x0000000008014e44        0xc c:/st/stm32cubeide_1.9.0/stm32cubeide/plugins/com.st.stm32cube.ide.mcu.externaltools.gnu-tools-for-stm32.10.3-2021.10.win32_1.0.0.202111181127/tools/bin/../lib/gcc/arm-none-eabi/10.3.1/../../../../arm-none-eabi/lib/thumb/v7e-m+fp/hard\libm.a(lib_a-sf_nan.o)
                0x0000000008014e44                nanf
 .text.scalbnf  0x0000000008014e50       0xe4 c:/st/stm32cubeide_1.9.0/stm32cubeide/plugins/com.st.stm32cube.ide.mcu.externaltools.gnu-tools-for-stm32.10.3-2021.10.win32_1.0.0.202111181127/tools/bin/../lib/gcc/arm-none-eabi/10.3.1/../../../../arm-none-eabi/lib/thumb/v7e-m+fp/hard\libm.a(lib_a-sf_scalbn.o)
                0x0000000008014e50                scalbnf
 *(.glue_7)
 .glue_7        0x0000000008014f34        0x0 linker stubs
 *(.glue_7t)
 .glue_7t       0x0000000008014f34        0x0 linker stubs
 *(.eh_frame)
 .eh_frame      0x0000000008014f34        0x0 c:/st/stm32cubeide_1.9.0/stm32cubeide/plugins/com.st.stm32cube.ide.mcu.externaltools.gnu-tools-for-stm32.10.3-2021.10.win32_1.0.0.202111181127/tools/bin/../lib/gcc/arm-none-eabi/10.3.1/thumb/v7e-m+fp/hard/crtbegin.o
 *(.init)
 .init          0x0000000008014f34        0x4 c:/st/stm32cubeide_1.9.0/stm32cubeide/plugins/com.st.stm32cube.ide.mcu.externaltools.gnu-tools-for-stm32.10.3-2021.10.win32_1.0.0.202111181127/tools/bin/../lib/gcc/arm-none-eabi/10.3.1/thumb/v7e-m+fp/hard/crti.o
                0x0000000008014f34                _init
 .init          0x0000000008014f38        0x8 c:/st/stm32cubeide_1.9.0/stm32cubeide/plugins/com.st.stm32cube.ide.mcu.externaltools.gnu-tools-for-stm32.10.3-2021.10.win32_1.0.0.202111181127/tools/bin/../lib/gcc/arm-none-eabi/10.3.1/thumb/v7e-m+fp/hard/crtn.o
 *(.fini)
 .fini          0x0000000008014f40        0x4 c:/st/stm32cubeide_1.9.0/stm32cubeide/plugins/com.st.stm32cube.ide.mcu.externaltools.gnu-tools-for-stm32.10.3-2021.10.win32_1.0.0.202111181127/tools/bin/../lib/gcc/arm-none-eabi/10.3.1/thumb/v7e-m+fp/hard/crti.o
                0x0000000008014f40                _fini
 .fini          0x0000000008014f44        0x8 c:/st/stm32cubeide_1.9.0/stm32cubeide/plugins/com.st.stm32cube.ide.mcu.externaltools.gnu-tools-for-stm32.10.3-2021.10.win32_1.0.0.202111181127/tools/bin/../lib/gcc/arm-none-eabi/10.3.1/thumb/v7e-m+fp/hard/crtn.o
                0x0000000008014f4c                . = ALIGN (0x4)
                0x0000000008014f4c                _etext = .

.vfp11_veneer   0x0000000008014f4c        0x0
 .vfp11_veneer  0x0000000008014f4c        0x0 linker stubs

.v4_bx          0x0000000008014f4c        0x0
 .v4_bx         0x0000000008014f4c        0x0 linker stubs

.iplt           0x0000000008014f4c        0x0
 .iplt          0x0000000008014f4c        0x0 c:/st/stm32cubeide_1.9.0/stm32cubeide/plugins/com.st.stm32cube.ide.mcu.externaltools.gnu-tools-for-stm32.10.3-2021.10.win32_1.0.0.202111181127/tools/bin/../lib/gcc/arm-none-eabi/10.3.1/thumb/v7e-m+fp/hard/crtbegin.o

.rodata         0x0000000008014f50      0x688
                0x0000000008014f50                . = ALIGN (0x4)
 *(.rodata)
 .rodata        0x0000000008014f50      0x1c4 C:\Users\be06.BREIZELEC\STM32Cube\Repository\Packs\STMicroelectronics\X-CUBE-MEMS1\9.2.0\Middlewares\ST\STM32_MotionDI_Library\Lib\MotionDI_CM4F_wc32_ot_hard.a(motion_di.o)
                0x000000000801510c                mAccCal_ver
 *(.rodata*)
 .rodata.AHBPrescTable
                0x0000000008015114       0x10 ./Core/Src/system_stm32l4xx.o
                0x0000000008015114                AHBPrescTable
 .rodata.APBPrescTable
                0x0000000008015124        0x8 ./Core/Src/system_stm32l4xx.o
                0x0000000008015124                APBPrescTable
 .rodata.MSIRangeTable
                0x000000000801512c       0x30 ./Core/Src/system_stm32l4xx.o
                0x000000000801512c                MSIRangeTable
 .rodata.str1.4
                0x000000000801515c        0x8 C:\Users\be06.BREIZELEC\STM32Cube\Repository\Packs\STMicroelectronics\X-CUBE-MEMS1\9.2.0\Middlewares\ST\STM32_MotionDI_Library\Lib\MotionDI_CM4F_wc32_ot_hard.a(motion_di.o)
 .rodata.asin.str1.1
                0x0000000008015164        0x1 c:/st/stm32cubeide_1.9.0/stm32cubeide/plugins/com.st.stm32cube.ide.mcu.externaltools.gnu-tools-for-stm32.10.3-2021.10.win32_1.0.0.202111181127/tools/bin/../lib/gcc/arm-none-eabi/10.3.1/../../../../arm-none-eabi/lib/thumb/v7e-m+fp/hard\libm.a(lib_a-w_asin.o)
 .rodata.acosf.str1.1
                0x0000000008015165        0x1 c:/st/stm32cubeide_1.9.0/stm32cubeide/plugins/com.st.stm32cube.ide.mcu.externaltools.gnu-tools-for-stm32.10.3-2021.10.win32_1.0.0.202111181127/tools/bin/../lib/gcc/arm-none-eabi/10.3.1/../../../../arm-none-eabi/lib/thumb/v7e-m+fp/hard\libm.a(lib_a-wf_acos.o)
 *fill*         0x0000000008015165        0x3 
 .rodata.CSWTCH.8
                0x0000000008015168       0x18 c:/st/stm32cubeide_1.9.0/stm32cubeide/plugins/com.st.stm32cube.ide.mcu.externaltools.gnu-tools-for-stm32.10.3-2021.10.win32_1.0.0.202111181127/tools/bin/../lib/gcc/arm-none-eabi/10.3.1/../../../../arm-none-eabi/lib/thumb/v7e-m+fp/hard\libm.a(lib_a-e_atan2.o)
 .rodata.CSWTCH.9
                0x0000000008015180       0x18 c:/st/stm32cubeide_1.9.0/stm32cubeide/plugins/com.st.stm32cube.ide.mcu.externaltools.gnu-tools-for-stm32.10.3-2021.10.win32_1.0.0.202111181127/tools/bin/../lib/gcc/arm-none-eabi/10.3.1/../../../../arm-none-eabi/lib/thumb/v7e-m+fp/hard\libm.a(lib_a-e_atan2.o)
 .rodata.halF   0x0000000008015198       0x10 c:/st/stm32cubeide_1.9.0/stm32cubeide/plugins/com.st.stm32cube.ide.mcu.externaltools.gnu-tools-for-stm32.10.3-2021.10.win32_1.0.0.202111181127/tools/bin/../lib/gcc/arm-none-eabi/10.3.1/../../../../arm-none-eabi/lib/thumb/v7e-m+fp/hard\libm.a(lib_a-e_exp.o)
 .rodata.ln2HI  0x00000000080151a8       0x10 c:/st/stm32cubeide_1.9.0/stm32cubeide/plugins/com.st.stm32cube.ide.mcu.externaltools.gnu-tools-for-stm32.10.3-2021.10.win32_1.0.0.202111181127/tools/bin/../lib/gcc/arm-none-eabi/10.3.1/../../../../arm-none-eabi/lib/thumb/v7e-m+fp/hard\libm.a(lib_a-e_exp.o)
 .rodata.ln2LO  0x00000000080151b8       0x10 c:/st/stm32cubeide_1.9.0/stm32cubeide/plugins/com.st.stm32cube.ide.mcu.externaltools.gnu-tools-for-stm32.10.3-2021.10.win32_1.0.0.202111181127/tools/bin/../lib/gcc/arm-none-eabi/10.3.1/../../../../arm-none-eabi/lib/thumb/v7e-m+fp/hard\libm.a(lib_a-e_exp.o)
 .rodata.npio2_hw
                0x00000000080151c8       0x80 c:/st/stm32cubeide_1.9.0/stm32cubeide/plugins/com.st.stm32cube.ide.mcu.externaltools.gnu-tools-for-stm32.10.3-2021.10.win32_1.0.0.202111181127/tools/bin/../lib/gcc/arm-none-eabi/10.3.1/../../../../arm-none-eabi/lib/thumb/v7e-m+fp/hard\libm.a(lib_a-ef_rem_pio2.o)
 .rodata.two_over_pi
                0x0000000008015248      0x318 c:/st/stm32cubeide_1.9.0/stm32cubeide/plugins/com.st.stm32cube.ide.mcu.externaltools.gnu-tools-for-stm32.10.3-2021.10.win32_1.0.0.202111181127/tools/bin/../lib/gcc/arm-none-eabi/10.3.1/../../../../arm-none-eabi/lib/thumb/v7e-m+fp/hard\libm.a(lib_a-ef_rem_pio2.o)
 .rodata.PIo2   0x0000000008015560       0x2c c:/st/stm32cubeide_1.9.0/stm32cubeide/plugins/com.st.stm32cube.ide.mcu.externaltools.gnu-tools-for-stm32.10.3-2021.10.win32_1.0.0.202111181127/tools/bin/../lib/gcc/arm-none-eabi/10.3.1/../../../../arm-none-eabi/lib/thumb/v7e-m+fp/hard\libm.a(lib_a-kf_rem_pio2.o)
 .rodata.init_jk
                0x000000000801558c        0xc c:/st/stm32cubeide_1.9.0/stm32cubeide/plugins/com.st.stm32cube.ide.mcu.externaltools.gnu-tools-for-stm32.10.3-2021.10.win32_1.0.0.202111181127/tools/bin/../lib/gcc/arm-none-eabi/10.3.1/../../../../arm-none-eabi/lib/thumb/v7e-m+fp/hard\libm.a(lib_a-kf_rem_pio2.o)
 .rodata.atanhi
                0x0000000008015598       0x20 c:/st/stm32cubeide_1.9.0/stm32cubeide/plugins/com.st.stm32cube.ide.mcu.externaltools.gnu-tools-for-stm32.10.3-2021.10.win32_1.0.0.202111181127/tools/bin/../lib/gcc/arm-none-eabi/10.3.1/../../../../arm-none-eabi/lib/thumb/v7e-m+fp/hard\libm.a(lib_a-s_atan.o)
 .rodata.atanlo
                0x00000000080155b8       0x20 c:/st/stm32cubeide_1.9.0/stm32cubeide/plugins/com.st.stm32cube.ide.mcu.externaltools.gnu-tools-for-stm32.10.3-2021.10.win32_1.0.0.202111181127/tools/bin/../lib/gcc/arm-none-eabi/10.3.1/../../../../arm-none-eabi/lib/thumb/v7e-m+fp/hard\libm.a(lib_a-s_atan.o)
                0x00000000080155d8                . = ALIGN (0x4)

.ARM.extab      0x00000000080155d8        0x0
                0x00000000080155d8                . = ALIGN (0x4)
 *(.ARM.extab* .gnu.linkonce.armextab.*)
                0x00000000080155d8                . = ALIGN (0x4)

.ARM            0x00000000080155d8        0x8
                0x00000000080155d8                . = ALIGN (0x4)
                0x00000000080155d8                __exidx_start = .
 *(.ARM.exidx*)
 .ARM.exidx     0x00000000080155d8        0x8 c:/st/stm32cubeide_1.9.0/stm32cubeide/plugins/com.st.stm32cube.ide.mcu.externaltools.gnu-tools-for-stm32.10.3-2021.10.win32_1.0.0.202111181127/tools/bin/../lib/gcc/arm-none-eabi/10.3.1/thumb/v7e-m+fp/hard\libgcc.a(_udivmoddi4.o)
                0x00000000080155e0                __exidx_end = .
                0x00000000080155e0                . = ALIGN (0x4)

.rel.dyn        0x00000000080155e0        0x0
 .rel.iplt      0x00000000080155e0        0x0 c:/st/stm32cubeide_1.9.0/stm32cubeide/plugins/com.st.stm32cube.ide.mcu.externaltools.gnu-tools-for-stm32.10.3-2021.10.win32_1.0.0.202111181127/tools/bin/../lib/gcc/arm-none-eabi/10.3.1/thumb/v7e-m+fp/hard/crtbegin.o

.preinit_array  0x00000000080155e0        0x0
                0x00000000080155e0                . = ALIGN (0x4)
                0x00000000080155e0                PROVIDE (__preinit_array_start = .)
 *(.preinit_array*)
                0x00000000080155e0                PROVIDE (__preinit_array_end = .)
                0x00000000080155e0                . = ALIGN (0x4)

.init_array     0x00000000080155e0        0x4
                0x00000000080155e0                . = ALIGN (0x4)
                0x00000000080155e0                PROVIDE (__init_array_start = .)
 *(SORT_BY_NAME(.init_array.*))
 *(.init_array*)
 .init_array    0x00000000080155e0        0x4 c:/st/stm32cubeide_1.9.0/stm32cubeide/plugins/com.st.stm32cube.ide.mcu.externaltools.gnu-tools-for-stm32.10.3-2021.10.win32_1.0.0.202111181127/tools/bin/../lib/gcc/arm-none-eabi/10.3.1/thumb/v7e-m+fp/hard/crtbegin.o
                0x00000000080155e4                PROVIDE (__init_array_end = .)
                0x00000000080155e4                . = ALIGN (0x4)

.fini_array     0x00000000080155e4        0x4
                0x00000000080155e4                . = ALIGN (0x4)
                [!provide]                        PROVIDE (__fini_array_start = .)
 *(SORT_BY_NAME(.fini_array.*))
 *(.fini_array*)
 .fini_array    0x00000000080155e4        0x4 c:/st/stm32cubeide_1.9.0/stm32cubeide/plugins/com.st.stm32cube.ide.mcu.externaltools.gnu-tools-for-stm32.10.3-2021.10.win32_1.0.0.202111181127/tools/bin/../lib/gcc/arm-none-eabi/10.3.1/thumb/v7e-m+fp/hard/crtbegin.o
                [!provide]                        PROVIDE (__fini_array_end = .)
                0x00000000080155e8                . = ALIGN (0x4)
                0x00000000080155e8                _sidata = LOADADDR (.data)

.data           0x0000000020000000     0x1678 load address 0x00000000080155e8
                0x0000000020000000                . = ALIGN (0x4)
                0x0000000020000000                _sdata = .
 *(.data)
 .data          0x0000000020000000     0x11c0 C:\Users\be06.BREIZELEC\STM32Cube\Repository\Packs\STMicroelectronics\X-CUBE-MEMS1\9.2.0\Middlewares\ST\STM32_MotionDI_Library\Lib\MotionDI_CM4F_wc32_ot_hard.a(motion_di.o)
 *(.data*)
 .data.freq     0x00000000200011c0        0x4 ./Core/Src/datas_fusion.o
                0x00000000200011c0                freq
 .data.ipKnobs  0x00000000200011c4        0x4 ./Core/Src/datas_fusion.o
 .data.comand_speed_period
                0x00000000200011c8        0x4 ./Core/Src/main.o
                0x00000000200011c8                comand_speed_period
 .data.command_direction
                0x00000000200011cc        0x4 ./Core/Src/main.o
                0x00000000200011cc                command_direction
 .data.phase_A  0x00000000200011d0      0x168 ./Core/Src/pwm_driver.o
                0x00000000200011d0                phase_A
 .data.phase_B  0x0000000020001338      0x168 ./Core/Src/pwm_driver.o
                0x0000000020001338                phase_B
 .data.phase_C  0x00000000200014a0      0x168 ./Core/Src/pwm_driver.o
                0x00000000200014a0                phase_C
 .data.SystemCoreClock
                0x0000000020001608        0x4 ./Core/Src/system_stm32l4xx.o
                0x0000000020001608                SystemCoreClock
 .data.uwTickPrio
                0x000000002000160c        0x4 ./Drivers/STM32L4xx_HAL_Driver/Src/stm32l4xx_hal.o
                0x000000002000160c                uwTickPrio
 .data.uwTickFreq
                0x0000000020001610        0x1 ./Drivers/STM32L4xx_HAL_Driver/Src/stm32l4xx_hal.o
                0x0000000020001610                uwTickFreq
 *fill*         0x0000000020001611        0x3 
 .data._impure_ptr
                0x0000000020001614        0x4 c:/st/stm32cubeide_1.9.0/stm32cubeide/plugins/com.st.stm32cube.ide.mcu.externaltools.gnu-tools-for-stm32.10.3-2021.10.win32_1.0.0.202111181127/tools/bin/../lib/gcc/arm-none-eabi/10.3.1/../../../../arm-none-eabi/lib/thumb/v7e-m+fp/hard\libc_nano.a(lib_a-impure.o)
                0x0000000020001614                _impure_ptr
 .data.impure_data
                0x0000000020001618       0x60 c:/st/stm32cubeide_1.9.0/stm32cubeide/plugins/com.st.stm32cube.ide.mcu.externaltools.gnu-tools-for-stm32.10.3-2021.10.win32_1.0.0.202111181127/tools/bin/../lib/gcc/arm-none-eabi/10.3.1/../../../../arm-none-eabi/lib/thumb/v7e-m+fp/hard\libc_nano.a(lib_a-impure.o)
 *(.RamFunc)
 *(.RamFunc*)
                0x0000000020001678                . = ALIGN (0x4)
                0x0000000020001678                _edata = .

.igot.plt       0x0000000020001678        0x0 load address 0x0000000008016c60
 .igot.plt      0x0000000020001678        0x0 c:/st/stm32cubeide_1.9.0/stm32cubeide/plugins/com.st.stm32cube.ide.mcu.externaltools.gnu-tools-for-stm32.10.3-2021.10.win32_1.0.0.202111181127/tools/bin/../lib/gcc/arm-none-eabi/10.3.1/thumb/v7e-m+fp/hard/crtbegin.o
                0x0000000020001678                . = ALIGN (0x4)

.bss            0x0000000020001678      0xf28 load address 0x0000000008016c60
                0x0000000020001678                _sbss = .
                0x0000000020001678                __bss_start__ = _sbss
 *(.bss)
 .bss           0x0000000020001678       0x1c c:/st/stm32cubeide_1.9.0/stm32cubeide/plugins/com.st.stm32cube.ide.mcu.externaltools.gnu-tools-for-stm32.10.3-2021.10.win32_1.0.0.202111181127/tools/bin/../lib/gcc/arm-none-eabi/10.3.1/thumb/v7e-m+fp/hard/crtbegin.o
 *fill*         0x0000000020001694        0x4 
 .bss           0x0000000020001698      0x6ee C:\Users\be06.BREIZELEC\STM32Cube\Repository\Packs\STMicroelectronics\X-CUBE-MEMS1\9.2.0\Middlewares\ST\STM32_MotionDI_Library\Lib\MotionDI_CM4F_wc32_ot_hard.a(motion_di.o)
 *(.bss*)
 *fill*         0x0000000020001d86        0x2 
 .bss.lib_version
                0x0000000020001d88       0x23 ./Core/Src/datas_fusion.o
                0x0000000020001d88                lib_version
 *fill*         0x0000000020001dab        0x1 
 .bss.iKnobs    0x0000000020001dac       0x34 ./Core/Src/datas_fusion.o
 .bss.data_in   0x0000000020001de0       0x20 ./Core/Src/datas_fusion.o
                0x0000000020001de0                data_in
 .bss.data_out  0x0000000020001e00       0x34 ./Core/Src/datas_fusion.o
                0x0000000020001e00                data_out
 *fill*         0x0000000020001e34        0x4 
 .bss.Timestamp
                0x0000000020001e38        0x8 ./Core/Src/datas_fusion.o
 .bss.acc_IMU   0x0000000020001e40        0xc ./Core/Src/datas_fusion.o
                0x0000000020001e40                acc_IMU
 .bss.gyro_IMU  0x0000000020001e4c        0xc ./Core/Src/datas_fusion.o
                0x0000000020001e4c                gyro_IMU
 .bss.IMU       0x0000000020001e58       0x30 ./Core/Src/lsm6dso.o
                0x0000000020001e58                IMU
 .bss.IO_IMU    0x0000000020001e88       0x1c ./Core/Src/lsm6dso.o
                0x0000000020001e88                IO_IMU
 .bss.capabilities_IMU
                0x0000000020001ea4       0x1c ./Core/Src/lsm6dso.o
                0x0000000020001ea4                capabilities_IMU
 .bss.hcrc      0x0000000020001ec0       0x24 ./Core/Src/main.o
                0x0000000020001ec0                hcrc
 .bss.hi2c1     0x0000000020001ee4       0x4c ./Core/Src/main.o
                0x0000000020001ee4                hi2c1
 .bss.hrtc      0x0000000020001f30       0x24 ./Core/Src/main.o
                0x0000000020001f30                hrtc
 .bss.hspi2     0x0000000020001f54       0x64 ./Core/Src/main.o
                0x0000000020001f54                hspi2
 .bss.htim2     0x0000000020001fb8       0x4c ./Core/Src/main.o
                0x0000000020001fb8                htim2
 .bss.htim3     0x0000000020002004       0x4c ./Core/Src/main.o
                0x0000000020002004                htim3
 .bss.huart2    0x0000000020002050       0x84 ./Core/Src/main.o
                0x0000000020002050                huart2
 .bss.buf_SPI_TX
                0x00000000200020d4       0x14 ./Core/Src/main.o
                0x00000000200020d4                buf_SPI_TX
 .bss.buf_SPI_RX
                0x00000000200020e8       0x14 ./Core/Src/main.o
                0x00000000200020e8                buf_SPI_RX
 .bss.Regulator_inputs
                0x00000000200020fc        0x8 ./Core/Src/main.o
                0x00000000200020fc                Regulator_inputs
 .bss.cpt_pwm   0x0000000020002104        0x4 ./Core/Src/pwm_driver.o
                0x0000000020002104                cpt_pwm
 .bss.cpt_deg   0x0000000020002108        0x4 ./Core/Src/pwm_driver.o
                0x0000000020002108                cpt_deg
 .bss.commands  0x000000002000210c        0x8 ./Core/Src/regulator.o
                0x000000002000210c                commands
 .bss.PID_param
                0x0000000020002114       0x18 ./Core/Src/regulator.o
                0x0000000020002114                PID_param
 .bss.uwTick    0x000000002000212c        0x4 ./Drivers/STM32L4xx_HAL_Driver/Src/stm32l4xx_hal.o
                0x000000002000212c                uwTick
 *(COMMON)
 COMMON         0x0000000020002130      0x470 C:\Users\be06.BREIZELEC\STM32Cube\Repository\Packs\STMicroelectronics\X-CUBE-MEMS1\9.2.0\Middlewares\ST\STM32_MotionDI_Library\Lib\MotionDI_CM4F_wc32_ot_hard.a(motion_di.o)
                0x0000000020002130                memsState
                0x00000000200025a0                . = ALIGN (0x4)
                0x00000000200025a0                _ebss = .
                0x00000000200025a0                __bss_end__ = _ebss

._user_heap_stack
                0x00000000200025a0      0x600 load address 0x0000000008016c60
                0x00000000200025a0                . = ALIGN (0x8)
                [!provide]                        PROVIDE (end = .)
                0x00000000200025a0                PROVIDE (_end = .)
                0x00000000200027a0                . = (. + _Min_Heap_Size)
 *fill*         0x00000000200025a0      0x200 
                0x0000000020002ba0                . = (. + _Min_Stack_Size)
 *fill*         0x00000000200027a0      0x400 
                0x0000000020002ba0                . = ALIGN (0x8)

/DISCARD/
 libc.a(*)
 libm.a(*)
 libgcc.a(*)

.ARM.attributes
                0x0000000000000000       0x30
 *(.ARM.attributes)
 .ARM.attributes
                0x0000000000000000       0x1e c:/st/stm32cubeide_1.9.0/stm32cubeide/plugins/com.st.stm32cube.ide.mcu.externaltools.gnu-tools-for-stm32.10.3-2021.10.win32_1.0.0.202111181127/tools/bin/../lib/gcc/arm-none-eabi/10.3.1/thumb/v7e-m+fp/hard/crti.o
 .ARM.attributes
                0x000000000000001e       0x34 c:/st/stm32cubeide_1.9.0/stm32cubeide/plugins/com.st.stm32cube.ide.mcu.externaltools.gnu-tools-for-stm32.10.3-2021.10.win32_1.0.0.202111181127/tools/bin/../lib/gcc/arm-none-eabi/10.3.1/thumb/v7e-m+fp/hard/crtbegin.o
 .ARM.attributes
                0x0000000000000052       0x34 ./Core/Src/datas_fusion.o
 .ARM.attributes
                0x0000000000000086       0x34 ./Core/Src/drv8311.o
 .ARM.attributes
                0x00000000000000ba       0x34 ./Core/Src/lsm6dso.o
 .ARM.attributes
                0x00000000000000ee       0x34 ./Core/Src/lsm6dso_reg.o
 .ARM.attributes
                0x0000000000000122       0x34 ./Core/Src/main.o
 .ARM.attributes
                0x0000000000000156       0x34 ./Core/Src/motion_di_manager.o
 .ARM.attributes
                0x000000000000018a       0x34 ./Core/Src/pwm_driver.o
 .ARM.attributes
                0x00000000000001be       0x34 ./Core/Src/regulator.o
 .ARM.attributes
                0x00000000000001f2       0x34 ./Core/Src/stm32l4xx_hal_msp.o
 .ARM.attributes
                0x0000000000000226       0x34 ./Core/Src/stm32l4xx_it.o
 .ARM.attributes
                0x000000000000025a       0x34 ./Core/Src/system_stm32l4xx.o
 .ARM.attributes
                0x000000000000028e       0x21 ./Core/Startup/startup_stm32l476rgtx.o
 .ARM.attributes
                0x00000000000002af       0x34 ./Drivers/STM32L4xx_HAL_Driver/Src/stm32l4xx_hal.o
 .ARM.attributes
                0x00000000000002e3       0x34 ./Drivers/STM32L4xx_HAL_Driver/Src/stm32l4xx_hal_cortex.o
 .ARM.attributes
                0x0000000000000317       0x34 ./Drivers/STM32L4xx_HAL_Driver/Src/stm32l4xx_hal_crc.o
 .ARM.attributes
                0x000000000000034b       0x34 ./Drivers/STM32L4xx_HAL_Driver/Src/stm32l4xx_hal_crc_ex.o
 .ARM.attributes
                0x000000000000037f       0x34 ./Drivers/STM32L4xx_HAL_Driver/Src/stm32l4xx_hal_gpio.o
 .ARM.attributes
                0x00000000000003b3       0x34 ./Drivers/STM32L4xx_HAL_Driver/Src/stm32l4xx_hal_i2c.o
 .ARM.attributes
                0x00000000000003e7       0x34 ./Drivers/STM32L4xx_HAL_Driver/Src/stm32l4xx_hal_i2c_ex.o
 .ARM.attributes
                0x000000000000041b       0x34 ./Drivers/STM32L4xx_HAL_Driver/Src/stm32l4xx_hal_pwr_ex.o
 .ARM.attributes
                0x000000000000044f       0x34 ./Drivers/STM32L4xx_HAL_Driver/Src/stm32l4xx_hal_rcc.o
 .ARM.attributes
                0x0000000000000483       0x34 ./Drivers/STM32L4xx_HAL_Driver/Src/stm32l4xx_hal_rcc_ex.o
 .ARM.attributes
                0x00000000000004b7       0x34 ./Drivers/STM32L4xx_HAL_Driver/Src/stm32l4xx_hal_rtc.o
 .ARM.attributes
                0x00000000000004eb       0x34 ./Drivers/STM32L4xx_HAL_Driver/Src/stm32l4xx_hal_spi.o
 .ARM.attributes
                0x000000000000051f       0x34 ./Drivers/STM32L4xx_HAL_Driver/Src/stm32l4xx_hal_tim.o
 .ARM.attributes
                0x0000000000000553       0x34 ./Drivers/STM32L4xx_HAL_Driver/Src/stm32l4xx_hal_tim_ex.o
 .ARM.attributes
                0x0000000000000587       0x34 ./Drivers/STM32L4xx_HAL_Driver/Src/stm32l4xx_hal_uart.o
 .ARM.attributes
                0x00000000000005bb       0x30 C:\Users\be06.BREIZELEC\STM32Cube\Repository\Packs\STMicroelectronics\X-CUBE-MEMS1\9.2.0\Middlewares\ST\STM32_MotionDI_Library\Lib\MotionDI_CM4F_wc32_ot_hard.a(motion_di.o)
 .ARM.attributes
                0x00000000000005eb       0x34 c:/st/stm32cubeide_1.9.0/stm32cubeide/plugins/com.st.stm32cube.ide.mcu.externaltools.gnu-tools-for-stm32.10.3-2021.10.win32_1.0.0.202111181127/tools/bin/../lib/gcc/arm-none-eabi/10.3.1/../../../../arm-none-eabi/lib/thumb/v7e-m+fp/hard\libc_nano.a(lib_a-errno.o)
 .ARM.attributes
                0x000000000000061f       0x34 c:/st/stm32cubeide_1.9.0/stm32cubeide/plugins/com.st.stm32cube.ide.mcu.externaltools.gnu-tools-for-stm32.10.3-2021.10.win32_1.0.0.202111181127/tools/bin/../lib/gcc/arm-none-eabi/10.3.1/../../../../arm-none-eabi/lib/thumb/v7e-m+fp/hard\libc_nano.a(lib_a-impure.o)
 .ARM.attributes
                0x0000000000000653       0x34 c:/st/stm32cubeide_1.9.0/stm32cubeide/plugins/com.st.stm32cube.ide.mcu.externaltools.gnu-tools-for-stm32.10.3-2021.10.win32_1.0.0.202111181127/tools/bin/../lib/gcc/arm-none-eabi/10.3.1/../../../../arm-none-eabi/lib/thumb/v7e-m+fp/hard\libc_nano.a(lib_a-init.o)
 .ARM.attributes
                0x0000000000000687       0x34 c:/st/stm32cubeide_1.9.0/stm32cubeide/plugins/com.st.stm32cube.ide.mcu.externaltools.gnu-tools-for-stm32.10.3-2021.10.win32_1.0.0.202111181127/tools/bin/../lib/gcc/arm-none-eabi/10.3.1/../../../../arm-none-eabi/lib/thumb/v7e-m+fp/hard\libc_nano.a(lib_a-memcpy-stub.o)
 .ARM.attributes
                0x00000000000006bb       0x34 c:/st/stm32cubeide_1.9.0/stm32cubeide/plugins/com.st.stm32cube.ide.mcu.externaltools.gnu-tools-for-stm32.10.3-2021.10.win32_1.0.0.202111181127/tools/bin/../lib/gcc/arm-none-eabi/10.3.1/../../../../arm-none-eabi/lib/thumb/v7e-m+fp/hard\libc_nano.a(lib_a-memset.o)
 .ARM.attributes
                0x00000000000006ef       0x34 c:/st/stm32cubeide_1.9.0/stm32cubeide/plugins/com.st.stm32cube.ide.mcu.externaltools.gnu-tools-for-stm32.10.3-2021.10.win32_1.0.0.202111181127/tools/bin/../lib/gcc/arm-none-eabi/10.3.1/../../../../arm-none-eabi/lib/thumb/v7e-m+fp/hard\libm.a(lib_a-s_floor.o)
 .ARM.attributes
                0x0000000000000723       0x34 c:/st/stm32cubeide_1.9.0/stm32cubeide/plugins/com.st.stm32cube.ide.mcu.externaltools.gnu-tools-for-stm32.10.3-2021.10.win32_1.0.0.202111181127/tools/bin/../lib/gcc/arm-none-eabi/10.3.1/../../../../arm-none-eabi/lib/thumb/v7e-m+fp/hard\libm.a(lib_a-sf_cos.o)
 .ARM.attributes
                0x0000000000000757       0x34 c:/st/stm32cubeide_1.9.0/stm32cubeide/plugins/com.st.stm32cube.ide.mcu.externaltools.gnu-tools-for-stm32.10.3-2021.10.win32_1.0.0.202111181127/tools/bin/../lib/gcc/arm-none-eabi/10.3.1/../../../../arm-none-eabi/lib/thumb/v7e-m+fp/hard\libm.a(lib_a-sf_round.o)
 .ARM.attributes
                0x000000000000078b       0x34 c:/st/stm32cubeide_1.9.0/stm32cubeide/plugins/com.st.stm32cube.ide.mcu.externaltools.gnu-tools-for-stm32.10.3-2021.10.win32_1.0.0.202111181127/tools/bin/../lib/gcc/arm-none-eabi/10.3.1/../../../../arm-none-eabi/lib/thumb/v7e-m+fp/hard\libm.a(lib_a-sf_sin.o)
 .ARM.attributes
                0x00000000000007bf       0x34 c:/st/stm32cubeide_1.9.0/stm32cubeide/plugins/com.st.stm32cube.ide.mcu.externaltools.gnu-tools-for-stm32.10.3-2021.10.win32_1.0.0.202111181127/tools/bin/../lib/gcc/arm-none-eabi/10.3.1/../../../../arm-none-eabi/lib/thumb/v7e-m+fp/hard\libm.a(lib_a-sf_tan.o)
 .ARM.attributes
                0x00000000000007f3       0x34 c:/st/stm32cubeide_1.9.0/stm32cubeide/plugins/com.st.stm32cube.ide.mcu.externaltools.gnu-tools-for-stm32.10.3-2021.10.win32_1.0.0.202111181127/tools/bin/../lib/gcc/arm-none-eabi/10.3.1/../../../../arm-none-eabi/lib/thumb/v7e-m+fp/hard\libm.a(lib_a-w_asin.o)
 .ARM.attributes
                0x0000000000000827       0x34 c:/st/stm32cubeide_1.9.0/stm32cubeide/plugins/com.st.stm32cube.ide.mcu.externaltools.gnu-tools-for-stm32.10.3-2021.10.win32_1.0.0.202111181127/tools/bin/../lib/gcc/arm-none-eabi/10.3.1/../../../../arm-none-eabi/lib/thumb/v7e-m+fp/hard\libm.a(lib_a-w_atan2.o)
 .ARM.attributes